Code: ade5040df3639ff45f1235d40401d2d413612660; gemm_sha256=11a94f0b64a8f5a1034f432eea11865c7d0fe4ef7bb53c26e35ca615be397aad
GPU: NVIDIA B300 SXM6 AC; SMs: 148; {"kind":"cuda","tag":"","keys":["cuda","gpu"],"max_num_threads":1024,"thread_warp_size":32,"arch":"sm_103a"}
Independent variants; verify all outputs before interleaved CUDA-event timing.
Verified step 10 / baseline
Verified step 10 / tmem_load_64
Verified step 10 / l2_group_4
Verified step 10 / balanced_clusters
Trial 1: step 10 / baseline: 0.142498 ms
Trial 1: step 10 / tmem_load_64: 0.142188 ms
Trial 1: step 10 / l2_group_4: 0.142646 ms
Trial 1: step 10 / balanced_clusters: 0.141517 ms
Trial 2: step 10 / baseline: 0.142285 ms
Trial 2: step 10 / balanced_clusters: 0.142030 ms
Trial 2: step 10 / l2_group_4: 0.142675 ms
Trial 2: step 10 / tmem_load_64: 0.142640 ms
Trial 3: step 10 / l2_group_4: 0.143065 ms
Trial 3: step 10 / balanced_clusters: 0.141740 ms
Trial 3: step 10 / baseline: 0.142660 ms
Trial 3: step 10 / tmem_load_64: 0.142705 ms
Trial 4: step 10 / l2_group_4: 0.142879 ms
Trial 4: step 10 / tmem_load_64: 0.142604 ms
Trial 4: step 10 / baseline: 0.142079 ms
Trial 4: step 10 / balanced_clusters: 0.141646 ms
Trial 5: step 10 / baseline: 0.142295 ms
Trial 5: step 10 / tmem_load_64: 0.142770 ms
Trial 5: step 10 / l2_group_4: 0.142150 ms
Trial 5: step 10 / balanced_clusters: 0.141255 ms
step variant         median_ms    min_ms    max_ms paired_speedup limit_ms status
  10 baseline         0.142295  0.142079  0.142660          1.000 0.139100 SLOW
  10 tmem_load_64     0.142640  0.142188  0.142770          0.998 0.139100 SLOW
  10 l2_group_4       0.142675  0.142150  0.143065          0.997 0.139100 SLOW
  10 balanced_clusters  0.141646  0.141255  0.142030          1.006 0.139100 SLOW
Saved results_b300/k128_step67.TdkZy5/probe/summary.csv; SLOW is a measured result, not a tool error.
