Code: 570b6807b7733fcb12a984cf273a8318b81acb30; gemm_sha256=20b44b79295eb45d13a97c2e0812690f2a5e20b737c76438359bbf3be782cd2c
GPU: NVIDIA B300 SXM6 AC; SMs: 148; {"kind":"cuda","tag":"","keys":["cuda","gpu"],"max_num_threads":1024,"thread_warp_size":32,"arch":"sm_103a"}
Independent variants; verify all outputs before interleaved CUDA-event timing.
Verified step 8 / baseline
Verified step 8 / cache_tmem_base
Verified step 8 / reuse_wait_64ns
Trial 1: step 8 / baseline: 0.029742 ms
Trial 1: step 8 / cache_tmem_base: 0.028836 ms
Trial 1: step 8 / reuse_wait_64ns: 0.029621 ms
Trial 2: step 8 / baseline: 0.029491 ms
Trial 2: step 8 / reuse_wait_64ns: 0.029348 ms
Trial 2: step 8 / cache_tmem_base: 0.028789 ms
Trial 3: step 8 / reuse_wait_64ns: 0.029706 ms
Trial 3: step 8 / baseline: 0.029354 ms
Trial 3: step 8 / cache_tmem_base: 0.029453 ms
Trial 4: step 8 / reuse_wait_64ns: 0.030898 ms
Trial 4: step 8 / cache_tmem_base: 0.028849 ms
Trial 4: step 8 / baseline: 0.030116 ms
Trial 5: step 8 / cache_tmem_base: 0.028897 ms
Trial 5: step 8 / reuse_wait_64ns: 0.029746 ms
Trial 5: step 8 / baseline: 0.029243 ms
step variant         median_ms    min_ms    max_ms paired_speedup limit_ms status
   8 baseline         0.029491  0.029243  0.030116          1.000 0.029900 PASS
   8 cache_tmem_base  0.028849  0.028789  0.029453          1.024 0.029900 PASS
   8 reuse_wait_64ns  0.029706  0.029348  0.030898          0.988 0.029900 PASS
Saved results_b300/profile_guided.6KUfDZ/step08/summary.csv; SLOW is a measured result, not a tool error.
