Code: adf93ebe5acc4e6b64d1c20275d995ee3cd39a3a; gemm_sha256=11a94f0b64a8f5a1034f432eea11865c7d0fe4ef7bb53c26e35ca615be397aad
GPU: NVIDIA B300 SXM6 AC; SMs: 148; {"kind":"cuda","tag":"","keys":["cuda","gpu"],"max_num_threads":1024,"thread_warp_size":32,"arch":"sm_103a"}
Independent variants; verify all outputs before interleaved CUDA-event timing.
Verified step 10 / baseline
Verified step 10 / tma_wait_64ns
Verified step 10 / specialize_mma
Verified step 10 / specialize_writeback
Trial 1: step 10 / baseline: 0.143263 ms
Trial 1: step 10 / tma_wait_64ns: 0.142692 ms
Trial 1: step 10 / specialize_mma: 0.142368 ms
Trial 1: step 10 / specialize_writeback: 0.142994 ms
Trial 2: step 10 / baseline: 0.143140 ms
Trial 2: step 10 / specialize_writeback: 0.140279 ms
Trial 2: step 10 / specialize_mma: 0.139570 ms
Trial 2: step 10 / tma_wait_64ns: 0.141940 ms
Trial 3: step 10 / specialize_mma: 0.142149 ms
Trial 3: step 10 / specialize_writeback: 0.142587 ms
Trial 3: step 10 / baseline: 0.142630 ms
Trial 3: step 10 / tma_wait_64ns: 0.142164 ms
Trial 4: step 10 / specialize_mma: 0.141881 ms
Trial 4: step 10 / tma_wait_64ns: 0.142341 ms
Trial 4: step 10 / baseline: 0.142515 ms
Trial 4: step 10 / specialize_writeback: 0.142276 ms
Trial 5: step 10 / baseline: 0.142403 ms
Trial 5: step 10 / tma_wait_64ns: 0.142759 ms
Trial 5: step 10 / specialize_mma: 0.141801 ms
Trial 5: step 10 / specialize_writeback: 0.142794 ms
step variant         median_ms    min_ms    max_ms paired_speedup limit_ms status
  10 baseline         0.142630  0.142403  0.143263          1.000 0.139100 SLOW
  10 tma_wait_64ns    0.142341  0.141940  0.142759          1.003 0.139100 SLOW
  10 specialize_mma   0.141881  0.139570  0.142368          1.004 0.139100 SLOW
  10 specialize_writeback  0.142587  0.140279  0.142994          1.002 0.139100 SLOW
Saved results_b300/step810_probe.Wl6HTg/step10/summary.csv; SLOW is a measured result, not a tool error.
