Code: 3a9d486a7c4a6718d54ecb261f486487515265d3; gemm_sha256=1a06fa5715eda5567a5635eb285480ef8c0f2dc67e85da65cf38e6fc57052f85
GPU: NVIDIA B300 SXM6 AC; SMs: 148; {"kind":"cuda","tag":"","keys":["cuda","gpu"],"max_num_threads":1024,"thread_warp_size":32,"arch":"sm_103a"}
Separate builds; each experiment records its direct comparison control. Verify all outputs before interleaved CUDA-event timing.
Verified step 9 / baseline
Verified step 9 / cluster_cache_tmem_base
Verified boundary Step 9 / cluster_cache_tmem_base / (256, 256, 64) twice (untimed)
Verified boundary Step 9 / cluster_cache_tmem_base / (4096, 3072, 64) twice (untimed)
Verified boundary Step 9 / cluster_cache_tmem_base / (4096, 3072, 192) twice (untimed)
Verified boundary Step 9 / cluster_cache_tmem_base / (4096, 3072, 256) twice (untimed)
Verified boundary Step 9 / cluster_cache_tmem_base / (4096, 3072, 320) twice (untimed)
Verified boundary Step 9 / cluster_cache_tmem_base / (2304, 2304, 320) twice (untimed)
Trial 1: step 9 / baseline: 0.907441 ms
Trial 1: step 9 / cluster_cache_tmem_base: 0.887966 ms
Trial 2: step 9 / cluster_cache_tmem_base: 0.888798 ms
Trial 2: step 9 / baseline: 0.906532 ms
Trial 3: step 9 / baseline: 0.906163 ms
Trial 3: step 9 / cluster_cache_tmem_base: 0.894417 ms
Trial 4: step 9 / cluster_cache_tmem_base: 0.895060 ms
Trial 4: step 9 / baseline: 0.912429 ms
Trial 5: step 9 / baseline: 0.914103 ms
Trial 5: step 9 / cluster_cache_tmem_base: 0.895655 ms
Trial 6: step 9 / cluster_cache_tmem_base: 0.895502 ms
Trial 6: step 9 / baseline: 0.913406 ms
Trial 7: step 9 / baseline: 0.912607 ms
Trial 7: step 9 / cluster_cache_tmem_base: 0.895279 ms
step variant         median_ms    min_ms    max_ms paired_speedup vs_cache control                   vs_control limit_ms status
   9 baseline         0.912429  0.906163  0.914103          1.000      n/a baseline                       1.000 1.024400 PASS
   9 cluster_cache_tmem_base  0.895060  0.887966  0.895655          1.020      n/a baseline                       1.020 1.024400 PASS
Saved results_b300/step9_cache.BBJEQB/step9_8192/summary.csv; SLOW is a measured result, not a tool error.
