Code: a7b18d8e34e4405205e985e4e0080764e236aa82; gemm_sha256=36537ab6799ed82578289c84d68fb14cbe8c985421449365e60f91256c9fc994
GPU: NVIDIA B300 SXM6 AC; SMs: 148; {"kind":"cuda","tag":"","keys":["cuda","gpu"],"max_num_threads":1024,"thread_warp_size":32,"arch":"sm_103a"}
Separate builds; cache_* combinations use cache_tmem_base as control. Verify all outputs before interleaved CUDA-event timing.
Verified step 10 / baseline
Verified step 10 / cache_tmem_base
Verified step 10 / cache_unroll_ring
Verified step 10 / cache_mma_no_unroll
Verified step 10 / cache_balanced_clusters
Trial 1: step 10 / baseline: 0.143387 ms
Trial 1: step 10 / cache_tmem_base: 0.141383 ms
Trial 1: step 10 / cache_unroll_ring: 0.141568 ms
Trial 1: step 10 / cache_mma_no_unroll: 0.141770 ms
Trial 1: step 10 / cache_balanced_clusters: 0.137492 ms
Trial 2: step 10 / baseline: 0.140041 ms
Trial 2: step 10 / cache_balanced_clusters: 0.139947 ms
Trial 2: step 10 / cache_mma_no_unroll: 0.141310 ms
Trial 2: step 10 / cache_unroll_ring: 0.140916 ms
Trial 2: step 10 / cache_tmem_base: 0.140740 ms
Trial 3: step 10 / cache_unroll_ring: 0.141394 ms
Trial 3: step 10 / cache_mma_no_unroll: 0.140930 ms
Trial 3: step 10 / cache_balanced_clusters: 0.139285 ms
Trial 3: step 10 / baseline: 0.142340 ms
Trial 3: step 10 / cache_tmem_base: 0.141038 ms
Trial 4: step 10 / cache_unroll_ring: 0.141025 ms
Trial 4: step 10 / cache_tmem_base: 0.140673 ms
Trial 4: step 10 / baseline: 0.142347 ms
Trial 4: step 10 / cache_balanced_clusters: 0.139991 ms
Trial 4: step 10 / cache_mma_no_unroll: 0.140765 ms
Trial 5: step 10 / cache_balanced_clusters: 0.140229 ms
Trial 5: step 10 / baseline: 0.142371 ms
Trial 5: step 10 / cache_tmem_base: 0.140948 ms
Trial 5: step 10 / cache_unroll_ring: 0.141274 ms
Trial 5: step 10 / cache_mma_no_unroll: 0.140870 ms
step variant         median_ms    min_ms    max_ms paired_speedup vs_cache limit_ms status
  10 baseline         0.142347  0.140041  0.143387          1.000    0.990 0.139100 SLOW
  10 cache_tmem_base  0.140948  0.140673  0.141383          1.010    1.000 0.139100 SLOW
  10 cache_unroll_ring  0.141274  0.140916  0.141568          1.008    0.998 0.139100 SLOW
  10 cache_mma_no_unroll  0.140930  0.140765  0.141770          1.011    0.999 0.139100 SLOW
  10 cache_balanced_clusters  0.139947  0.137492  0.140229          1.017    1.006 0.139100 SLOW
Saved results_b300/cache_step8_step10.FwqbDd/step10/summary.csv; SLOW is a measured result, not a tool error.
