Code: bcd22145d87a37863f71ff6af1e7c69b7832b5b5; gemm_sha256=3dfec9f00bda86d46f1664ca17ffe7af5f6095e78884cdc54bec956990c7bcf7
GPU: NVIDIA B300 SXM6 AC; SMs: 148; {"kind":"cuda","tag":"","keys":["cuda","gpu"],"max_num_threads":1024,"thread_warp_size":32,"arch":"sm_103a"}
Separate builds; each experiment records its direct comparison control. Verify all outputs before interleaved CUDA-event timing.
Verified step 10 / baseline
Verified step 10 / n_tile_128
Verified step 10 / n128_epi32
Verified step 10 / n128_epi32_depth5
Verified boundary Step 10 / n_tile_128 / (4096, 3072, 64) twice (untimed)
Verified boundary Step 10 / n_tile_128 / (4096, 3072, 320) twice (untimed)
Verified boundary Step 10 / n_tile_128 / (4096, 3072, 384) twice (untimed)
Verified boundary Step 10 / n128_epi32 / (4096, 3072, 64) twice (untimed)
Verified boundary Step 10 / n128_epi32 / (4096, 3072, 320) twice (untimed)
Verified boundary Step 10 / n128_epi32 / (4096, 3072, 384) twice (untimed)
Verified boundary Step 10 / n128_epi32_depth5 / (4096, 3072, 64) twice (untimed)
Verified boundary Step 10 / n128_epi32_depth5 / (4096, 3072, 320) twice (untimed)
Verified boundary Step 10 / n128_epi32_depth5 / (4096, 3072, 384) twice (untimed)
Trial 1: step 10 / baseline: 0.139395 ms
Trial 1: step 10 / n_tile_128: 0.141091 ms
Trial 1: step 10 / n128_epi32: 0.138526 ms
Trial 1: step 10 / n128_epi32_depth5: 0.138684 ms
Trial 2: step 10 / baseline: 0.138091 ms
Trial 2: step 10 / n128_epi32_depth5: 0.138816 ms
Trial 2: step 10 / n128_epi32: 0.138884 ms
Trial 2: step 10 / n_tile_128: 0.140892 ms
Trial 3: step 10 / n128_epi32: 0.139219 ms
Trial 3: step 10 / n128_epi32_depth5: 0.137092 ms
Trial 3: step 10 / baseline: 0.137621 ms
Trial 3: step 10 / n_tile_128: 0.140041 ms
Trial 4: step 10 / n128_epi32: 0.139025 ms
Trial 4: step 10 / n_tile_128: 0.140348 ms
Trial 4: step 10 / baseline: 0.138384 ms
Trial 4: step 10 / n128_epi32_depth5: 0.138657 ms
Trial 5: step 10 / baseline: 0.138363 ms
Trial 5: step 10 / n_tile_128: 0.140717 ms
Trial 5: step 10 / n128_epi32: 0.138723 ms
Trial 5: step 10 / n128_epi32_depth5: 0.138220 ms
step variant         median_ms    min_ms    max_ms paired_speedup vs_cache control                   vs_control limit_ms status
  10 baseline         0.138363  0.137621  0.139395          1.000      n/a baseline                       1.000 0.139100 PASS
  10 n_tile_128       0.140717  0.140041  0.141091          0.983      n/a baseline                       0.983 0.139100 SLOW
  10 n128_epi32       0.138884  0.138526  0.139219          0.995      n/a n_tile_128                     1.014 0.139100 PASS
  10 n128_epi32_depth5  0.138657  0.137092  0.138816          1.001      n/a n128_epi32                     1.003 0.139100 PASS
Saved results_b300/step10_n128.eVKFm2/step10/summary.csv; SLOW is a measured result, not a tool error.
