[2026-09-14T06:26:36.644+00:00] Code: 01a2248c0e2e2862c82ff405bd7d032072e8548a; gemm_sha256=5515a04dfc3018bff2fe06e7f1f00681db4ee4ce8b376f4098f2348d85989b6c
[2026-09-14T06:26:36.644+00:00] GPU: NVIDIA B300 SXM6 AC; SMs: 148; {"kind":"cuda","tag":"","keys":["cuda","gpu"],"max_num_threads":1024,"thread_warp_size":32,"arch":"sm_103a"}
[2026-09-14T06:26:36.644+00:00] Separate builds; each experiment records its direct comparison control. Verify all outputs before interleaved CUDA-event timing.
[2026-09-14T06:26:38.686+00:00] Verified step 10 / baseline
[2026-09-14T06:26:40.024+00:00] Verified step 10 / tmem_input_depth5
[2026-09-14T06:26:41.128+00:00] Verified step 10 / tmem_share_a_depth5
[2026-09-14T06:26:42.237+00:00] Verified step 10 / tmem_share_a_depth6
[2026-09-14T06:26:43.166+00:00] Verified boundary Step 10 / tmem_input_depth5 / (4096, 3072, 64) twice (untimed)
[2026-09-14T06:26:44.110+00:00] Verified boundary Step 10 / tmem_input_depth5 / (4096, 3072, 128) twice (untimed)
[2026-09-14T06:26:45.043+00:00] Verified boundary Step 10 / tmem_input_depth5 / (4096, 3072, 192) twice (untimed)
[2026-09-14T06:26:45.997+00:00] Verified boundary Step 10 / tmem_input_depth5 / (4096, 3072, 256) twice (untimed)
[2026-09-14T06:26:46.937+00:00] Verified boundary Step 10 / tmem_input_depth5 / (4096, 3072, 320) twice (untimed)
[2026-09-14T06:26:47.872+00:00] Verified boundary Step 10 / tmem_input_depth5 / (4096, 3072, 384) twice (untimed)
[2026-09-14T06:26:48.802+00:00] Verified boundary Step 10 / tmem_share_a_depth5 / (4096, 3072, 64) twice (untimed)
[2026-09-14T06:26:49.917+00:00] Verified boundary Step 10 / tmem_share_a_depth5 / (4096, 3072, 320) twice (untimed)
[2026-09-14T06:26:50.853+00:00] Verified boundary Step 10 / tmem_share_a_depth5 / (4096, 3072, 384) twice (untimed)
[2026-09-14T06:26:51.785+00:00] Verified boundary Step 10 / tmem_share_a_depth5 / (4096, 3072, 448) twice (untimed)
[2026-09-14T06:26:52.684+00:00] Verified boundary Step 10 / tmem_share_a_depth5 / (1536, 5376, 320) twice (untimed)
[2026-09-14T06:26:53.607+00:00] Verified boundary Step 10 / tmem_share_a_depth6 / (4096, 3072, 64) twice (untimed)
[2026-09-14T06:26:54.565+00:00] Verified boundary Step 10 / tmem_share_a_depth6 / (4096, 3072, 320) twice (untimed)
[2026-09-14T06:26:55.497+00:00] Verified boundary Step 10 / tmem_share_a_depth6 / (4096, 3072, 384) twice (untimed)
[2026-09-14T06:26:56.433+00:00] Verified boundary Step 10 / tmem_share_a_depth6 / (4096, 3072, 448) twice (untimed)
[2026-09-14T06:26:57.337+00:00] Verified boundary Step 10 / tmem_share_a_depth6 / (1536, 5376, 320) twice (untimed)
[2026-09-14T06:26:57.342+00:00] Trial 1: step 10 / baseline: 0.094288 ms
[2026-09-14T06:26:57.345+00:00] Trial 1: step 10 / tmem_input_depth5: 0.092450 ms
[2026-09-14T06:26:57.349+00:00] Trial 1: step 10 / tmem_share_a_depth5: 0.092092 ms
[2026-09-14T06:26:57.354+00:00] Trial 1: step 10 / tmem_share_a_depth6: 0.092546 ms
[2026-09-14T06:26:57.358+00:00] Trial 2: step 10 / baseline: 0.094308 ms
[2026-09-14T06:26:57.362+00:00] Trial 2: step 10 / tmem_share_a_depth6: 0.092265 ms
[2026-09-14T06:26:57.366+00:00] Trial 2: step 10 / tmem_share_a_depth5: 0.091421 ms
[2026-09-14T06:26:57.370+00:00] Trial 2: step 10 / tmem_input_depth5: 0.091587 ms
[2026-09-14T06:26:57.374+00:00] Trial 3: step 10 / tmem_share_a_depth5: 0.091178 ms
[2026-09-14T06:26:57.378+00:00] Trial 3: step 10 / tmem_share_a_depth6: 0.091584 ms
[2026-09-14T06:26:57.383+00:00] Trial 3: step 10 / baseline: 0.106370 ms
[2026-09-14T06:26:57.388+00:00] Trial 3: step 10 / tmem_input_depth5: 0.108723 ms
[2026-09-14T06:26:57.393+00:00] Trial 4: step 10 / tmem_share_a_depth5: 0.111588 ms
[2026-09-14T06:26:57.398+00:00] Trial 4: step 10 / tmem_input_depth5: 0.112034 ms
[2026-09-14T06:26:57.402+00:00] Trial 4: step 10 / baseline: 0.111577 ms
[2026-09-14T06:26:57.407+00:00] Trial 4: step 10 / tmem_share_a_depth6: 0.111666 ms
[2026-09-14T06:26:57.412+00:00] Trial 5: step 10 / baseline: 0.111989 ms
[2026-09-14T06:26:57.417+00:00] Trial 5: step 10 / tmem_input_depth5: 0.112971 ms
[2026-09-14T06:26:57.422+00:00] Trial 5: step 10 / tmem_share_a_depth5: 0.114945 ms
[2026-09-14T06:26:57.427+00:00] Trial 5: step 10 / tmem_share_a_depth6: 0.114852 ms
[2026-09-14T06:26:57.433+00:00] Trial 6: step 10 / baseline: 0.115821 ms
[2026-09-14T06:26:57.438+00:00] Trial 6: step 10 / tmem_share_a_depth6: 0.114978 ms
[2026-09-14T06:26:57.443+00:00] Trial 6: step 10 / tmem_share_a_depth5: 0.115003 ms
[2026-09-14T06:26:57.448+00:00] Trial 6: step 10 / tmem_input_depth5: 0.115266 ms
[2026-09-14T06:26:57.453+00:00] Trial 7: step 10 / tmem_share_a_depth5: 0.115194 ms
[2026-09-14T06:26:57.458+00:00] Trial 7: step 10 / tmem_share_a_depth6: 0.114926 ms
[2026-09-14T06:26:57.463+00:00] Trial 7: step 10 / baseline: 0.115757 ms
[2026-09-14T06:26:57.468+00:00] Trial 7: step 10 / tmem_input_depth5: 0.115389 ms
[2026-09-14T06:26:57.473+00:00] Trial 8: step 10 / tmem_share_a_depth5: 0.114750 ms
[2026-09-14T06:26:57.478+00:00] Trial 8: step 10 / tmem_input_depth5: 0.114433 ms
[2026-09-14T06:26:57.483+00:00] Trial 8: step 10 / baseline: 0.114032 ms
[2026-09-14T06:26:57.488+00:00] Trial 8: step 10 / tmem_share_a_depth6: 0.111164 ms
[2026-09-14T06:26:57.493+00:00] Trial 9: step 10 / baseline: 0.111899 ms
[2026-09-14T06:26:57.498+00:00] Trial 9: step 10 / tmem_input_depth5: 0.112048 ms
[2026-09-14T06:26:57.503+00:00] Trial 9: step 10 / tmem_share_a_depth5: 0.111165 ms
[2026-09-14T06:26:57.508+00:00] Trial 9: step 10 / tmem_share_a_depth6: 0.111442 ms
[2026-09-14T06:26:57.513+00:00] Trial 10: step 10 / baseline: 0.111578 ms
[2026-09-14T06:26:57.518+00:00] Trial 10: step 10 / tmem_share_a_depth6: 0.111626 ms
[2026-09-14T06:26:57.523+00:00] Trial 10: step 10 / tmem_share_a_depth5: 0.110690 ms
[2026-09-14T06:26:57.528+00:00] Trial 10: step 10 / tmem_input_depth5: 0.111365 ms
[2026-09-14T06:26:57.533+00:00] Trial 11: step 10 / tmem_share_a_depth5: 0.111146 ms
[2026-09-14T06:26:57.538+00:00] Trial 11: step 10 / tmem_share_a_depth6: 0.112919 ms
[2026-09-14T06:26:57.543+00:00] Trial 11: step 10 / baseline: 0.115410 ms
[2026-09-14T06:26:57.548+00:00] Trial 11: step 10 / tmem_input_depth5: 0.115303 ms
[2026-09-14T06:26:57.553+00:00] Trial 12: step 10 / tmem_share_a_depth5: 0.114949 ms
[2026-09-14T06:26:57.558+00:00] Trial 12: step 10 / tmem_input_depth5: 0.115597 ms
[2026-09-14T06:26:57.563+00:00] Trial 12: step 10 / baseline: 0.115394 ms
[2026-09-14T06:26:57.568+00:00] Trial 12: step 10 / tmem_share_a_depth6: 0.115178 ms
[2026-09-14T06:26:57.573+00:00] Trial 13: step 10 / baseline: 0.115335 ms
[2026-09-14T06:26:57.578+00:00] Trial 13: step 10 / tmem_input_depth5: 0.115387 ms
[2026-09-14T06:26:57.583+00:00] Trial 13: step 10 / tmem_share_a_depth5: 0.115033 ms
[2026-09-14T06:26:57.588+00:00] Trial 13: step 10 / tmem_share_a_depth6: 0.114201 ms
[2026-09-14T06:26:57.594+00:00] Trial 14: step 10 / baseline: 0.111460 ms
[2026-09-14T06:26:57.598+00:00] Trial 14: step 10 / tmem_share_a_depth6: 0.111386 ms
[2026-09-14T06:26:57.603+00:00] Trial 14: step 10 / tmem_share_a_depth5: 0.110682 ms
[2026-09-14T06:26:57.608+00:00] Trial 14: step 10 / tmem_input_depth5: 0.111693 ms
[2026-09-14T06:26:57.613+00:00] Trial 15: step 10 / tmem_share_a_depth5: 0.110592 ms
[2026-09-14T06:26:57.618+00:00] Trial 15: step 10 / tmem_share_a_depth6: 0.111157 ms
[2026-09-14T06:26:57.623+00:00] Trial 15: step 10 / baseline: 0.111997 ms
[2026-09-14T06:26:57.628+00:00] Trial 15: step 10 / tmem_input_depth5: 0.111399 ms
[2026-09-14T06:26:57.633+00:00] Trial 16: step 10 / tmem_share_a_depth5: 0.111317 ms
[2026-09-14T06:26:57.638+00:00] Trial 16: step 10 / tmem_input_depth5: 0.111643 ms
[2026-09-14T06:26:57.643+00:00] Trial 16: step 10 / baseline: 0.111827 ms
[2026-09-14T06:26:57.648+00:00] Trial 16: step 10 / tmem_share_a_depth6: 0.111313 ms
[2026-09-14T06:26:57.653+00:00] Trial 17: step 10 / baseline: 0.111420 ms
[2026-09-14T06:26:57.658+00:00] Trial 17: step 10 / tmem_input_depth5: 0.111577 ms
[2026-09-14T06:26:57.663+00:00] Trial 17: step 10 / tmem_share_a_depth5: 0.111289 ms
[2026-09-14T06:26:57.667+00:00] Trial 17: step 10 / tmem_share_a_depth6: 0.111233 ms
[2026-09-14T06:26:57.672+00:00] Trial 18: step 10 / baseline: 0.111929 ms
[2026-09-14T06:26:57.677+00:00] Trial 18: step 10 / tmem_share_a_depth6: 0.111516 ms
[2026-09-14T06:26:57.682+00:00] Trial 18: step 10 / tmem_share_a_depth5: 0.111305 ms
[2026-09-14T06:26:57.687+00:00] Trial 18: step 10 / tmem_input_depth5: 0.111648 ms
[2026-09-14T06:26:57.692+00:00] Trial 19: step 10 / tmem_share_a_depth5: 0.111666 ms
[2026-09-14T06:26:57.697+00:00] Trial 19: step 10 / tmem_share_a_depth6: 0.111258 ms
[2026-09-14T06:26:57.702+00:00] Trial 19: step 10 / baseline: 0.111683 ms
[2026-09-14T06:26:57.707+00:00] Trial 19: step 10 / tmem_input_depth5: 0.111812 ms
[2026-09-14T06:26:57.712+00:00] Trial 20: step 10 / tmem_share_a_depth5: 0.114868 ms
[2026-09-14T06:26:57.717+00:00] Trial 20: step 10 / tmem_input_depth5: 0.115207 ms
[2026-09-14T06:26:57.722+00:00] Trial 20: step 10 / baseline: 0.115402 ms
[2026-09-14T06:26:57.727+00:00] Trial 20: step 10 / tmem_share_a_depth6: 0.114988 ms
[2026-09-14T06:26:57.733+00:00] Trial 21: step 10 / baseline: 0.115389 ms
[2026-09-14T06:26:57.738+00:00] Trial 21: step 10 / tmem_input_depth5: 0.115444 ms
[2026-09-14T06:26:57.743+00:00] Trial 21: step 10 / tmem_share_a_depth5: 0.115071 ms
[2026-09-14T06:26:57.748+00:00] Trial 21: step 10 / tmem_share_a_depth6: 0.114922 ms
[2026-09-14T06:26:57.753+00:00] Trial 22: step 10 / baseline: 0.115906 ms
[2026-09-14T06:26:57.758+00:00] Trial 22: step 10 / tmem_share_a_depth6: 0.115070 ms
[2026-09-14T06:26:57.763+00:00] Trial 22: step 10 / tmem_share_a_depth5: 0.115250 ms
[2026-09-14T06:26:57.768+00:00] Trial 22: step 10 / tmem_input_depth5: 0.115376 ms
[2026-09-14T06:26:57.773+00:00] Trial 23: step 10 / tmem_share_a_depth5: 0.115344 ms
[2026-09-14T06:26:57.778+00:00] Trial 23: step 10 / tmem_share_a_depth6: 0.115276 ms
[2026-09-14T06:26:57.784+00:00] Trial 23: step 10 / baseline: 0.115878 ms
[2026-09-14T06:26:57.789+00:00] Trial 23: step 10 / tmem_input_depth5: 0.115548 ms
[2026-09-14T06:26:57.794+00:00] Trial 24: step 10 / tmem_share_a_depth5: 0.115504 ms
[2026-09-14T06:26:57.799+00:00] Trial 24: step 10 / tmem_input_depth5: 0.115484 ms
[2026-09-14T06:26:57.804+00:00] Trial 24: step 10 / baseline: 0.115462 ms
[2026-09-14T06:26:57.809+00:00] Trial 24: step 10 / tmem_share_a_depth6: 0.114812 ms
[2026-09-14T06:26:57.814+00:00] Trial 25: step 10 / baseline: 0.115773 ms
[2026-09-14T06:26:57.819+00:00] Trial 25: step 10 / tmem_input_depth5: 0.115403 ms
[2026-09-14T06:26:57.825+00:00] Trial 25: step 10 / tmem_share_a_depth5: 0.115070 ms
[2026-09-14T06:26:57.830+00:00] Trial 25: step 10 / tmem_share_a_depth6: 0.114855 ms
[2026-09-14T06:26:57.835+00:00] Trial 26: step 10 / baseline: 0.115252 ms
[2026-09-14T06:26:57.840+00:00] Trial 26: step 10 / tmem_share_a_depth6: 0.115099 ms
[2026-09-14T06:26:57.845+00:00] Trial 26: step 10 / tmem_share_a_depth5: 0.115092 ms
[2026-09-14T06:26:57.850+00:00] Trial 26: step 10 / tmem_input_depth5: 0.115379 ms
[2026-09-14T06:26:57.855+00:00] Trial 27: step 10 / tmem_share_a_depth5: 0.114876 ms
[2026-09-14T06:26:57.861+00:00] Trial 27: step 10 / tmem_share_a_depth6: 0.115071 ms
[2026-09-14T06:26:57.865+00:00] Trial 27: step 10 / baseline: 0.115183 ms
[2026-09-14T06:26:57.871+00:00] Trial 27: step 10 / tmem_input_depth5: 0.115515 ms
[2026-09-14T06:26:57.876+00:00] Trial 28: step 10 / tmem_share_a_depth5: 0.114928 ms
[2026-09-14T06:26:57.881+00:00] Trial 28: step 10 / tmem_input_depth5: 0.115579 ms
[2026-09-14T06:26:57.886+00:00] Trial 28: step 10 / baseline: 0.115220 ms
[2026-09-14T06:26:57.891+00:00] Trial 28: step 10 / tmem_share_a_depth6: 0.115140 ms
[2026-09-14T06:26:57.896+00:00] Trial 29: step 10 / baseline: 0.115490 ms
[2026-09-14T06:26:57.901+00:00] Trial 29: step 10 / tmem_input_depth5: 0.115397 ms
[2026-09-14T06:26:57.906+00:00] Trial 29: step 10 / tmem_share_a_depth5: 0.115263 ms
[2026-09-14T06:26:57.911+00:00] Trial 29: step 10 / tmem_share_a_depth6: 0.115215 ms
[2026-09-14T06:26:57.917+00:00] Trial 30: step 10 / baseline: 0.115411 ms
[2026-09-14T06:26:57.922+00:00] Trial 30: step 10 / tmem_share_a_depth6: 0.115134 ms
[2026-09-14T06:26:57.927+00:00] Trial 30: step 10 / tmem_share_a_depth5: 0.115364 ms
[2026-09-14T06:26:57.932+00:00] Trial 30: step 10 / tmem_input_depth5: 0.115822 ms
[2026-09-14T06:26:57.937+00:00] Trial 31: step 10 / tmem_share_a_depth5: 0.115219 ms
[2026-09-14T06:26:57.942+00:00] Trial 31: step 10 / tmem_share_a_depth6: 0.114978 ms
[2026-09-14T06:26:57.947+00:00] Trial 31: step 10 / baseline: 0.115629 ms
[2026-09-14T06:26:57.952+00:00] Trial 31: step 10 / tmem_input_depth5: 0.115504 ms
[2026-09-14T06:26:57.958+00:00] Trial 32: step 10 / tmem_share_a_depth5: 0.114848 ms
[2026-09-14T06:26:57.963+00:00] Trial 32: step 10 / tmem_input_depth5: 0.115735 ms
[2026-09-14T06:26:57.968+00:00] Trial 32: step 10 / baseline: 0.115535 ms
[2026-09-14T06:26:57.973+00:00] Trial 32: step 10 / tmem_share_a_depth6: 0.115091 ms
[2026-09-14T06:26:57.978+00:00] Trial 33: step 10 / baseline: 0.115427 ms
[2026-09-14T06:26:57.983+00:00] Trial 33: step 10 / tmem_input_depth5: 0.115699 ms
[2026-09-14T06:26:57.988+00:00] Trial 33: step 10 / tmem_share_a_depth5: 0.113570 ms
[2026-09-14T06:26:57.993+00:00] Trial 33: step 10 / tmem_share_a_depth6: 0.111636 ms
[2026-09-14T06:26:57.998+00:00] Trial 34: step 10 / baseline: 0.112227 ms
[2026-09-14T06:26:58.003+00:00] Trial 34: step 10 / tmem_share_a_depth6: 0.111418 ms
[2026-09-14T06:26:58.008+00:00] Trial 34: step 10 / tmem_share_a_depth5: 0.112812 ms
[2026-09-14T06:26:58.013+00:00] Trial 34: step 10 / tmem_input_depth5: 0.115180 ms
[2026-09-14T06:26:58.018+00:00] Trial 35: step 10 / tmem_share_a_depth5: 0.114843 ms
[2026-09-14T06:26:58.024+00:00] Trial 35: step 10 / tmem_share_a_depth6: 0.115058 ms
[2026-09-14T06:26:58.029+00:00] Trial 35: step 10 / baseline: 0.115458 ms
[2026-09-14T06:26:58.034+00:00] Trial 35: step 10 / tmem_input_depth5: 0.115729 ms
[2026-09-14T06:26:58.039+00:00] Trial 36: step 10 / tmem_share_a_depth5: 0.114816 ms
[2026-09-14T06:26:58.044+00:00] Trial 36: step 10 / tmem_input_depth5: 0.115151 ms
[2026-09-14T06:26:58.049+00:00] Trial 36: step 10 / baseline: 0.113468 ms
[2026-09-14T06:26:58.054+00:00] Trial 36: step 10 / tmem_share_a_depth6: 0.111603 ms
[2026-09-14T06:26:58.059+00:00] Trial 37: step 10 / baseline: 0.111995 ms
[2026-09-14T06:26:58.064+00:00] Trial 37: step 10 / tmem_input_depth5: 0.111392 ms
[2026-09-14T06:26:58.069+00:00] Trial 37: step 10 / tmem_share_a_depth5: 0.111571 ms
[2026-09-14T06:26:58.074+00:00] Trial 37: step 10 / tmem_share_a_depth6: 0.111389 ms
[2026-09-14T06:26:58.079+00:00] Trial 38: step 10 / baseline: 0.112353 ms
[2026-09-14T06:26:58.084+00:00] Trial 38: step 10 / tmem_share_a_depth6: 0.111377 ms
[2026-09-14T06:26:58.089+00:00] Trial 38: step 10 / tmem_share_a_depth5: 0.111460 ms
[2026-09-14T06:26:58.094+00:00] Trial 38: step 10 / tmem_input_depth5: 0.115531 ms
[2026-09-14T06:26:58.099+00:00] Trial 39: step 10 / tmem_share_a_depth5: 0.114985 ms
[2026-09-14T06:26:58.104+00:00] Trial 39: step 10 / tmem_share_a_depth6: 0.115053 ms
[2026-09-14T06:26:58.109+00:00] Trial 39: step 10 / baseline: 0.115348 ms
[2026-09-14T06:26:58.114+00:00] Trial 39: step 10 / tmem_input_depth5: 0.115586 ms
[2026-09-14T06:26:58.119+00:00] Trial 40: step 10 / tmem_share_a_depth5: 0.115009 ms
[2026-09-14T06:26:58.125+00:00] Trial 40: step 10 / tmem_input_depth5: 0.115490 ms
[2026-09-14T06:26:58.130+00:00] Trial 40: step 10 / baseline: 0.115785 ms
[2026-09-14T06:26:58.135+00:00] Trial 40: step 10 / tmem_share_a_depth6: 0.115285 ms
[2026-09-14T06:26:58.140+00:00] Trial 41: step 10 / baseline: 0.115636 ms
[2026-09-14T06:26:58.145+00:00] Trial 41: step 10 / tmem_input_depth5: 0.115530 ms
[2026-09-14T06:26:58.150+00:00] Trial 41: step 10 / tmem_share_a_depth5: 0.115260 ms
[2026-09-14T06:26:58.155+00:00] Trial 41: step 10 / tmem_share_a_depth6: 0.115191 ms
[2026-09-14T06:26:58.160+00:00] Trial 42: step 10 / baseline: 0.115481 ms
[2026-09-14T06:26:58.165+00:00] Trial 42: step 10 / tmem_share_a_depth6: 0.114941 ms
[2026-09-14T06:26:58.170+00:00] Trial 42: step 10 / tmem_share_a_depth5: 0.114834 ms
[2026-09-14T06:26:58.175+00:00] Trial 42: step 10 / tmem_input_depth5: 0.115492 ms
[2026-09-14T06:26:58.181+00:00] Trial 43: step 10 / tmem_share_a_depth5: 0.114947 ms
[2026-09-14T06:26:58.186+00:00] Trial 43: step 10 / tmem_share_a_depth6: 0.114895 ms
[2026-09-14T06:26:58.191+00:00] Trial 43: step 10 / baseline: 0.115254 ms
[2026-09-14T06:26:58.196+00:00] Trial 43: step 10 / tmem_input_depth5: 0.115263 ms
[2026-09-14T06:26:58.201+00:00] Trial 44: step 10 / tmem_share_a_depth5: 0.115166 ms
[2026-09-14T06:26:58.206+00:00] Trial 44: step 10 / tmem_input_depth5: 0.115223 ms
[2026-09-14T06:26:58.211+00:00] Trial 44: step 10 / baseline: 0.111808 ms
[2026-09-14T06:26:58.216+00:00] Trial 44: step 10 / tmem_share_a_depth6: 0.111561 ms
[2026-09-14T06:26:58.221+00:00] Trial 45: step 10 / baseline: 0.112048 ms
[2026-09-14T06:26:58.226+00:00] Trial 45: step 10 / tmem_input_depth5: 0.111785 ms
[2026-09-14T06:26:58.231+00:00] Trial 45: step 10 / tmem_share_a_depth5: 0.111116 ms
[2026-09-14T06:26:58.236+00:00] Trial 45: step 10 / tmem_share_a_depth6: 0.111137 ms
[2026-09-14T06:26:58.241+00:00] Trial 46: step 10 / baseline: 0.115327 ms
[2026-09-14T06:26:58.246+00:00] Trial 46: step 10 / tmem_share_a_depth6: 0.115097 ms
[2026-09-14T06:26:58.251+00:00] Trial 46: step 10 / tmem_share_a_depth5: 0.114853 ms
[2026-09-14T06:26:58.256+00:00] Trial 46: step 10 / tmem_input_depth5: 0.115194 ms
[2026-09-14T06:26:58.262+00:00] Trial 47: step 10 / tmem_share_a_depth5: 0.115017 ms
[2026-09-14T06:26:58.267+00:00] Trial 47: step 10 / tmem_share_a_depth6: 0.114982 ms
[2026-09-14T06:26:58.272+00:00] Trial 47: step 10 / baseline: 0.115497 ms
[2026-09-14T06:26:58.277+00:00] Trial 47: step 10 / tmem_input_depth5: 0.115550 ms
[2026-09-14T06:26:58.284+00:00] Trial 48: step 10 / tmem_share_a_depth5: 0.115282 ms
[2026-09-14T06:26:58.287+00:00] Trial 48: step 10 / tmem_input_depth5: 0.115409 ms
[2026-09-14T06:26:58.292+00:00] Trial 48: step 10 / baseline: 0.115523 ms
[2026-09-14T06:26:58.297+00:00] Trial 48: step 10 / tmem_share_a_depth6: 0.114949 ms
[2026-09-14T06:26:58.303+00:00] Trial 49: step 10 / baseline: 0.115472 ms
[2026-09-14T06:26:58.308+00:00] Trial 49: step 10 / tmem_input_depth5: 0.113956 ms
[2026-09-14T06:26:58.313+00:00] Trial 49: step 10 / tmem_share_a_depth5: 0.111111 ms
[2026-09-14T06:26:58.318+00:00] Trial 49: step 10 / tmem_share_a_depth6: 0.111545 ms
[2026-09-14T06:26:58.323+00:00] Trial 50: step 10 / baseline: 0.111430 ms
[2026-09-14T06:26:58.328+00:00] Trial 50: step 10 / tmem_share_a_depth6: 0.111446 ms
[2026-09-14T06:26:58.332+00:00] Trial 50: step 10 / tmem_share_a_depth5: 0.111346 ms
[2026-09-14T06:26:58.337+00:00] Trial 50: step 10 / tmem_input_depth5: 0.113596 ms
[2026-09-14T06:26:58.343+00:00] Trial 51: step 10 / tmem_share_a_depth5: 0.115205 ms
[2026-09-14T06:26:58.348+00:00] Trial 51: step 10 / tmem_share_a_depth6: 0.115050 ms
[2026-09-14T06:26:58.353+00:00] Trial 51: step 10 / baseline: 0.115283 ms
[2026-09-14T06:26:58.358+00:00] Trial 51: step 10 / tmem_input_depth5: 0.115178 ms
[2026-09-14T06:26:58.363+00:00] Trial 52: step 10 / tmem_share_a_depth5: 0.115069 ms
[2026-09-14T06:26:58.368+00:00] Trial 52: step 10 / tmem_input_depth5: 0.115394 ms
[2026-09-14T06:26:58.373+00:00] Trial 52: step 10 / baseline: 0.115475 ms
[2026-09-14T06:26:58.378+00:00] Trial 52: step 10 / tmem_share_a_depth6: 0.115119 ms
[2026-09-14T06:26:58.384+00:00] Trial 53: step 10 / baseline: 0.115163 ms
[2026-09-14T06:26:58.389+00:00] Trial 53: step 10 / tmem_input_depth5: 0.113555 ms
[2026-09-14T06:26:58.394+00:00] Trial 53: step 10 / tmem_share_a_depth5: 0.111319 ms
[2026-09-14T06:26:58.399+00:00] Trial 53: step 10 / tmem_share_a_depth6: 0.111278 ms
[2026-09-14T06:26:58.404+00:00] Trial 54: step 10 / baseline: 0.112194 ms
[2026-09-14T06:26:58.409+00:00] Trial 54: step 10 / tmem_share_a_depth6: 0.113632 ms
[2026-09-14T06:26:58.414+00:00] Trial 54: step 10 / tmem_share_a_depth5: 0.115130 ms
[2026-09-14T06:26:58.419+00:00] Trial 54: step 10 / tmem_input_depth5: 0.115185 ms
[2026-09-14T06:26:58.424+00:00] Trial 55: step 10 / tmem_share_a_depth5: 0.115075 ms
[2026-09-14T06:26:58.429+00:00] Trial 55: step 10 / tmem_share_a_depth6: 0.112452 ms
[2026-09-14T06:26:58.434+00:00] Trial 55: step 10 / baseline: 0.111925 ms
[2026-09-14T06:26:58.439+00:00] Trial 55: step 10 / tmem_input_depth5: 0.111710 ms
[2026-09-14T06:26:58.444+00:00] Trial 56: step 10 / tmem_share_a_depth5: 0.111178 ms
[2026-09-14T06:26:58.449+00:00] Trial 56: step 10 / tmem_input_depth5: 0.111809 ms
[2026-09-14T06:26:58.454+00:00] Trial 56: step 10 / baseline: 0.112041 ms
[2026-09-14T06:26:58.459+00:00] Trial 56: step 10 / tmem_share_a_depth6: 0.112550 ms
[2026-09-14T06:26:58.464+00:00] Trial 57: step 10 / baseline: 0.115669 ms
[2026-09-14T06:26:58.469+00:00] Trial 57: step 10 / tmem_input_depth5: 0.115857 ms
[2026-09-14T06:26:58.474+00:00] Trial 57: step 10 / tmem_share_a_depth5: 0.115162 ms
[2026-09-14T06:26:58.480+00:00] Trial 57: step 10 / tmem_share_a_depth6: 0.115331 ms
[2026-09-14T06:26:58.485+00:00] Trial 58: step 10 / baseline: 0.115629 ms
[2026-09-14T06:26:58.490+00:00] Trial 58: step 10 / tmem_share_a_depth6: 0.114909 ms
[2026-09-14T06:26:58.495+00:00] Trial 58: step 10 / tmem_share_a_depth5: 0.114866 ms
[2026-09-14T06:26:58.500+00:00] Trial 58: step 10 / tmem_input_depth5: 0.115389 ms
[2026-09-14T06:26:58.506+00:00] Trial 59: step 10 / tmem_share_a_depth5: 0.115163 ms
[2026-09-14T06:26:58.511+00:00] Trial 59: step 10 / tmem_share_a_depth6: 0.114914 ms
[2026-09-14T06:26:58.516+00:00] Trial 59: step 10 / baseline: 0.115488 ms
[2026-09-14T06:26:58.521+00:00] Trial 59: step 10 / tmem_input_depth5: 0.115488 ms
[2026-09-14T06:26:58.526+00:00] Trial 60: step 10 / tmem_share_a_depth5: 0.114974 ms
[2026-09-14T06:26:58.531+00:00] Trial 60: step 10 / tmem_input_depth5: 0.115454 ms
[2026-09-14T06:26:58.536+00:00] Trial 60: step 10 / baseline: 0.115473 ms
[2026-09-14T06:26:58.541+00:00] Trial 60: step 10 / tmem_share_a_depth6: 0.114830 ms
[2026-09-14T06:26:58.547+00:00] Trial 61: step 10 / baseline: 0.115298 ms
[2026-09-14T06:26:58.554+00:00] Trial 61: step 10 / tmem_input_depth5: 0.115539 ms
[2026-09-14T06:26:58.557+00:00] Trial 61: step 10 / tmem_share_a_depth5: 0.114827 ms
[2026-09-14T06:26:58.562+00:00] Trial 61: step 10 / tmem_share_a_depth6: 0.115024 ms
[2026-09-14T06:26:58.567+00:00] Trial 62: step 10 / baseline: 0.115270 ms
[2026-09-14T06:26:58.573+00:00] Trial 62: step 10 / tmem_share_a_depth6: 0.115180 ms
[2026-09-14T06:26:58.578+00:00] Trial 62: step 10 / tmem_share_a_depth5: 0.115164 ms
[2026-09-14T06:26:58.583+00:00] Trial 62: step 10 / tmem_input_depth5: 0.115431 ms
[2026-09-14T06:26:58.588+00:00] Trial 63: step 10 / tmem_share_a_depth5: 0.114814 ms
[2026-09-14T06:26:58.593+00:00] Trial 63: step 10 / tmem_share_a_depth6: 0.115211 ms
[2026-09-14T06:26:58.598+00:00] Trial 63: step 10 / baseline: 0.112998 ms
[2026-09-14T06:26:58.603+00:00] Trial 63: step 10 / tmem_input_depth5: 0.111938 ms
[2026-09-14T06:26:58.608+00:00] Trial 64: step 10 / tmem_share_a_depth5: 0.111425 ms
[2026-09-14T06:26:58.613+00:00] Trial 64: step 10 / tmem_input_depth5: 0.111916 ms
[2026-09-14T06:26:58.618+00:00] Trial 64: step 10 / baseline: 0.112413 ms
[2026-09-14T06:26:58.623+00:00] Trial 64: step 10 / tmem_share_a_depth6: 0.111355 ms
[2026-09-14T06:26:58.629+00:00] Trial 65: step 10 / baseline: 0.112368 ms
[2026-09-14T06:26:58.634+00:00] Trial 65: step 10 / tmem_input_depth5: 0.111776 ms
[2026-09-14T06:26:58.639+00:00] Trial 65: step 10 / tmem_share_a_depth5: 0.113450 ms
[2026-09-14T06:26:58.644+00:00] Trial 65: step 10 / tmem_share_a_depth6: 0.115217 ms
[2026-09-14T06:26:58.649+00:00] Trial 66: step 10 / baseline: 0.115406 ms
[2026-09-14T06:26:58.654+00:00] Trial 66: step 10 / tmem_share_a_depth6: 0.115036 ms
[2026-09-14T06:26:58.659+00:00] Trial 66: step 10 / tmem_share_a_depth5: 0.115081 ms
[2026-09-14T06:26:58.664+00:00] Trial 66: step 10 / tmem_input_depth5: 0.115677 ms
[2026-09-14T06:26:58.670+00:00] Trial 67: step 10 / tmem_share_a_depth5: 0.115042 ms
[2026-09-14T06:26:58.675+00:00] Trial 67: step 10 / tmem_share_a_depth6: 0.115324 ms
[2026-09-14T06:26:58.680+00:00] Trial 67: step 10 / baseline: 0.115730 ms
[2026-09-14T06:26:58.685+00:00] Trial 67: step 10 / tmem_input_depth5: 0.115328 ms
[2026-09-14T06:26:58.690+00:00] Trial 68: step 10 / tmem_share_a_depth5: 0.115146 ms
[2026-09-14T06:26:58.695+00:00] Trial 68: step 10 / tmem_input_depth5: 0.115166 ms
[2026-09-14T06:26:58.701+00:00] Trial 68: step 10 / baseline: 0.115530 ms
[2026-09-14T06:26:58.706+00:00] Trial 68: step 10 / tmem_share_a_depth6: 0.114987 ms
[2026-09-14T06:26:58.711+00:00] Trial 69: step 10 / baseline: 0.115547 ms
[2026-09-14T06:26:58.716+00:00] Trial 69: step 10 / tmem_input_depth5: 0.115614 ms
[2026-09-14T06:26:58.721+00:00] Trial 69: step 10 / tmem_share_a_depth5: 0.115082 ms
[2026-09-14T06:26:58.726+00:00] Trial 69: step 10 / tmem_share_a_depth6: 0.115264 ms
[2026-09-14T06:26:58.731+00:00] Trial 70: step 10 / baseline: 0.111782 ms
[2026-09-14T06:26:58.736+00:00] Trial 70: step 10 / tmem_share_a_depth6: 0.111365 ms
[2026-09-14T06:26:58.741+00:00] Trial 70: step 10 / tmem_share_a_depth5: 0.111349 ms
[2026-09-14T06:26:58.746+00:00] Trial 70: step 10 / tmem_input_depth5: 0.112070 ms
[2026-09-14T06:26:58.751+00:00] Trial 71: step 10 / tmem_share_a_depth5: 0.111322 ms
[2026-09-14T06:26:58.756+00:00] Trial 71: step 10 / tmem_share_a_depth6: 0.111494 ms
[2026-09-14T06:26:58.761+00:00] Trial 71: step 10 / baseline: 0.115172 ms
[2026-09-14T06:26:58.767+00:00] Trial 71: step 10 / tmem_input_depth5: 0.115409 ms
[2026-09-14T06:26:58.772+00:00] Trial 72: step 10 / tmem_share_a_depth5: 0.115162 ms
[2026-09-14T06:26:58.777+00:00] Trial 72: step 10 / tmem_input_depth5: 0.115239 ms
[2026-09-14T06:26:58.782+00:00] Trial 72: step 10 / baseline: 0.115665 ms
[2026-09-14T06:26:58.788+00:00] Trial 72: step 10 / tmem_share_a_depth6: 0.115183 ms
[2026-09-14T06:26:58.793+00:00] Trial 73: step 10 / baseline: 0.115536 ms
[2026-09-14T06:26:58.798+00:00] Trial 73: step 10 / tmem_input_depth5: 0.115322 ms
[2026-09-14T06:26:58.803+00:00] Trial 73: step 10 / tmem_share_a_depth5: 0.115085 ms
[2026-09-14T06:26:58.808+00:00] Trial 73: step 10 / tmem_share_a_depth6: 0.115163 ms
[2026-09-14T06:26:58.813+00:00] Trial 74: step 10 / baseline: 0.115726 ms
[2026-09-14T06:26:58.818+00:00] Trial 74: step 10 / tmem_share_a_depth6: 0.114934 ms
[2026-09-14T06:26:58.823+00:00] Trial 74: step 10 / tmem_share_a_depth5: 0.115062 ms
[2026-09-14T06:26:58.828+00:00] Trial 74: step 10 / tmem_input_depth5: 0.113545 ms
[2026-09-14T06:26:58.834+00:00] Trial 75: step 10 / tmem_share_a_depth5: 0.111250 ms
[2026-09-14T06:26:58.839+00:00] Trial 75: step 10 / tmem_share_a_depth6: 0.111374 ms
[2026-09-14T06:26:58.844+00:00] Trial 75: step 10 / baseline: 0.112069 ms
[2026-09-14T06:26:58.848+00:00] Trial 75: step 10 / tmem_input_depth5: 0.111821 ms
[2026-09-14T06:26:58.854+00:00] Trial 76: step 10 / tmem_share_a_depth5: 0.111689 ms
[2026-09-14T06:26:58.859+00:00] Trial 76: step 10 / tmem_input_depth5: 0.111641 ms
[2026-09-14T06:26:58.864+00:00] Trial 76: step 10 / baseline: 0.115348 ms
[2026-09-14T06:26:58.869+00:00] Trial 76: step 10 / tmem_share_a_depth6: 0.115067 ms
[2026-09-14T06:26:58.875+00:00] Trial 77: step 10 / baseline: 0.115874 ms
[2026-09-14T06:26:58.879+00:00] Trial 77: step 10 / tmem_input_depth5: 0.115315 ms
[2026-09-14T06:26:58.884+00:00] Trial 77: step 10 / tmem_share_a_depth5: 0.114990 ms
[2026-09-14T06:26:58.889+00:00] Trial 77: step 10 / tmem_share_a_depth6: 0.115129 ms
[2026-09-14T06:26:58.895+00:00] Trial 78: step 10 / baseline: 0.115641 ms
[2026-09-14T06:26:58.900+00:00] Trial 78: step 10 / tmem_share_a_depth6: 0.115072 ms
[2026-09-14T06:26:58.905+00:00] Trial 78: step 10 / tmem_share_a_depth5: 0.115271 ms
[2026-09-14T06:26:58.910+00:00] Trial 78: step 10 / tmem_input_depth5: 0.115505 ms
[2026-09-14T06:26:58.916+00:00] Trial 79: step 10 / tmem_share_a_depth5: 0.115319 ms
[2026-09-14T06:26:58.921+00:00] Trial 79: step 10 / tmem_share_a_depth6: 0.114978 ms
[2026-09-14T06:26:58.926+00:00] Trial 79: step 10 / baseline: 0.115207 ms
[2026-09-14T06:26:58.931+00:00] Trial 79: step 10 / tmem_input_depth5: 0.115465 ms
[2026-09-14T06:26:58.936+00:00] Trial 80: step 10 / tmem_share_a_depth5: 0.115230 ms
[2026-09-14T06:26:58.941+00:00] Trial 80: step 10 / tmem_input_depth5: 0.115468 ms
[2026-09-14T06:26:58.946+00:00] Trial 80: step 10 / baseline: 0.115222 ms
[2026-09-14T06:26:58.952+00:00] Trial 80: step 10 / tmem_share_a_depth6: 0.115074 ms
[2026-09-14T06:26:58.957+00:00] Trial 81: step 10 / baseline: 0.115648 ms
[2026-09-14T06:26:58.962+00:00] Trial 81: step 10 / tmem_input_depth5: 0.115466 ms
[2026-09-14T06:26:58.967+00:00] Trial 81: step 10 / tmem_share_a_depth5: 0.115184 ms
[2026-09-14T06:26:58.972+00:00] Trial 81: step 10 / tmem_share_a_depth6: 0.111852 ms
[2026-09-14T06:26:58.977+00:00] Trial 82: step 10 / baseline: 0.112339 ms
[2026-09-14T06:26:58.982+00:00] Trial 82: step 10 / tmem_share_a_depth6: 0.111395 ms
[2026-09-14T06:26:58.987+00:00] Trial 82: step 10 / tmem_share_a_depth5: 0.111854 ms
[2026-09-14T06:26:58.992+00:00] Trial 82: step 10 / tmem_input_depth5: 0.115262 ms
[2026-09-14T06:26:58.998+00:00] Trial 83: step 10 / tmem_share_a_depth5: 0.115162 ms
[2026-09-14T06:26:59.003+00:00] Trial 83: step 10 / tmem_share_a_depth6: 0.115056 ms
[2026-09-14T06:26:59.008+00:00] Trial 83: step 10 / baseline: 0.114629 ms
[2026-09-14T06:26:59.013+00:00] Trial 83: step 10 / tmem_input_depth5: 0.112106 ms
[2026-09-14T06:26:59.018+00:00] Trial 84: step 10 / tmem_share_a_depth5: 0.111465 ms
[2026-09-14T06:26:59.023+00:00] Trial 84: step 10 / tmem_input_depth5: 0.111632 ms
[2026-09-14T06:26:59.028+00:00] Trial 84: step 10 / baseline: 0.112374 ms
[2026-09-14T06:26:59.033+00:00] Trial 84: step 10 / tmem_share_a_depth6: 0.115055 ms
[2026-09-14T06:26:59.040+00:00] Trial 85: step 10 / baseline: 0.115689 ms
[2026-09-14T06:26:59.044+00:00] Trial 85: step 10 / tmem_input_depth5: 0.115223 ms
[2026-09-14T06:26:59.048+00:00] Trial 85: step 10 / tmem_share_a_depth5: 0.112530 ms
[2026-09-14T06:26:59.053+00:00] Trial 85: step 10 / tmem_share_a_depth6: 0.111354 ms
[2026-09-14T06:26:59.059+00:00] Trial 86: step 10 / baseline: 0.112736 ms
[2026-09-14T06:26:59.064+00:00] Trial 86: step 10 / tmem_share_a_depth6: 0.111193 ms
[2026-09-14T06:26:59.069+00:00] Trial 86: step 10 / tmem_share_a_depth5: 0.111215 ms
[2026-09-14T06:26:59.073+00:00] Trial 86: step 10 / tmem_input_depth5: 0.111391 ms
[2026-09-14T06:26:59.079+00:00] Trial 87: step 10 / tmem_share_a_depth5: 0.111166 ms
[2026-09-14T06:26:59.084+00:00] Trial 87: step 10 / tmem_share_a_depth6: 0.111270 ms
[2026-09-14T06:26:59.089+00:00] Trial 87: step 10 / baseline: 0.112758 ms
[2026-09-14T06:26:59.094+00:00] Trial 87: step 10 / tmem_input_depth5: 0.115281 ms
[2026-09-14T06:26:59.099+00:00] Trial 88: step 10 / tmem_share_a_depth5: 0.114988 ms
[2026-09-14T06:26:59.104+00:00] Trial 88: step 10 / tmem_input_depth5: 0.115550 ms
[2026-09-14T06:26:59.109+00:00] Trial 88: step 10 / baseline: 0.115279 ms
[2026-09-14T06:26:59.114+00:00] Trial 88: step 10 / tmem_share_a_depth6: 0.115133 ms
[2026-09-14T06:26:59.120+00:00] Trial 89: step 10 / baseline: 0.115754 ms
[2026-09-14T06:26:59.125+00:00] Trial 89: step 10 / tmem_input_depth5: 0.115197 ms
[2026-09-14T06:26:59.130+00:00] Trial 89: step 10 / tmem_share_a_depth5: 0.115054 ms
[2026-09-14T06:26:59.135+00:00] Trial 89: step 10 / tmem_share_a_depth6: 0.115339 ms
[2026-09-14T06:26:59.141+00:00] Trial 90: step 10 / baseline: 0.115388 ms
[2026-09-14T06:26:59.146+00:00] Trial 90: step 10 / tmem_share_a_depth6: 0.115152 ms
[2026-09-14T06:26:59.151+00:00] Trial 90: step 10 / tmem_share_a_depth5: 0.115187 ms
[2026-09-14T06:26:59.156+00:00] Trial 90: step 10 / tmem_input_depth5: 0.115257 ms
[2026-09-14T06:26:59.161+00:00] Trial 91: step 10 / tmem_share_a_depth5: 0.111187 ms
[2026-09-14T06:26:59.166+00:00] Trial 91: step 10 / tmem_share_a_depth6: 0.111426 ms
[2026-09-14T06:26:59.171+00:00] Trial 91: step 10 / baseline: 0.111951 ms
[2026-09-14T06:26:59.176+00:00] Trial 91: step 10 / tmem_input_depth5: 0.112029 ms
[2026-09-14T06:26:59.181+00:00] Trial 92: step 10 / tmem_share_a_depth5: 0.111029 ms
[2026-09-14T06:26:59.186+00:00] Trial 92: step 10 / tmem_input_depth5: 0.111515 ms
[2026-09-14T06:26:59.191+00:00] Trial 92: step 10 / baseline: 0.111504 ms
[2026-09-14T06:26:59.196+00:00] Trial 92: step 10 / tmem_share_a_depth6: 0.111636 ms
[2026-09-14T06:26:59.201+00:00] Trial 93: step 10 / baseline: 0.113389 ms
[2026-09-14T06:26:59.206+00:00] Trial 93: step 10 / tmem_input_depth5: 0.113440 ms
[2026-09-14T06:26:59.211+00:00] Trial 93: step 10 / tmem_share_a_depth5: 0.111922 ms
[2026-09-14T06:26:59.216+00:00] Trial 93: step 10 / tmem_share_a_depth6: 0.112685 ms
[2026-09-14T06:26:59.222+00:00] Trial 94: step 10 / baseline: 0.113151 ms
[2026-09-14T06:26:59.227+00:00] Trial 94: step 10 / tmem_share_a_depth6: 0.112021 ms
[2026-09-14T06:26:59.231+00:00] Trial 94: step 10 / tmem_share_a_depth5: 0.112395 ms
[2026-09-14T06:26:59.236+00:00] Trial 94: step 10 / tmem_input_depth5: 0.113054 ms
[2026-09-14T06:26:59.242+00:00] Trial 95: step 10 / tmem_share_a_depth5: 0.113038 ms
[2026-09-14T06:26:59.247+00:00] Trial 95: step 10 / tmem_share_a_depth6: 0.112614 ms
[2026-09-14T06:26:59.252+00:00] Trial 95: step 10 / baseline: 0.113286 ms
[2026-09-14T06:26:59.257+00:00] Trial 95: step 10 / tmem_input_depth5: 0.113774 ms
[2026-09-14T06:26:59.262+00:00] Trial 96: step 10 / tmem_share_a_depth5: 0.112003 ms
[2026-09-14T06:26:59.267+00:00] Trial 96: step 10 / tmem_input_depth5: 0.112598 ms
[2026-09-14T06:26:59.272+00:00] Trial 96: step 10 / baseline: 0.112793 ms
[2026-09-14T06:26:59.277+00:00] Trial 96: step 10 / tmem_share_a_depth6: 0.112169 ms
[2026-09-14T06:26:59.282+00:00] Trial 97: step 10 / baseline: 0.112629 ms
[2026-09-14T06:26:59.287+00:00] Trial 97: step 10 / tmem_input_depth5: 0.112883 ms
[2026-09-14T06:26:59.292+00:00] Trial 97: step 10 / tmem_share_a_depth5: 0.111995 ms
[2026-09-14T06:26:59.298+00:00] Trial 97: step 10 / tmem_share_a_depth6: 0.112074 ms
[2026-09-14T06:26:59.303+00:00] Trial 98: step 10 / baseline: 0.112475 ms
[2026-09-14T06:26:59.308+00:00] Trial 98: step 10 / tmem_share_a_depth6: 0.111797 ms
[2026-09-14T06:26:59.312+00:00] Trial 98: step 10 / tmem_share_a_depth5: 0.111938 ms
[2026-09-14T06:26:59.317+00:00] Trial 98: step 10 / tmem_input_depth5: 0.112375 ms
[2026-09-14T06:26:59.323+00:00] Trial 99: step 10 / tmem_share_a_depth5: 0.111945 ms
[2026-09-14T06:26:59.328+00:00] Trial 99: step 10 / tmem_share_a_depth6: 0.111773 ms
[2026-09-14T06:26:59.333+00:00] Trial 99: step 10 / baseline: 0.112650 ms
[2026-09-14T06:26:59.338+00:00] Trial 99: step 10 / tmem_input_depth5: 0.112579 ms
[2026-09-14T06:26:59.343+00:00] Trial 100: step 10 / tmem_share_a_depth5: 0.111666 ms
[2026-09-14T06:26:59.348+00:00] Trial 100: step 10 / tmem_input_depth5: 0.112523 ms
[2026-09-14T06:26:59.353+00:00] Trial 100: step 10 / baseline: 0.112335 ms
[2026-09-14T06:26:59.358+00:00] Trial 100: step 10 / tmem_share_a_depth6: 0.111915 ms
[2026-09-14T06:26:59.363+00:00] Trial 101: step 10 / baseline: 0.113177 ms
[2026-09-14T06:26:59.368+00:00] Trial 101: step 10 / tmem_input_depth5: 0.112579 ms
[2026-09-14T06:26:59.373+00:00] Trial 101: step 10 / tmem_share_a_depth5: 0.111769 ms
[2026-09-14T06:26:59.378+00:00] Trial 101: step 10 / tmem_share_a_depth6: 0.112068 ms
[2026-09-14T06:26:59.383+00:00] Trial 102: step 10 / baseline: 0.112765 ms
[2026-09-14T06:26:59.388+00:00] Trial 102: step 10 / tmem_share_a_depth6: 0.112126 ms
[2026-09-14T06:26:59.394+00:00] Trial 102: step 10 / tmem_share_a_depth5: 0.112031 ms
[2026-09-14T06:26:59.399+00:00] Trial 102: step 10 / tmem_input_depth5: 0.112822 ms
[2026-09-14T06:26:59.406+00:00] Trial 103: step 10 / tmem_share_a_depth5: 0.112086 ms
[2026-09-14T06:26:59.410+00:00] Trial 103: step 10 / tmem_share_a_depth6: 0.111185 ms
[2026-09-14T06:26:59.415+00:00] Trial 103: step 10 / baseline: 0.111413 ms
[2026-09-14T06:26:59.420+00:00] Trial 103: step 10 / tmem_input_depth5: 0.111380 ms
[2026-09-14T06:26:59.426+00:00] Trial 104: step 10 / tmem_share_a_depth5: 0.111515 ms
[2026-09-14T06:26:59.431+00:00] Trial 104: step 10 / tmem_input_depth5: 0.113097 ms
[2026-09-14T06:26:59.436+00:00] Trial 104: step 10 / baseline: 0.112803 ms
[2026-09-14T06:26:59.441+00:00] Trial 104: step 10 / tmem_share_a_depth6: 0.112351 ms
[2026-09-14T06:26:59.446+00:00] Trial 105: step 10 / baseline: 0.113020 ms
[2026-09-14T06:26:59.451+00:00] Trial 105: step 10 / tmem_input_depth5: 0.112704 ms
[2026-09-14T06:26:59.456+00:00] Trial 105: step 10 / tmem_share_a_depth5: 0.111907 ms
[2026-09-14T06:26:59.461+00:00] Trial 105: step 10 / tmem_share_a_depth6: 0.112148 ms
[2026-09-14T06:26:59.467+00:00] Trial 106: step 10 / baseline: 0.113168 ms
[2026-09-14T06:26:59.472+00:00] Trial 106: step 10 / tmem_share_a_depth6: 0.112206 ms
[2026-09-14T06:26:59.477+00:00] Trial 106: step 10 / tmem_share_a_depth5: 0.111767 ms
[2026-09-14T06:26:59.482+00:00] Trial 106: step 10 / tmem_input_depth5: 0.112943 ms
[2026-09-14T06:26:59.488+00:00] Trial 107: step 10 / tmem_share_a_depth5: 0.111823 ms
[2026-09-14T06:26:59.493+00:00] Trial 107: step 10 / tmem_share_a_depth6: 0.112886 ms
[2026-09-14T06:26:59.498+00:00] Trial 107: step 10 / baseline: 0.113050 ms
[2026-09-14T06:26:59.503+00:00] Trial 107: step 10 / tmem_input_depth5: 0.112874 ms
[2026-09-14T06:26:59.508+00:00] Trial 108: step 10 / tmem_share_a_depth5: 0.112459 ms
[2026-09-14T06:26:59.513+00:00] Trial 108: step 10 / tmem_input_depth5: 0.112727 ms
[2026-09-14T06:26:59.518+00:00] Trial 108: step 10 / baseline: 0.113243 ms
[2026-09-14T06:26:59.523+00:00] Trial 108: step 10 / tmem_share_a_depth6: 0.112581 ms
[2026-09-14T06:26:59.529+00:00] Trial 109: step 10 / baseline: 0.113045 ms
[2026-09-14T06:26:59.534+00:00] Trial 109: step 10 / tmem_input_depth5: 0.112571 ms
[2026-09-14T06:26:59.538+00:00] Trial 109: step 10 / tmem_share_a_depth5: 0.111811 ms
[2026-09-14T06:26:59.543+00:00] Trial 109: step 10 / tmem_share_a_depth6: 0.112370 ms
[2026-09-14T06:26:59.549+00:00] Trial 110: step 10 / baseline: 0.112529 ms
[2026-09-14T06:26:59.554+00:00] Trial 110: step 10 / tmem_share_a_depth6: 0.112567 ms
[2026-09-14T06:26:59.559+00:00] Trial 110: step 10 / tmem_share_a_depth5: 0.112037 ms
[2026-09-14T06:26:59.564+00:00] Trial 110: step 10 / tmem_input_depth5: 0.112666 ms
[2026-09-14T06:26:59.569+00:00] Trial 111: step 10 / tmem_share_a_depth5: 0.111957 ms
[2026-09-14T06:26:59.574+00:00] Trial 111: step 10 / tmem_share_a_depth6: 0.112238 ms
[2026-09-14T06:26:59.580+00:00] Trial 111: step 10 / baseline: 0.112833 ms
[2026-09-14T06:26:59.585+00:00] Trial 111: step 10 / tmem_input_depth5: 0.113041 ms
[2026-09-14T06:26:59.591+00:00] Trial 112: step 10 / tmem_share_a_depth5: 0.112140 ms
[2026-09-14T06:26:59.596+00:00] Trial 112: step 10 / tmem_input_depth5: 0.112499 ms
[2026-09-14T06:26:59.601+00:00] Trial 112: step 10 / baseline: 0.112957 ms
[2026-09-14T06:26:59.606+00:00] Trial 112: step 10 / tmem_share_a_depth6: 0.111986 ms
[2026-09-14T06:26:59.612+00:00] Trial 113: step 10 / baseline: 0.112566 ms
[2026-09-14T06:26:59.617+00:00] Trial 113: step 10 / tmem_input_depth5: 0.113386 ms
[2026-09-14T06:26:59.622+00:00] Trial 113: step 10 / tmem_share_a_depth5: 0.111805 ms
[2026-09-14T06:26:59.627+00:00] Trial 113: step 10 / tmem_share_a_depth6: 0.112037 ms
[2026-09-14T06:26:59.633+00:00] Trial 114: step 10 / baseline: 0.110410 ms
[2026-09-14T06:26:59.638+00:00] Trial 114: step 10 / tmem_share_a_depth6: 0.110319 ms
[2026-09-14T06:26:59.643+00:00] Trial 114: step 10 / tmem_share_a_depth5: 0.110255 ms
[2026-09-14T06:26:59.648+00:00] Trial 114: step 10 / tmem_input_depth5: 0.111066 ms
[2026-09-14T06:26:59.653+00:00] Trial 115: step 10 / tmem_share_a_depth5: 0.111845 ms
[2026-09-14T06:26:59.658+00:00] Trial 115: step 10 / tmem_share_a_depth6: 0.111982 ms
[2026-09-14T06:26:59.663+00:00] Trial 115: step 10 / baseline: 0.112399 ms
[2026-09-14T06:26:59.668+00:00] Trial 115: step 10 / tmem_input_depth5: 0.112626 ms
[2026-09-14T06:26:59.674+00:00] Trial 116: step 10 / tmem_share_a_depth5: 0.112889 ms
[2026-09-14T06:26:59.679+00:00] Trial 116: step 10 / tmem_input_depth5: 0.112891 ms
[2026-09-14T06:26:59.684+00:00] Trial 116: step 10 / baseline: 0.115826 ms
[2026-09-14T06:26:59.689+00:00] Trial 116: step 10 / tmem_share_a_depth6: 0.115034 ms
[2026-09-14T06:26:59.694+00:00] Trial 117: step 10 / baseline: 0.115212 ms
[2026-09-14T06:26:59.699+00:00] Trial 117: step 10 / tmem_input_depth5: 0.111715 ms
[2026-09-14T06:26:59.704+00:00] Trial 117: step 10 / tmem_share_a_depth5: 0.111109 ms
[2026-09-14T06:26:59.709+00:00] Trial 117: step 10 / tmem_share_a_depth6: 0.111359 ms
[2026-09-14T06:26:59.715+00:00] Trial 118: step 10 / baseline: 0.112420 ms
[2026-09-14T06:26:59.720+00:00] Trial 118: step 10 / tmem_share_a_depth6: 0.111508 ms
[2026-09-14T06:26:59.725+00:00] Trial 118: step 10 / tmem_share_a_depth5: 0.111242 ms
[2026-09-14T06:26:59.730+00:00] Trial 118: step 10 / tmem_input_depth5: 0.111827 ms
[2026-09-14T06:26:59.735+00:00] Trial 119: step 10 / tmem_share_a_depth5: 0.111294 ms
[2026-09-14T06:26:59.741+00:00] Trial 119: step 10 / tmem_share_a_depth6: 0.115130 ms
[2026-09-14T06:26:59.746+00:00] Trial 119: step 10 / baseline: 0.115230 ms
[2026-09-14T06:26:59.751+00:00] Trial 119: step 10 / tmem_input_depth5: 0.115520 ms
[2026-09-14T06:26:59.757+00:00] Trial 120: step 10 / tmem_share_a_depth5: 0.115086 ms
[2026-09-14T06:26:59.762+00:00] Trial 120: step 10 / tmem_input_depth5: 0.115599 ms
[2026-09-14T06:26:59.767+00:00] Trial 120: step 10 / baseline: 0.115257 ms
[2026-09-14T06:26:59.773+00:00] Trial 120: step 10 / tmem_share_a_depth6: 0.115002 ms
[2026-09-14T06:26:59.778+00:00] Trial 121: step 10 / baseline: 0.115546 ms
[2026-09-14T06:26:59.784+00:00] Trial 121: step 10 / tmem_input_depth5: 0.115607 ms
[2026-09-14T06:26:59.789+00:00] Trial 121: step 10 / tmem_share_a_depth5: 0.115187 ms
[2026-09-14T06:26:59.794+00:00] Trial 121: step 10 / tmem_share_a_depth6: 0.111010 ms
[2026-09-14T06:26:59.799+00:00] Trial 122: step 10 / baseline: 0.111221 ms
[2026-09-14T06:26:59.804+00:00] Trial 122: step 10 / tmem_share_a_depth6: 0.111370 ms
[2026-09-14T06:26:59.809+00:00] Trial 122: step 10 / tmem_share_a_depth5: 0.111189 ms
[2026-09-14T06:26:59.814+00:00] Trial 122: step 10 / tmem_input_depth5: 0.111693 ms
[2026-09-14T06:26:59.819+00:00] Trial 123: step 10 / tmem_share_a_depth5: 0.110959 ms
[2026-09-14T06:26:59.824+00:00] Trial 123: step 10 / tmem_share_a_depth6: 0.110923 ms
[2026-09-14T06:26:59.829+00:00] Trial 123: step 10 / baseline: 0.111643 ms
[2026-09-14T06:26:59.834+00:00] Trial 123: step 10 / tmem_input_depth5: 0.111787 ms
[2026-09-14T06:26:59.840+00:00] Trial 124: step 10 / tmem_share_a_depth5: 0.111409 ms
[2026-09-14T06:26:59.845+00:00] Trial 124: step 10 / tmem_input_depth5: 0.111794 ms
[2026-09-14T06:26:59.850+00:00] Trial 124: step 10 / baseline: 0.112006 ms
[2026-09-14T06:26:59.855+00:00] Trial 124: step 10 / tmem_share_a_depth6: 0.111447 ms
[2026-09-14T06:26:59.860+00:00] Trial 125: step 10 / baseline: 0.114661 ms
[2026-09-14T06:26:59.865+00:00] Trial 125: step 10 / tmem_input_depth5: 0.115595 ms
[2026-09-14T06:26:59.870+00:00] Trial 125: step 10 / tmem_share_a_depth5: 0.113553 ms
[2026-09-14T06:26:59.875+00:00] Trial 125: step 10 / tmem_share_a_depth6: 0.111849 ms
[2026-09-14T06:26:59.881+00:00] Trial 126: step 10 / baseline: 0.111996 ms
[2026-09-14T06:26:59.886+00:00] Trial 126: step 10 / tmem_share_a_depth6: 0.111191 ms
[2026-09-14T06:26:59.891+00:00] Trial 126: step 10 / tmem_share_a_depth5: 0.111232 ms
[2026-09-14T06:26:59.895+00:00] Trial 126: step 10 / tmem_input_depth5: 0.111953 ms
[2026-09-14T06:26:59.901+00:00] Trial 127: step 10 / tmem_share_a_depth5: 0.111410 ms
[2026-09-14T06:26:59.906+00:00] Trial 127: step 10 / tmem_share_a_depth6: 0.111247 ms
[2026-09-14T06:26:59.911+00:00] Trial 127: step 10 / baseline: 0.111884 ms
[2026-09-14T06:26:59.916+00:00] Trial 127: step 10 / tmem_input_depth5: 0.111885 ms
[2026-09-14T06:26:59.921+00:00] Trial 128: step 10 / tmem_share_a_depth5: 0.111305 ms
[2026-09-14T06:26:59.926+00:00] Trial 128: step 10 / tmem_input_depth5: 0.111770 ms
[2026-09-14T06:26:59.931+00:00] Trial 128: step 10 / baseline: 0.112148 ms
[2026-09-14T06:26:59.936+00:00] Trial 128: step 10 / tmem_share_a_depth6: 0.111410 ms
[2026-09-14T06:26:59.941+00:00] Trial 129: step 10 / baseline: 0.111882 ms
[2026-09-14T06:26:59.946+00:00] Trial 129: step 10 / tmem_input_depth5: 0.111650 ms
[2026-09-14T06:26:59.951+00:00] Trial 129: step 10 / tmem_share_a_depth5: 0.111283 ms
[2026-09-14T06:26:59.956+00:00] Trial 129: step 10 / tmem_share_a_depth6: 0.111313 ms
[2026-09-14T06:26:59.962+00:00] Trial 130: step 10 / baseline: 0.111838 ms
[2026-09-14T06:26:59.967+00:00] Trial 130: step 10 / tmem_share_a_depth6: 0.111411 ms
[2026-09-14T06:26:59.972+00:00] Trial 130: step 10 / tmem_share_a_depth5: 0.111302 ms
[2026-09-14T06:26:59.976+00:00] Trial 130: step 10 / tmem_input_depth5: 0.111538 ms
[2026-09-14T06:26:59.982+00:00] Trial 131: step 10 / tmem_share_a_depth5: 0.111135 ms
[2026-09-14T06:26:59.987+00:00] Trial 131: step 10 / tmem_share_a_depth6: 0.110969 ms
[2026-09-14T06:26:59.992+00:00] Trial 131: step 10 / baseline: 0.111374 ms
[2026-09-14T06:26:59.997+00:00] Trial 131: step 10 / tmem_input_depth5: 0.111251 ms
[2026-09-14T06:27:00.002+00:00] Trial 132: step 10 / tmem_share_a_depth5: 0.111088 ms
[2026-09-14T06:27:00.007+00:00] Trial 132: step 10 / tmem_input_depth5: 0.111680 ms
[2026-09-14T06:27:00.012+00:00] Trial 132: step 10 / baseline: 0.112036 ms
[2026-09-14T06:27:00.017+00:00] Trial 132: step 10 / tmem_share_a_depth6: 0.111215 ms
[2026-09-14T06:27:00.022+00:00] Trial 133: step 10 / baseline: 0.111659 ms
[2026-09-14T06:27:00.027+00:00] Trial 133: step 10 / tmem_input_depth5: 0.111345 ms
[2026-09-14T06:27:00.032+00:00] Trial 133: step 10 / tmem_share_a_depth5: 0.111313 ms
[2026-09-14T06:27:00.037+00:00] Trial 133: step 10 / tmem_share_a_depth6: 0.111157 ms
[2026-09-14T06:27:00.042+00:00] Trial 134: step 10 / baseline: 0.111685 ms
[2026-09-14T06:27:00.047+00:00] Trial 134: step 10 / tmem_share_a_depth6: 0.111202 ms
[2026-09-14T06:27:00.052+00:00] Trial 134: step 10 / tmem_share_a_depth5: 0.111247 ms
[2026-09-14T06:27:00.057+00:00] Trial 134: step 10 / tmem_input_depth5: 0.111793 ms
[2026-09-14T06:27:00.063+00:00] Trial 135: step 10 / tmem_share_a_depth5: 0.111297 ms
[2026-09-14T06:27:00.068+00:00] Trial 135: step 10 / tmem_share_a_depth6: 0.111347 ms
[2026-09-14T06:27:00.073+00:00] Trial 135: step 10 / baseline: 0.111714 ms
[2026-09-14T06:27:00.077+00:00] Trial 135: step 10 / tmem_input_depth5: 0.111487 ms
[2026-09-14T06:27:00.083+00:00] Trial 136: step 10 / tmem_share_a_depth5: 0.111019 ms
[2026-09-14T06:27:00.088+00:00] Trial 136: step 10 / tmem_input_depth5: 0.111705 ms
[2026-09-14T06:27:00.093+00:00] Trial 136: step 10 / baseline: 0.112022 ms
[2026-09-14T06:27:00.098+00:00] Trial 136: step 10 / tmem_share_a_depth6: 0.111569 ms
[2026-09-14T06:27:00.103+00:00] Trial 137: step 10 / baseline: 0.111993 ms
[2026-09-14T06:27:00.108+00:00] Trial 137: step 10 / tmem_input_depth5: 0.111913 ms
[2026-09-14T06:27:00.113+00:00] Trial 137: step 10 / tmem_share_a_depth5: 0.111100 ms
[2026-09-14T06:27:00.118+00:00] Trial 137: step 10 / tmem_share_a_depth6: 0.111425 ms
[2026-09-14T06:27:00.123+00:00] Trial 138: step 10 / baseline: 0.111933 ms
[2026-09-14T06:27:00.128+00:00] Trial 138: step 10 / tmem_share_a_depth6: 0.111474 ms
[2026-09-14T06:27:00.133+00:00] Trial 138: step 10 / tmem_share_a_depth5: 0.111501 ms
[2026-09-14T06:27:00.138+00:00] Trial 138: step 10 / tmem_input_depth5: 0.111407 ms
[2026-09-14T06:27:00.143+00:00] Trial 139: step 10 / tmem_share_a_depth5: 0.111044 ms
[2026-09-14T06:27:00.148+00:00] Trial 139: step 10 / tmem_share_a_depth6: 0.111334 ms
[2026-09-14T06:27:00.153+00:00] Trial 139: step 10 / baseline: 0.112250 ms
[2026-09-14T06:27:00.158+00:00] Trial 139: step 10 / tmem_input_depth5: 0.111391 ms
[2026-09-14T06:27:00.164+00:00] Trial 140: step 10 / tmem_share_a_depth5: 0.111163 ms
[2026-09-14T06:27:00.169+00:00] Trial 140: step 10 / tmem_input_depth5: 0.111744 ms
[2026-09-14T06:27:00.173+00:00] Trial 140: step 10 / baseline: 0.111572 ms
[2026-09-14T06:27:00.178+00:00] Trial 140: step 10 / tmem_share_a_depth6: 0.111200 ms
[2026-09-14T06:27:00.184+00:00] Trial 141: step 10 / baseline: 0.111600 ms
[2026-09-14T06:27:00.189+00:00] Trial 141: step 10 / tmem_input_depth5: 0.111356 ms
[2026-09-14T06:27:00.194+00:00] Trial 141: step 10 / tmem_share_a_depth5: 0.110975 ms
[2026-09-14T06:27:00.199+00:00] Trial 141: step 10 / tmem_share_a_depth6: 0.111013 ms
[2026-09-14T06:27:00.204+00:00] Trial 142: step 10 / baseline: 0.111354 ms
[2026-09-14T06:27:00.209+00:00] Trial 142: step 10 / tmem_share_a_depth6: 0.111222 ms
[2026-09-14T06:27:00.214+00:00] Trial 142: step 10 / tmem_share_a_depth5: 0.111354 ms
[2026-09-14T06:27:00.219+00:00] Trial 142: step 10 / tmem_input_depth5: 0.111435 ms
[2026-09-14T06:27:00.224+00:00] Trial 143: step 10 / tmem_share_a_depth5: 0.111203 ms
[2026-09-14T06:27:00.229+00:00] Trial 143: step 10 / tmem_share_a_depth6: 0.111611 ms
[2026-09-14T06:27:00.234+00:00] Trial 143: step 10 / baseline: 0.112228 ms
[2026-09-14T06:27:00.239+00:00] Trial 143: step 10 / tmem_input_depth5: 0.111786 ms
[2026-09-14T06:27:00.244+00:00] Trial 144: step 10 / tmem_share_a_depth5: 0.111431 ms
[2026-09-14T06:27:00.249+00:00] Trial 144: step 10 / tmem_input_depth5: 0.111899 ms
[2026-09-14T06:27:00.254+00:00] Trial 144: step 10 / baseline: 0.112116 ms
[2026-09-14T06:27:00.259+00:00] Trial 144: step 10 / tmem_share_a_depth6: 0.114121 ms
[2026-09-14T06:27:00.265+00:00] Trial 145: step 10 / baseline: 0.115681 ms
[2026-09-14T06:27:00.270+00:00] Trial 145: step 10 / tmem_input_depth5: 0.115647 ms
[2026-09-14T06:27:00.275+00:00] Trial 145: step 10 / tmem_share_a_depth5: 0.114930 ms
[2026-09-14T06:27:00.280+00:00] Trial 145: step 10 / tmem_share_a_depth6: 0.115182 ms
[2026-09-14T06:27:00.286+00:00] Trial 146: step 10 / baseline: 0.115618 ms
[2026-09-14T06:27:00.291+00:00] Trial 146: step 10 / tmem_share_a_depth6: 0.115124 ms
[2026-09-14T06:27:00.296+00:00] Trial 146: step 10 / tmem_share_a_depth5: 0.115263 ms
[2026-09-14T06:27:00.301+00:00] Trial 146: step 10 / tmem_input_depth5: 0.115367 ms
[2026-09-14T06:27:00.307+00:00] Trial 147: step 10 / tmem_share_a_depth5: 0.115456 ms
[2026-09-14T06:27:00.312+00:00] Trial 147: step 10 / tmem_share_a_depth6: 0.115054 ms
[2026-09-14T06:27:00.317+00:00] Trial 147: step 10 / baseline: 0.115713 ms
[2026-09-14T06:27:00.322+00:00] Trial 147: step 10 / tmem_input_depth5: 0.115458 ms
[2026-09-14T06:27:00.327+00:00] Trial 148: step 10 / tmem_share_a_depth5: 0.114651 ms
[2026-09-14T06:27:00.332+00:00] Trial 148: step 10 / tmem_input_depth5: 0.115289 ms
[2026-09-14T06:27:00.338+00:00] Trial 148: step 10 / baseline: 0.115028 ms
[2026-09-14T06:27:00.343+00:00] Trial 148: step 10 / tmem_share_a_depth6: 0.115271 ms
[2026-09-14T06:27:00.348+00:00] Trial 149: step 10 / baseline: 0.115839 ms
[2026-09-14T06:27:00.353+00:00] Trial 149: step 10 / tmem_input_depth5: 0.115418 ms
[2026-09-14T06:27:00.358+00:00] Trial 149: step 10 / tmem_share_a_depth5: 0.115199 ms
[2026-09-14T06:27:00.363+00:00] Trial 149: step 10 / tmem_share_a_depth6: 0.115102 ms
[2026-09-14T06:27:00.369+00:00] Trial 150: step 10 / baseline: 0.115495 ms
[2026-09-14T06:27:00.374+00:00] Trial 150: step 10 / tmem_share_a_depth6: 0.111377 ms
[2026-09-14T06:27:00.381+00:00] Trial 150: step 10 / tmem_share_a_depth5: 0.111680 ms
[2026-09-14T06:27:00.384+00:00] Trial 150: step 10 / tmem_input_depth5: 0.111577 ms
[2026-09-14T06:27:00.389+00:00] Trial 151: step 10 / tmem_share_a_depth5: 0.114594 ms
[2026-09-14T06:27:00.395+00:00] Trial 151: step 10 / tmem_share_a_depth6: 0.115131 ms
[2026-09-14T06:27:00.400+00:00] Trial 151: step 10 / baseline: 0.115378 ms
[2026-09-14T06:27:00.405+00:00] Trial 151: step 10 / tmem_input_depth5: 0.115146 ms
[2026-09-14T06:27:00.410+00:00] Trial 152: step 10 / tmem_share_a_depth5: 0.115149 ms
[2026-09-14T06:27:00.415+00:00] Trial 152: step 10 / tmem_input_depth5: 0.115471 ms
[2026-09-14T06:27:00.420+00:00] Trial 152: step 10 / baseline: 0.115303 ms
[2026-09-14T06:27:00.426+00:00] Trial 152: step 10 / tmem_share_a_depth6: 0.115066 ms
[2026-09-14T06:27:00.431+00:00] Trial 153: step 10 / baseline: 0.115830 ms
[2026-09-14T06:27:00.436+00:00] Trial 153: step 10 / tmem_input_depth5: 0.115434 ms
[2026-09-14T06:27:00.441+00:00] Trial 153: step 10 / tmem_share_a_depth5: 0.114918 ms
[2026-09-14T06:27:00.446+00:00] Trial 153: step 10 / tmem_share_a_depth6: 0.115408 ms
[2026-09-14T06:27:00.452+00:00] Trial 154: step 10 / baseline: 0.115599 ms
[2026-09-14T06:27:00.457+00:00] Trial 154: step 10 / tmem_share_a_depth6: 0.115187 ms
[2026-09-14T06:27:00.462+00:00] Trial 154: step 10 / tmem_share_a_depth5: 0.115070 ms
[2026-09-14T06:27:00.467+00:00] Trial 154: step 10 / tmem_input_depth5: 0.115817 ms
[2026-09-14T06:27:00.473+00:00] Trial 155: step 10 / tmem_share_a_depth5: 0.111296 ms
[2026-09-14T06:27:00.478+00:00] Trial 155: step 10 / tmem_share_a_depth6: 0.111591 ms
[2026-09-14T06:27:00.483+00:00] Trial 155: step 10 / baseline: 0.111961 ms
[2026-09-14T06:27:00.488+00:00] Trial 155: step 10 / tmem_input_depth5: 0.113225 ms
[2026-09-14T06:27:00.493+00:00] Trial 156: step 10 / tmem_share_a_depth5: 0.114806 ms
[2026-09-14T06:27:00.498+00:00] Trial 156: step 10 / tmem_input_depth5: 0.115303 ms
[2026-09-14T06:27:00.503+00:00] Trial 156: step 10 / baseline: 0.115313 ms
[2026-09-14T06:27:00.508+00:00] Trial 156: step 10 / tmem_share_a_depth6: 0.113607 ms
[2026-09-14T06:27:00.514+00:00] Trial 157: step 10 / baseline: 0.111794 ms
[2026-09-14T06:27:00.519+00:00] Trial 157: step 10 / tmem_input_depth5: 0.112078 ms
[2026-09-14T06:27:00.524+00:00] Trial 157: step 10 / tmem_share_a_depth5: 0.111585 ms
[2026-09-14T06:27:00.529+00:00] Trial 157: step 10 / tmem_share_a_depth6: 0.111790 ms
[2026-09-14T06:27:00.534+00:00] Trial 158: step 10 / baseline: 0.111860 ms
[2026-09-14T06:27:00.539+00:00] Trial 158: step 10 / tmem_share_a_depth6: 0.111442 ms
[2026-09-14T06:27:00.544+00:00] Trial 158: step 10 / tmem_share_a_depth5: 0.111568 ms
[2026-09-14T06:27:00.549+00:00] Trial 158: step 10 / tmem_input_depth5: 0.111333 ms
[2026-09-14T06:27:00.554+00:00] Trial 159: step 10 / tmem_share_a_depth5: 0.111308 ms
[2026-09-14T06:27:00.559+00:00] Trial 159: step 10 / tmem_share_a_depth6: 0.111267 ms
[2026-09-14T06:27:00.564+00:00] Trial 159: step 10 / baseline: 0.111621 ms
[2026-09-14T06:27:00.569+00:00] Trial 159: step 10 / tmem_input_depth5: 0.112035 ms
[2026-09-14T06:27:00.575+00:00] Trial 160: step 10 / tmem_share_a_depth5: 0.111213 ms
[2026-09-14T06:27:00.580+00:00] Trial 160: step 10 / tmem_input_depth5: 0.111930 ms
[2026-09-14T06:27:00.585+00:00] Trial 160: step 10 / baseline: 0.111614 ms
[2026-09-14T06:27:00.589+00:00] Trial 160: step 10 / tmem_share_a_depth6: 0.111351 ms
[2026-09-14T06:27:00.595+00:00] Trial 161: step 10 / baseline: 0.112227 ms
[2026-09-14T06:27:00.600+00:00] Trial 161: step 10 / tmem_input_depth5: 0.111849 ms
[2026-09-14T06:27:00.605+00:00] Trial 161: step 10 / tmem_share_a_depth5: 0.111212 ms
[2026-09-14T06:27:00.610+00:00] Trial 161: step 10 / tmem_share_a_depth6: 0.114716 ms
[2026-09-14T06:27:00.615+00:00] Trial 162: step 10 / baseline: 0.115620 ms
[2026-09-14T06:27:00.621+00:00] Trial 162: step 10 / tmem_share_a_depth6: 0.115173 ms
[2026-09-14T06:27:00.626+00:00] Trial 162: step 10 / tmem_share_a_depth5: 0.115197 ms
[2026-09-14T06:27:00.631+00:00] Trial 162: step 10 / tmem_input_depth5: 0.112106 ms
[2026-09-14T06:27:00.636+00:00] Trial 163: step 10 / tmem_share_a_depth5: 0.111394 ms
[2026-09-14T06:27:00.641+00:00] Trial 163: step 10 / tmem_share_a_depth6: 0.111825 ms
[2026-09-14T06:27:00.646+00:00] Trial 163: step 10 / baseline: 0.111796 ms
[2026-09-14T06:27:00.651+00:00] Trial 163: step 10 / tmem_input_depth5: 0.115470 ms
[2026-09-14T06:27:00.657+00:00] Trial 164: step 10 / tmem_share_a_depth5: 0.114950 ms
[2026-09-14T06:27:00.662+00:00] Trial 164: step 10 / tmem_input_depth5: 0.115684 ms
[2026-09-14T06:27:00.667+00:00] Trial 164: step 10 / baseline: 0.115121 ms
[2026-09-14T06:27:00.672+00:00] Trial 164: step 10 / tmem_share_a_depth6: 0.112525 ms
[2026-09-14T06:27:00.677+00:00] Trial 165: step 10 / baseline: 0.111820 ms
[2026-09-14T06:27:00.682+00:00] Trial 165: step 10 / tmem_input_depth5: 0.112233 ms
[2026-09-14T06:27:00.687+00:00] Trial 165: step 10 / tmem_share_a_depth5: 0.111311 ms
[2026-09-14T06:27:00.692+00:00] Trial 165: step 10 / tmem_share_a_depth6: 0.111174 ms
[2026-09-14T06:27:00.698+00:00] Trial 166: step 10 / baseline: 0.111855 ms
[2026-09-14T06:27:00.705+00:00] Trial 166: step 10 / tmem_share_a_depth6: 0.111187 ms
[2026-09-14T06:27:00.708+00:00] Trial 166: step 10 / tmem_share_a_depth5: 0.111213 ms
[2026-09-14T06:27:00.713+00:00] Trial 166: step 10 / tmem_input_depth5: 0.111927 ms
[2026-09-14T06:27:00.718+00:00] Trial 167: step 10 / tmem_share_a_depth5: 0.111115 ms
[2026-09-14T06:27:00.723+00:00] Trial 167: step 10 / tmem_share_a_depth6: 0.111348 ms
[2026-09-14T06:27:00.728+00:00] Trial 167: step 10 / baseline: 0.111573 ms
[2026-09-14T06:27:00.733+00:00] Trial 167: step 10 / tmem_input_depth5: 0.111520 ms
[2026-09-14T06:27:00.738+00:00] Trial 168: step 10 / tmem_share_a_depth5: 0.111533 ms
[2026-09-14T06:27:00.743+00:00] Trial 168: step 10 / tmem_input_depth5: 0.112713 ms
[2026-09-14T06:27:00.748+00:00] Trial 168: step 10 / baseline: 0.111978 ms
[2026-09-14T06:27:00.753+00:00] Trial 168: step 10 / tmem_share_a_depth6: 0.112149 ms
[2026-09-14T06:27:00.759+00:00] Trial 169: step 10 / baseline: 0.112432 ms
[2026-09-14T06:27:00.764+00:00] Trial 169: step 10 / tmem_input_depth5: 0.113061 ms
[2026-09-14T06:27:00.769+00:00] Trial 169: step 10 / tmem_share_a_depth5: 0.112156 ms
[2026-09-14T06:27:00.774+00:00] Trial 169: step 10 / tmem_share_a_depth6: 0.112015 ms
[2026-09-14T06:27:00.779+00:00] Trial 170: step 10 / baseline: 0.111790 ms
[2026-09-14T06:27:00.784+00:00] Trial 170: step 10 / tmem_share_a_depth6: 0.112306 ms
[2026-09-14T06:27:00.789+00:00] Trial 170: step 10 / tmem_share_a_depth5: 0.112379 ms
[2026-09-14T06:27:00.794+00:00] Trial 170: step 10 / tmem_input_depth5: 0.113366 ms
[2026-09-14T06:27:00.800+00:00] Trial 171: step 10 / tmem_share_a_depth5: 0.112013 ms
[2026-09-14T06:27:00.804+00:00] Trial 171: step 10 / tmem_share_a_depth6: 0.112715 ms
[2026-09-14T06:27:00.809+00:00] Trial 171: step 10 / baseline: 0.112145 ms
[2026-09-14T06:27:00.814+00:00] Trial 171: step 10 / tmem_input_depth5: 0.112269 ms
[2026-09-14T06:27:00.820+00:00] Trial 172: step 10 / tmem_share_a_depth5: 0.112507 ms
[2026-09-14T06:27:00.825+00:00] Trial 172: step 10 / tmem_input_depth5: 0.112326 ms
[2026-09-14T06:27:00.830+00:00] Trial 172: step 10 / baseline: 0.112009 ms
[2026-09-14T06:27:00.835+00:00] Trial 172: step 10 / tmem_share_a_depth6: 0.112036 ms
[2026-09-14T06:27:00.840+00:00] Trial 173: step 10 / baseline: 0.112117 ms
[2026-09-14T06:27:00.845+00:00] Trial 173: step 10 / tmem_input_depth5: 0.112372 ms
[2026-09-14T06:27:00.850+00:00] Trial 173: step 10 / tmem_share_a_depth5: 0.112090 ms
[2026-09-14T06:27:00.855+00:00] Trial 173: step 10 / tmem_share_a_depth6: 0.112286 ms
[2026-09-14T06:27:00.861+00:00] Trial 174: step 10 / baseline: 0.112473 ms
[2026-09-14T06:27:00.866+00:00] Trial 174: step 10 / tmem_share_a_depth6: 0.112551 ms
[2026-09-14T06:27:00.871+00:00] Trial 174: step 10 / tmem_share_a_depth5: 0.112215 ms
[2026-09-14T06:27:00.876+00:00] Trial 174: step 10 / tmem_input_depth5: 0.112667 ms
[2026-09-14T06:27:00.881+00:00] Trial 175: step 10 / tmem_share_a_depth5: 0.112359 ms
[2026-09-14T06:27:00.886+00:00] Trial 175: step 10 / tmem_share_a_depth6: 0.112315 ms
[2026-09-14T06:27:00.891+00:00] Trial 175: step 10 / baseline: 0.112860 ms
[2026-09-14T06:27:00.897+00:00] Trial 175: step 10 / tmem_input_depth5: 0.113290 ms
[2026-09-14T06:27:00.902+00:00] Trial 176: step 10 / tmem_share_a_depth5: 0.112746 ms
[2026-09-14T06:27:00.907+00:00] Trial 176: step 10 / tmem_input_depth5: 0.112871 ms
[2026-09-14T06:27:00.912+00:00] Trial 176: step 10 / baseline: 0.113411 ms
[2026-09-14T06:27:00.917+00:00] Trial 176: step 10 / tmem_share_a_depth6: 0.112462 ms
[2026-09-14T06:27:00.922+00:00] Trial 177: step 10 / baseline: 0.112694 ms
[2026-09-14T06:27:00.927+00:00] Trial 177: step 10 / tmem_input_depth5: 0.111916 ms
[2026-09-14T06:27:00.932+00:00] Trial 177: step 10 / tmem_share_a_depth5: 0.109618 ms
[2026-09-14T06:27:00.937+00:00] Trial 177: step 10 / tmem_share_a_depth6: 0.109233 ms
[2026-09-14T06:27:00.943+00:00] Trial 178: step 10 / baseline: 0.110444 ms
[2026-09-14T06:27:00.947+00:00] Trial 178: step 10 / tmem_share_a_depth6: 0.110059 ms
[2026-09-14T06:27:00.952+00:00] Trial 178: step 10 / tmem_share_a_depth5: 0.112039 ms
[2026-09-14T06:27:00.957+00:00] Trial 178: step 10 / tmem_input_depth5: 0.112231 ms
[2026-09-14T06:27:00.963+00:00] Trial 179: step 10 / tmem_share_a_depth5: 0.112018 ms
[2026-09-14T06:27:00.968+00:00] Trial 179: step 10 / tmem_share_a_depth6: 0.112413 ms
[2026-09-14T06:27:00.973+00:00] Trial 179: step 10 / baseline: 0.112478 ms
[2026-09-14T06:27:00.978+00:00] Trial 179: step 10 / tmem_input_depth5: 0.112610 ms
[2026-09-14T06:27:00.983+00:00] Trial 180: step 10 / tmem_share_a_depth5: 0.111948 ms
[2026-09-14T06:27:00.988+00:00] Trial 180: step 10 / tmem_input_depth5: 0.111585 ms
[2026-09-14T06:27:00.993+00:00] Trial 180: step 10 / baseline: 0.110393 ms
[2026-09-14T06:27:00.998+00:00] Trial 180: step 10 / tmem_share_a_depth6: 0.110298 ms
[2026-09-14T06:27:01.003+00:00] Trial 181: step 10 / baseline: 0.109890 ms
[2026-09-14T06:27:01.008+00:00] Trial 181: step 10 / tmem_input_depth5: 0.109387 ms
[2026-09-14T06:27:01.014+00:00] Trial 181: step 10 / tmem_share_a_depth5: 0.109644 ms
[2026-09-14T06:27:01.018+00:00] Trial 181: step 10 / tmem_share_a_depth6: 0.109796 ms
[2026-09-14T06:27:01.023+00:00] Trial 182: step 10 / baseline: 0.110317 ms
[2026-09-14T06:27:01.028+00:00] Trial 182: step 10 / tmem_share_a_depth6: 0.111273 ms
[2026-09-14T06:27:01.033+00:00] Trial 182: step 10 / tmem_share_a_depth5: 0.111879 ms
[2026-09-14T06:27:01.038+00:00] Trial 182: step 10 / tmem_input_depth5: 0.112951 ms
[2026-09-14T06:27:01.044+00:00] Trial 183: step 10 / tmem_share_a_depth5: 0.112060 ms
[2026-09-14T06:27:01.049+00:00] Trial 183: step 10 / tmem_share_a_depth6: 0.111908 ms
[2026-09-14T06:27:01.054+00:00] Trial 183: step 10 / baseline: 0.112893 ms
[2026-09-14T06:27:01.059+00:00] Trial 183: step 10 / tmem_input_depth5: 0.112641 ms
[2026-09-14T06:27:01.064+00:00] Trial 184: step 10 / tmem_share_a_depth5: 0.112226 ms
[2026-09-14T06:27:01.069+00:00] Trial 184: step 10 / tmem_input_depth5: 0.112160 ms
[2026-09-14T06:27:01.074+00:00] Trial 184: step 10 / baseline: 0.112187 ms
[2026-09-14T06:27:01.079+00:00] Trial 184: step 10 / tmem_share_a_depth6: 0.112319 ms
[2026-09-14T06:27:01.085+00:00] Trial 185: step 10 / baseline: 0.113031 ms
[2026-09-14T06:27:01.090+00:00] Trial 185: step 10 / tmem_input_depth5: 0.112119 ms
[2026-09-14T06:27:01.095+00:00] Trial 185: step 10 / tmem_share_a_depth5: 0.111765 ms
[2026-09-14T06:27:01.100+00:00] Trial 185: step 10 / tmem_share_a_depth6: 0.112190 ms
[2026-09-14T06:27:01.105+00:00] Trial 186: step 10 / baseline: 0.113438 ms
[2026-09-14T06:27:01.113+00:00] Trial 186: step 10 / tmem_share_a_depth6: 0.111893 ms
[2026-09-14T06:27:01.115+00:00] Trial 186: step 10 / tmem_share_a_depth5: 0.111612 ms
[2026-09-14T06:27:01.120+00:00] Trial 186: step 10 / tmem_input_depth5: 0.112476 ms
[2026-09-14T06:27:01.126+00:00] Trial 187: step 10 / tmem_share_a_depth5: 0.111645 ms
[2026-09-14T06:27:01.131+00:00] Trial 187: step 10 / tmem_share_a_depth6: 0.114464 ms
[2026-09-14T06:27:01.136+00:00] Trial 187: step 10 / baseline: 0.114314 ms
[2026-09-14T06:27:01.141+00:00] Trial 187: step 10 / tmem_input_depth5: 0.114822 ms
[2026-09-14T06:27:01.147+00:00] Trial 188: step 10 / tmem_share_a_depth5: 0.114447 ms
[2026-09-14T06:27:01.151+00:00] Trial 188: step 10 / tmem_input_depth5: 0.112368 ms
[2026-09-14T06:27:01.156+00:00] Trial 188: step 10 / baseline: 0.113345 ms
[2026-09-14T06:27:01.161+00:00] Trial 188: step 10 / tmem_share_a_depth6: 0.112540 ms
[2026-09-14T06:27:01.167+00:00] Trial 189: step 10 / baseline: 0.113109 ms
[2026-09-14T06:27:01.172+00:00] Trial 189: step 10 / tmem_input_depth5: 0.112151 ms
[2026-09-14T06:27:01.177+00:00] Trial 189: step 10 / tmem_share_a_depth5: 0.111376 ms
[2026-09-14T06:27:01.182+00:00] Trial 189: step 10 / tmem_share_a_depth6: 0.111858 ms
[2026-09-14T06:27:01.187+00:00] Trial 190: step 10 / baseline: 0.112639 ms
[2026-09-14T06:27:01.192+00:00] Trial 190: step 10 / tmem_share_a_depth6: 0.111897 ms
[2026-09-14T06:27:01.197+00:00] Trial 190: step 10 / tmem_share_a_depth5: 0.112019 ms
[2026-09-14T06:27:01.202+00:00] Trial 190: step 10 / tmem_input_depth5: 0.112831 ms
[2026-09-14T06:27:01.208+00:00] Trial 191: step 10 / tmem_share_a_depth5: 0.111900 ms
[2026-09-14T06:27:01.213+00:00] Trial 191: step 10 / tmem_share_a_depth6: 0.111794 ms
[2026-09-14T06:27:01.218+00:00] Trial 191: step 10 / baseline: 0.112652 ms
[2026-09-14T06:27:01.223+00:00] Trial 191: step 10 / tmem_input_depth5: 0.112108 ms
[2026-09-14T06:27:01.228+00:00] Trial 192: step 10 / tmem_share_a_depth5: 0.111910 ms
[2026-09-14T06:27:01.233+00:00] Trial 192: step 10 / tmem_input_depth5: 0.112402 ms
[2026-09-14T06:27:01.238+00:00] Trial 192: step 10 / baseline: 0.112589 ms
[2026-09-14T06:27:01.243+00:00] Trial 192: step 10 / tmem_share_a_depth6: 0.111872 ms
[2026-09-14T06:27:01.249+00:00] Trial 193: step 10 / baseline: 0.113037 ms
[2026-09-14T06:27:01.254+00:00] Trial 193: step 10 / tmem_input_depth5: 0.112256 ms
[2026-09-14T06:27:01.259+00:00] Trial 193: step 10 / tmem_share_a_depth5: 0.111968 ms
[2026-09-14T06:27:01.264+00:00] Trial 193: step 10 / tmem_share_a_depth6: 0.112166 ms
[2026-09-14T06:27:01.269+00:00] Trial 194: step 10 / baseline: 0.113357 ms
[2026-09-14T06:27:01.274+00:00] Trial 194: step 10 / tmem_share_a_depth6: 0.112195 ms
[2026-09-14T06:27:01.279+00:00] Trial 194: step 10 / tmem_share_a_depth5: 0.111453 ms
[2026-09-14T06:27:01.284+00:00] Trial 194: step 10 / tmem_input_depth5: 0.112154 ms
[2026-09-14T06:27:01.290+00:00] Trial 195: step 10 / tmem_share_a_depth5: 0.111411 ms
[2026-09-14T06:27:01.295+00:00] Trial 195: step 10 / tmem_share_a_depth6: 0.111683 ms
[2026-09-14T06:27:01.300+00:00] Trial 195: step 10 / baseline: 0.112611 ms
[2026-09-14T06:27:01.305+00:00] Trial 195: step 10 / tmem_input_depth5: 0.111919 ms
[2026-09-14T06:27:01.310+00:00] Trial 196: step 10 / tmem_share_a_depth5: 0.112050 ms
[2026-09-14T06:27:01.315+00:00] Trial 196: step 10 / tmem_input_depth5: 0.112217 ms
[2026-09-14T06:27:01.320+00:00] Trial 196: step 10 / baseline: 0.112529 ms
[2026-09-14T06:27:01.325+00:00] Trial 196: step 10 / tmem_share_a_depth6: 0.112241 ms
[2026-09-14T06:27:01.331+00:00] Trial 197: step 10 / baseline: 0.112400 ms
[2026-09-14T06:27:01.336+00:00] Trial 197: step 10 / tmem_input_depth5: 0.112434 ms
[2026-09-14T06:27:01.341+00:00] Trial 197: step 10 / tmem_share_a_depth5: 0.111423 ms
[2026-09-14T06:27:01.346+00:00] Trial 197: step 10 / tmem_share_a_depth6: 0.111837 ms
[2026-09-14T06:27:01.351+00:00] Trial 198: step 10 / baseline: 0.112739 ms
[2026-09-14T06:27:01.356+00:00] Trial 198: step 10 / tmem_share_a_depth6: 0.111978 ms
[2026-09-14T06:27:01.361+00:00] Trial 198: step 10 / tmem_share_a_depth5: 0.111824 ms
[2026-09-14T06:27:01.366+00:00] Trial 198: step 10 / tmem_input_depth5: 0.111965 ms
[2026-09-14T06:27:01.372+00:00] Trial 199: step 10 / tmem_share_a_depth5: 0.111998 ms
[2026-09-14T06:27:01.377+00:00] Trial 199: step 10 / tmem_share_a_depth6: 0.111987 ms
[2026-09-14T06:27:01.382+00:00] Trial 199: step 10 / baseline: 0.113173 ms
[2026-09-14T06:27:01.387+00:00] Trial 199: step 10 / tmem_input_depth5: 0.113053 ms
[2026-09-14T06:27:01.392+00:00] Trial 200: step 10 / tmem_share_a_depth5: 0.112571 ms
[2026-09-14T06:27:01.397+00:00] Trial 200: step 10 / tmem_input_depth5: 0.112306 ms
[2026-09-14T06:27:01.402+00:00] Trial 200: step 10 / baseline: 0.113099 ms
[2026-09-14T06:27:01.407+00:00] Trial 200: step 10 / tmem_share_a_depth6: 0.111409 ms
[2026-09-14T06:27:01.413+00:00] Trial 201: step 10 / baseline: 0.112213 ms
[2026-09-14T06:27:01.418+00:00] Trial 201: step 10 / tmem_input_depth5: 0.112013 ms
[2026-09-14T06:27:01.423+00:00] Trial 201: step 10 / tmem_share_a_depth5: 0.111713 ms
[2026-09-14T06:27:01.428+00:00] Trial 201: step 10 / tmem_share_a_depth6: 0.111547 ms
[2026-09-14T06:27:01.429+00:00] step variant         median_ms    min_ms    max_ms paired_speedup vs_cache control                   vs_control limit_ms status
[2026-09-14T06:27:01.429+00:00]   10 baseline         0.112860  0.094288  0.115906          1.000      n/a baseline                       1.000 0.139100 PASS
[2026-09-14T06:27:01.429+00:00]   10 tmem_input_depth5  0.112822  0.091587  0.115857          1.001      n/a baseline                       1.001 0.139100 PASS
[2026-09-14T06:27:01.429+00:00]   10 tmem_share_a_depth5  0.112003  0.091178  0.115504          1.005      n/a tmem_input_depth5              1.004 0.139100 PASS
[2026-09-14T06:27:01.429+00:00]   10 tmem_share_a_depth6  0.112148  0.091584  0.115408          1.004      n/a tmem_share_a_depth5            1.000 0.139100 PASS
[2026-09-14T06:27:01.429+00:00] Saved results_b300/step10_share_a_state.fGOjDy/step10/summary.csv; SLOW is a measured result, not a tool error.
