Code: b434e45e7ab14271f43291a75c592b3799121959; gemm_sha256=36537ab6799ed82578289c84d68fb14cbe8c985421449365e60f91256c9fc994
GPU: NVIDIA B300 SXM6 AC; SMs: 148; {"kind":"cuda","tag":"","keys":["cuda","gpu"],"max_num_threads":1024,"thread_warp_size":32,"arch":"sm_103a"}
Separate builds; each experiment records its direct comparison control. Verify all outputs before interleaved CUDA-event timing.
Verified step 10 / baseline
Verified step 10 / cache_tmem_base
Verified step 10 / cache_balanced_clusters
Verified step 10 / balanced_fused_a
Verified boundary Step 10 / balanced_fused_a / (4096, 3072, 64) twice (untimed)
Verified boundary Step 10 / balanced_fused_a / (4096, 3072, 320) twice (untimed)
Trial 1: step 10 / baseline: 0.142004 ms
Trial 1: step 10 / cache_tmem_base: 0.140222 ms
Trial 1: step 10 / cache_balanced_clusters: 0.138302 ms
Trial 1: step 10 / balanced_fused_a: 0.138784 ms
Trial 2: step 10 / baseline: 0.141600 ms
Trial 2: step 10 / balanced_fused_a: 0.136622 ms
Trial 2: step 10 / cache_balanced_clusters: 0.135886 ms
Trial 2: step 10 / cache_tmem_base: 0.139632 ms
Trial 3: step 10 / cache_balanced_clusters: 0.138167 ms
Trial 3: step 10 / balanced_fused_a: 0.138321 ms
Trial 3: step 10 / baseline: 0.141183 ms
Trial 3: step 10 / cache_tmem_base: 0.139692 ms
Trial 4: step 10 / cache_balanced_clusters: 0.137743 ms
Trial 4: step 10 / cache_tmem_base: 0.139425 ms
Trial 4: step 10 / baseline: 0.141017 ms
Trial 4: step 10 / balanced_fused_a: 0.138301 ms
Trial 5: step 10 / baseline: 0.141246 ms
Trial 5: step 10 / cache_tmem_base: 0.139475 ms
Trial 5: step 10 / cache_balanced_clusters: 0.137918 ms
Trial 5: step 10 / balanced_fused_a: 0.138564 ms
step variant         median_ms    min_ms    max_ms paired_speedup vs_cache control                   vs_control limit_ms status
  10 baseline         0.141246  0.141017  0.142004          1.000    0.987 baseline                       1.000 0.139100 SLOW
  10 cache_tmem_base  0.139632  0.139425  0.140222          1.013    1.000 baseline                       1.013 0.139100 SLOW
  10 cache_balanced_clusters  0.137918  0.135886  0.138302          1.024    1.012 cache_tmem_base                1.012 0.139100 PASS
  10 balanced_fused_a  0.138321  0.136622  0.138784          1.021    1.010 cache_balanced_clusters        0.996 0.139100 PASS
Saved results_b300/step10_fused_a.1VXYz2/step10/summary.csv; SLOW is a measured result, not a tool error.
