Code: 4d053c12a1800a992db1f39e28be8fe81ca32275; gemm_sha256=20b44b79295eb45d13a97c2e0812690f2a5e20b737c76438359bbf3be782cd2c
GPU: NVIDIA B300 SXM6 AC; SMs: 148; {"kind":"cuda","tag":"","keys":["cuda","gpu"],"max_num_threads":1024,"thread_warp_size":32,"arch":"sm_103a"}
Instrumented roles are diagnostics, not performance candidates. Only baseline is scored.
Verified step 8 / baseline
Verified step 8 / tma
Verified step 8 / mma
Verified step 8 / writeback
Trial 1: step 8 / baseline: 0.030575 ms
Trial 1: step 8 / tma: 0.030372 ms (instrumented)
Trial 1: step 8 / mma: 0.030055 ms (instrumented)
Trial 1: step 8 / writeback: 0.030512 ms (instrumented)
Trial 2: step 8 / baseline: 0.031071 ms
Trial 2: step 8 / writeback: 0.030961 ms (instrumented)
Trial 2: step 8 / mma: 0.030961 ms (instrumented)
Trial 2: step 8 / tma: 0.030886 ms (instrumented)
Trial 3: step 8 / mma: 0.029750 ms (instrumented)
Trial 3: step 8 / writeback: 0.030710 ms (instrumented)
Trial 3: step 8 / baseline: 0.029377 ms
Trial 3: step 8 / tma: 0.030865 ms (instrumented)
Trial 4: step 8 / mma: 0.030547 ms (instrumented)
Trial 4: step 8 / tma: 0.030148 ms (instrumented)
Trial 4: step 8 / baseline: 0.029849 ms
Trial 4: step 8 / writeback: 0.030478 ms (instrumented)
Trial 5: step 8 / baseline: 0.030157 ms
Trial 5: step 8 / tma: 0.030553 ms (instrumented)
Trial 5: step 8 / mma: 0.029668 ms (instrumented)
Trial 5: step 8 / writeback: 0.030916 ms (instrumented)
Step 8 baseline: median 0.030157 ms; 2/5 samples within 0.029900 ms
  tma: instrumented/baseline 1.010x (perturbed; do not grade)
  mma: instrumented/baseline 0.996x (perturbed; do not grade)
  writeback: instrumented/baseline 1.021x (perturbed; do not grade)
Verified step 10 / baseline
Verified step 10 / tma
Verified step 10 / mma
Verified step 10 / writeback
Trial 1: step 10 / baseline: 0.143477 ms
Trial 1: step 10 / tma: 0.142540 ms (instrumented)
Trial 1: step 10 / mma: 0.142785 ms (instrumented)
Trial 1: step 10 / writeback: 0.143705 ms (instrumented)
Trial 2: step 10 / baseline: 0.142263 ms
Trial 2: step 10 / writeback: 0.145558 ms (instrumented)
Trial 2: step 10 / mma: 0.142269 ms (instrumented)
Trial 2: step 10 / tma: 0.142158 ms (instrumented)
Trial 3: step 10 / mma: 0.147056 ms (instrumented)
Trial 3: step 10 / writeback: 0.146857 ms (instrumented)
Trial 3: step 10 / baseline: 0.142354 ms
Trial 3: step 10 / tma: 0.142367 ms (instrumented)
Trial 4: step 10 / mma: 0.145399 ms (instrumented)
Trial 4: step 10 / tma: 0.147314 ms (instrumented)
Trial 4: step 10 / baseline: 0.142940 ms
Trial 4: step 10 / writeback: 0.145893 ms (instrumented)
Trial 5: step 10 / baseline: 0.142204 ms
Trial 5: step 10 / tma: 0.142733 ms (instrumented)
Trial 5: step 10 / mma: 0.147262 ms (instrumented)
Trial 5: step 10 / writeback: 0.146158 ms (instrumented)
Step 10 baseline: median 0.142354 ms; 0/5 samples within 0.139100 ms
  tma: instrumented/baseline 1.000x (perturbed; do not grade)
  mma: instrumented/baseline 1.017x (perturbed; do not grade)
  writeback: instrumented/baseline 1.023x (perturbed; do not grade)
Instrumented stages: work is issue time for TMA/MMA; roles overlap and must not be added.
step role       rank consumer tile  median_us   wait%   work% handoff% epilogue%
   8 mma           0        0    0     11.488    29.4    32.5      0.4       0.0
   8 mma           0        0    1     10.976    26.6    33.5      3.2       0.0
   8 tma           0        0    0     10.656    78.4    11.4      0.0       0.0
   8 tma           0        0    1     11.136    80.2    10.4      0.0       0.0
   8 writeback     0        0    0     14.112    82.6     2.2      0.0      13.8
   8 writeback     0        0    1     10.496    81.7     2.8      0.0      14.5
  10 mma           0        0    0     66.240    56.8    16.0      0.1       0.0
  10 mma           0        0    1     61.120    54.8    15.6      4.5       0.0
  10 mma           0        1    0     66.240    56.2    15.9      0.1       0.0
  10 mma           0        1    1     61.184    54.2    15.7      4.5       0.0
  10 tma           0        0    0     64.096    89.5     5.5      0.0       0.0
  10 tma           0        0    1     61.088    90.1     5.4      0.0       0.0
  10 tma           1        0    0     64.128    89.9     5.2      0.0       0.0
  10 tma           1        0    1     61.088    90.4     5.1      0.0       0.0
  10 writeback     0        0    0     76.208    88.1     0.9      0.0       9.4
  10 writeback     0        0    1     57.856    88.7     1.1      0.0       8.2
  10 writeback     0        1    0     75.968    88.3     0.9      0.0       9.3
  10 writeback     0        1    1     58.080    88.7     1.1      0.0       8.2
  10 writeback     1        0    0     75.936    88.4     0.8      0.0       9.2
  10 writeback     1        0    1     58.144    88.7     1.1      0.0       8.2
  10 writeback     1        1    0     76.064    88.3     0.8      0.0       9.2
  10 writeback     1        1    1     58.032    88.8     1.1      0.0       8.2
Saved results_b300/stage_profile.LPt75W/profile/trace.csv and compiler artifacts (SASS when cuobjdump is available).
