Code: 50b098755cfaeecc527563662837a79519ea073b; gemm_sha256=2d2a0df6c80ecc809ece3f509d00ea65d6cb3a7af079e4c6fe9b6481143d4ba1
GPU: NVIDIA B300 SXM6 AC; SMs: 148; {"kind":"cuda","tag":"","keys":["cuda","gpu"],"max_num_threads":1024,"thread_warp_size":32,"arch":"sm_103a"}
Separate builds; each experiment records its direct comparison control. Verify all outputs before interleaved CUDA-event timing.
Verified step 10 / baseline
Verified step 10 / warp_release
Verified step 10 / paired_tmem_loads
Verified boundary Step 10 / warp_release / (4096, 3072, 64) twice (untimed)
Verified boundary Step 10 / warp_release / (4096, 3072, 320) twice (untimed)
Verified boundary Step 10 / paired_tmem_loads / (4096, 3072, 64) twice (untimed)
Verified boundary Step 10 / paired_tmem_loads / (4096, 3072, 320) twice (untimed)
Trial 1: step 10 / baseline: 0.139415 ms
Trial 1: step 10 / warp_release: 0.139214 ms
Trial 1: step 10 / paired_tmem_loads: 0.139172 ms
Trial 2: step 10 / baseline: 0.137234 ms
Trial 2: step 10 / paired_tmem_loads: 0.136137 ms
Trial 2: step 10 / warp_release: 0.137302 ms
Trial 3: step 10 / paired_tmem_loads: 0.138149 ms
Trial 3: step 10 / baseline: 0.138748 ms
Trial 3: step 10 / warp_release: 0.138300 ms
Trial 4: step 10 / paired_tmem_loads: 0.138153 ms
Trial 4: step 10 / warp_release: 0.138160 ms
Trial 4: step 10 / baseline: 0.138176 ms
Trial 5: step 10 / warp_release: 0.138192 ms
Trial 5: step 10 / paired_tmem_loads: 0.138060 ms
Trial 5: step 10 / baseline: 0.138267 ms
step variant         median_ms    min_ms    max_ms paired_speedup vs_cache control                   vs_control limit_ms status
  10 baseline         0.138267  0.137234  0.139415          1.000      n/a baseline                       1.000 0.139100 PASS
  10 warp_release     0.138192  0.137302  0.139214          1.001      n/a baseline                       1.001 0.139100 PASS
  10 paired_tmem_loads  0.138149  0.136137  0.139172          1.002      n/a baseline                       1.002 0.139100 PASS
Saved results_b300/step10_writeback.2bP3jK/step10/summary.csv; SLOW is a measured result, not a tool error.
