Code: 0f23484c2dcd000d2cea31399105991880d6ff94; gemm_sha256=3dfec9f00bda86d46f1664ca17ffe7af5f6095e78884cdc54bec956990c7bcf7
GPU: NVIDIA B300 SXM6 AC; SMs: 148; {"kind":"cuda","tag":"","keys":["cuda","gpu"],"max_num_threads":1024,"thread_warp_size":32,"arch":"sm_103a"}
Separate builds; each experiment records its direct comparison control. Verify all outputs before interleaved CUDA-event timing.
Verified step 10 / baseline
Verified step 10 / n_tile_128
Verified step 10 / n128_epi32
Verified step 10 / n128_tmem_double_buffer
Verified boundary Step 10 / n_tile_128 / (4096, 3072, 64) twice (untimed)
Verified boundary Step 10 / n_tile_128 / (4096, 3072, 320) twice (untimed)
Verified boundary Step 10 / n_tile_128 / (4096, 3072, 384) twice (untimed)
Verified boundary Step 10 / n128_epi32 / (4096, 3072, 64) twice (untimed)
Verified boundary Step 10 / n128_epi32 / (4096, 3072, 320) twice (untimed)
Verified boundary Step 10 / n128_epi32 / (4096, 3072, 384) twice (untimed)
Verified boundary Step 10 / n128_tmem_double_buffer / (4096, 3072, 64) twice (untimed)
Verified boundary Step 10 / n128_tmem_double_buffer / (4096, 3072, 192) twice (untimed)
Verified boundary Step 10 / n128_tmem_double_buffer / (4096, 3072, 256) twice (untimed)
Verified boundary Step 10 / n128_tmem_double_buffer / (4096, 3072, 320) twice (untimed)
Trial 1: step 10 / baseline: 0.043305 ms
Trial 1: step 10 / n_tile_128: 0.027606 ms
Trial 1: step 10 / n128_epi32: 0.026956 ms
Trial 1: step 10 / n128_tmem_double_buffer: 0.027021 ms
Trial 2: step 10 / baseline: 0.043708 ms
Trial 2: step 10 / n128_tmem_double_buffer: 0.026938 ms
Trial 2: step 10 / n128_epi32: 0.027106 ms
Trial 2: step 10 / n_tile_128: 0.027550 ms
Trial 3: step 10 / n128_epi32: 0.026926 ms
Trial 3: step 10 / n128_tmem_double_buffer: 0.027035 ms
Trial 3: step 10 / baseline: 0.044182 ms
Trial 3: step 10 / n_tile_128: 0.027594 ms
Trial 4: step 10 / n128_epi32: 0.027059 ms
Trial 4: step 10 / n_tile_128: 0.027149 ms
Trial 4: step 10 / baseline: 0.044276 ms
Trial 4: step 10 / n128_tmem_double_buffer: 0.027119 ms
Trial 5: step 10 / baseline: 0.043200 ms
Trial 5: step 10 / n_tile_128: 0.027173 ms
Trial 5: step 10 / n128_epi32: 0.027029 ms
Trial 5: step 10 / n128_tmem_double_buffer: 0.026947 ms
Trial 6: step 10 / baseline: 0.043293 ms
Trial 6: step 10 / n128_tmem_double_buffer: 0.027125 ms
Trial 6: step 10 / n128_epi32: 0.027141 ms
Trial 6: step 10 / n_tile_128: 0.027364 ms
Trial 7: step 10 / n128_epi32: 0.026971 ms
Trial 7: step 10 / n128_tmem_double_buffer: 0.027103 ms
Trial 7: step 10 / baseline: 0.043209 ms
Trial 7: step 10 / n_tile_128: 0.027363 ms
step variant         median_ms    min_ms    max_ms paired_speedup vs_cache control                   vs_control limit_ms status
  10 baseline         0.043305  0.043200  0.044276          1.000      n/a baseline                       1.000 0.045500 PASS
  10 n_tile_128       0.027364  0.027149  0.027606          1.586      n/a baseline                       1.586 0.045500 PASS
  10 n128_epi32       0.027029  0.026926  0.027141          1.607      n/a n_tile_128                     1.015 0.045500 PASS
  10 n128_tmem_double_buffer  0.027035  0.026938  0.027125          1.603      n/a n128_epi32                     0.998 0.045500 PASS
Saved results_b300/step10_tmem_sizes.I9nGIJ/step10_2048/summary.csv; SLOW is a measured result, not a tool error.
