Code: 0f23484c2dcd000d2cea31399105991880d6ff94; gemm_sha256=3dfec9f00bda86d46f1664ca17ffe7af5f6095e78884cdc54bec956990c7bcf7
GPU: NVIDIA B300 SXM6 AC; SMs: 148; {"kind":"cuda","tag":"","keys":["cuda","gpu"],"max_num_threads":1024,"thread_warp_size":32,"arch":"sm_103a"}
Separate builds; each experiment records its direct comparison control. Verify all outputs before interleaved CUDA-event timing.
Verified step 10 / baseline
Verified step 10 / n_tile_128
Verified step 10 / n128_epi32
Verified step 10 / n128_tmem_double_buffer
Verified boundary Step 10 / n_tile_128 / (4096, 3072, 64) twice (untimed)
Verified boundary Step 10 / n_tile_128 / (4096, 3072, 320) twice (untimed)
Verified boundary Step 10 / n_tile_128 / (4096, 3072, 384) twice (untimed)
Verified boundary Step 10 / n128_epi32 / (4096, 3072, 64) twice (untimed)
Verified boundary Step 10 / n128_epi32 / (4096, 3072, 320) twice (untimed)
Verified boundary Step 10 / n128_epi32 / (4096, 3072, 384) twice (untimed)
Verified boundary Step 10 / n128_tmem_double_buffer / (4096, 3072, 64) twice (untimed)
Verified boundary Step 10 / n128_tmem_double_buffer / (4096, 3072, 192) twice (untimed)
Verified boundary Step 10 / n128_tmem_double_buffer / (4096, 3072, 256) twice (untimed)
Verified boundary Step 10 / n128_tmem_double_buffer / (4096, 3072, 320) twice (untimed)
Trial 1: step 10 / baseline: 0.027389 ms
Trial 1: step 10 / n_tile_128: 0.018573 ms
Trial 1: step 10 / n128_epi32: 0.018368 ms
Trial 1: step 10 / n128_tmem_double_buffer: 0.018570 ms
Trial 2: step 10 / baseline: 0.027283 ms
Trial 2: step 10 / n128_tmem_double_buffer: 0.018569 ms
Trial 2: step 10 / n128_epi32: 0.018560 ms
Trial 2: step 10 / n_tile_128: 0.018558 ms
Trial 3: step 10 / n128_epi32: 0.018566 ms
Trial 3: step 10 / n128_tmem_double_buffer: 0.018575 ms
Trial 3: step 10 / baseline: 0.027282 ms
Trial 3: step 10 / n_tile_128: 0.018577 ms
Trial 4: step 10 / n128_epi32: 0.018572 ms
Trial 4: step 10 / n_tile_128: 0.018570 ms
Trial 4: step 10 / baseline: 0.027394 ms
Trial 4: step 10 / n128_tmem_double_buffer: 0.018578 ms
Trial 5: step 10 / baseline: 0.028110 ms
Trial 5: step 10 / n_tile_128: 0.018561 ms
Trial 5: step 10 / n128_epi32: 0.018501 ms
Trial 5: step 10 / n128_tmem_double_buffer: 0.018566 ms
Trial 6: step 10 / baseline: 0.027647 ms
Trial 6: step 10 / n128_tmem_double_buffer: 0.018533 ms
Trial 6: step 10 / n128_epi32: 0.018573 ms
Trial 6: step 10 / n_tile_128: 0.018553 ms
Trial 7: step 10 / n128_epi32: 0.018569 ms
Trial 7: step 10 / n128_tmem_double_buffer: 0.018592 ms
Trial 7: step 10 / baseline: 0.027184 ms
Trial 7: step 10 / n_tile_128: 0.018585 ms
step variant         median_ms    min_ms    max_ms paired_speedup vs_cache control                   vs_control limit_ms status
  10 baseline         0.027389  0.027184  0.028110          1.000      n/a baseline                       1.000 0.032500 PASS
  10 n_tile_128       0.018570  0.018553  0.018585          1.475      n/a baseline                       1.475 0.032500 PASS
  10 n128_epi32       0.018566  0.018368  0.018573          1.475      n/a n_tile_128                     1.001 0.032500 PASS
  10 n128_tmem_double_buffer  0.018570  0.018533  0.018592          1.475      n/a n128_epi32                     1.000 0.032500 PASS
Saved results_b300/step10_tmem_sizes.I9nGIJ/step10_1024/summary.csv; SLOW is a measured result, not a tool error.
