Code: 0f23484c2dcd000d2cea31399105991880d6ff94; gemm_sha256=3dfec9f00bda86d46f1664ca17ffe7af5f6095e78884cdc54bec956990c7bcf7
GPU: NVIDIA B300 SXM6 AC; SMs: 148; {"kind":"cuda","tag":"","keys":["cuda","gpu"],"max_num_threads":1024,"thread_warp_size":32,"arch":"sm_103a"}
Separate builds; each experiment records its direct comparison control. Verify all outputs before interleaved CUDA-event timing.
Verified step 10 / baseline
Verified step 10 / n_tile_128
Verified step 10 / n128_epi32
Verified step 10 / n128_tmem_double_buffer
Verified boundary Step 10 / n_tile_128 / (4096, 3072, 64) twice (untimed)
Verified boundary Step 10 / n_tile_128 / (4096, 3072, 320) twice (untimed)
Verified boundary Step 10 / n_tile_128 / (4096, 3072, 384) twice (untimed)
Verified boundary Step 10 / n128_epi32 / (4096, 3072, 64) twice (untimed)
Verified boundary Step 10 / n128_epi32 / (4096, 3072, 320) twice (untimed)
Verified boundary Step 10 / n128_epi32 / (4096, 3072, 384) twice (untimed)
Verified boundary Step 10 / n128_tmem_double_buffer / (4096, 3072, 64) twice (untimed)
Verified boundary Step 10 / n128_tmem_double_buffer / (4096, 3072, 192) twice (untimed)
Verified boundary Step 10 / n128_tmem_double_buffer / (4096, 3072, 256) twice (untimed)
Verified boundary Step 10 / n128_tmem_double_buffer / (4096, 3072, 320) twice (untimed)
Trial 1: step 10 / baseline: 0.138739 ms
Trial 1: step 10 / n_tile_128: 0.141186 ms
Trial 1: step 10 / n128_epi32: 0.139133 ms
Trial 1: step 10 / n128_tmem_double_buffer: 0.137803 ms
Trial 2: step 10 / baseline: 0.136288 ms
Trial 2: step 10 / n128_tmem_double_buffer: 0.135740 ms
Trial 2: step 10 / n128_epi32: 0.138034 ms
Trial 2: step 10 / n_tile_128: 0.140138 ms
Trial 3: step 10 / n128_epi32: 0.138631 ms
Trial 3: step 10 / n128_tmem_double_buffer: 0.137510 ms
Trial 3: step 10 / baseline: 0.138129 ms
Trial 3: step 10 / n_tile_128: 0.140035 ms
Trial 4: step 10 / n128_epi32: 0.138882 ms
Trial 4: step 10 / n_tile_128: 0.140094 ms
Trial 4: step 10 / baseline: 0.138183 ms
Trial 4: step 10 / n128_tmem_double_buffer: 0.137230 ms
Trial 5: step 10 / baseline: 0.137798 ms
Trial 5: step 10 / n_tile_128: 0.140209 ms
Trial 5: step 10 / n128_epi32: 0.138861 ms
Trial 5: step 10 / n128_tmem_double_buffer: 0.137619 ms
Trial 6: step 10 / baseline: 0.137942 ms
Trial 6: step 10 / n128_tmem_double_buffer: 0.137422 ms
Trial 6: step 10 / n128_epi32: 0.138641 ms
Trial 6: step 10 / n_tile_128: 0.140238 ms
Trial 7: step 10 / n128_epi32: 0.138990 ms
Trial 7: step 10 / n128_tmem_double_buffer: 0.137190 ms
Trial 7: step 10 / baseline: 0.138345 ms
Trial 7: step 10 / n_tile_128: 0.140507 ms
step variant         median_ms    min_ms    max_ms paired_speedup vs_cache control                   vs_control limit_ms status
  10 baseline         0.138129  0.136288  0.138739          1.000      n/a baseline                       1.000 0.139100 PASS
  10 n_tile_128       0.140209  0.140035  0.141186          0.984      n/a baseline                       0.984 0.139100 SLOW
  10 n128_epi32       0.138861  0.138034  0.139133          0.995      n/a n_tile_128                     1.011 0.139100 PASS
  10 n128_tmem_double_buffer  0.137422  0.135740  0.137803          1.004      n/a n128_epi32                     1.010 0.139100 PASS
Saved results_b300/step10_tmem_sizes.I9nGIJ/step10_4096/summary.csv; SLOW is a measured result, not a tool error.
