/usr/local/cuda/include/cuda_fp8.hpp(1461): warning #1444-D: class "double4" was declared deprecated ("use double4_16a or double4_32a")
      explicit __CUDA_HOSTDEVICE_FP8__ __nv_fp8x4_e5m2(const double4 f) {
                                       ^

Remark: The warnings can be suppressed with "-diag-suppress <warning-number>"

/usr/local/cuda/include/cuda_fp8.hpp(2090): warning #1444-D: class "double4" was declared deprecated ("use double4_16a or double4_32a")
      explicit __CUDA_HOSTDEVICE_FP8__ __nv_fp8x4_e4m3(const double4 f) {
                                       ^

/usr/local/cuda/include/cuda_fp8.hpp(2739): warning #1444-D: class "double4" was declared deprecated ("use double4_16a or double4_32a")
      explicit __CUDA_HOSTDEVICE_FP8__ __nv_fp8x4_e8m0(const double4 f) {
                                       ^

/usr/local/cuda/include/cuda_fp6.hpp(953): warning #1444-D: class "double4" was declared deprecated ("use double4_16a or double4_32a")
      explicit __CUDA_HOSTDEVICE_FP6__ __nv_fp6x4_e3m2(const double4 f) {
                                       ^

/usr/local/cuda/include/cuda_fp6.hpp(1535): warning #1444-D: class "double4" was declared deprecated ("use double4_16a or double4_32a")
      explicit __CUDA_HOSTDEVICE_FP6__ __nv_fp6x4_e2m3(const double4 f) {
                                       ^

/usr/local/cuda/include/cuda_fp4.hpp(908): warning #1444-D: class "double4" was declared deprecated ("use double4_16a or double4_32a")
      explicit __CUDA_HOSTDEVICE_FP4__ __nv_fp4x4_e2m1(const double4 f) {
                                       ^

tvm_kernels.cu(437): warning #177-D: variable "group_id" was declared but never referenced
      int group_id = 0;
          ^

tvm_kernels.cu(438): warning #177-D: variable "within_group" was declared but never referenced
      int within_group = ((int)blockIdx.x);
          ^

tvm_kernels.cu(439): warning #177-D: variable "cse_v3" was declared but never referenced
      int cse_v3 = (((int)blockIdx.x) & 7);
          ^

tvm_kernels.cu(440): warning #177-D: variable "tile_row" was declared but never referenced
      int tile_row = (((int)blockIdx.x) & 7);
          ^

tvm_kernels.cu(441): warning #177-D: variable "cse_v4" was declared but never referenced
      int cse_v4 = (((int)blockIdx.x) >> 3);
          ^

tvm_kernels.cu(442): warning #177-D: variable "tile_col" was declared but never referenced
      int tile_col = (((int)blockIdx.x) >> 3);
          ^

tvm_kernels.cu(493): warning #177-D: variable "cse_v10" was declared but never referenced
              int cse_v10 = ((k & 1) * 16384);
                  ^

tvm_kernels.cu(494): warning #177-D: variable "cse_v11" was declared but never referenced
              int cse_v11 = ((k * 2) + 4);
                  ^

tvm_kernels.cu(466): warning #177-D: variable "cse_v5" was declared but never referenced
            int cse_v5 = (k & 1);
                ^

tvm_kernels.cu(467): warning #177-D: variable "cse_v8" was declared but never referenced
            int cse_v8 = ((k & 1) + 1);
                ^

tvm_kernels.cu(470): warning #177-D: variable "cse_v9" was declared but never referenced
            int cse_v9 = ((k & 1) * 2048);
                ^

tvm_kernels.cu(472): warning #177-D: variable "cse_v13" was declared but never referenced
            int cse_v13 = (((k & 1) * 2048) + 2);
                ^

tvm_kernels.cu(474): warning #177-D: variable "cse_v14" was declared but never referenced
            int cse_v14 = (((k & 1) * 2048) + 4);
                ^

tvm_kernels.cu(476): warning #177-D: variable "cse_v15" was declared but never referenced
            int cse_v15 = (((k & 1) * 2048) + 6);
                ^

tvm_kernels.cu(478): warning #177-D: variable "cse_v16" was declared but never referenced
            int cse_v16 = (((k & 1) * 2048) + 1024);
                ^

tvm_kernels.cu(480): warning #177-D: variable "cse_v17" was declared but never referenced
            int cse_v17 = (((k & 1) * 2048) + 1026);
                ^

tvm_kernels.cu(482): warning #177-D: variable "cse_v18" was declared but never referenced
            int cse_v18 = (((k & 1) * 2048) + 1028);
                ^

tvm_kernels.cu(484): warning #177-D: variable "cse_v19" was declared but never referenced
            int cse_v19 = (((k & 1) * 2048) + 1030);
                ^

tvm_kernels.cu(510): warning #550-D: variable "dst_lane_indices_0_0_ptr" was set but never used
        alignas(64) int dst_lane_indices_0_0_ptr[1];
                        ^

tvm_kernels.cu(511): warning #177-D: variable "cse_v6" was declared but never referenced
        int cse_v6 = (f * 2);
            ^

tvm_kernels.cu(513): warning #550-D: variable "dst_lane_indices_1_0_ptr" was set but never used
        alignas(64) int dst_lane_indices_1_0_ptr[1];
                        ^

tvm_kernels.cu(543): warning #177-D: variable "cse_v12" was declared but never referenced
        int cse_v12 = ((group_id_1 * 8) + (within_group_1 & 7));
            ^

tvm_kernels.cu(544): warning #177-D: variable "tile_row_1" was declared but never referenced
        int tile_row_1 = ((group_id_1 * 8) + (within_group_1 & 7));
            ^

tvm_kernels.cu(545): warning #177-D: variable "cse_v7" was declared but never referenced
        int cse_v7 = (within_group_1 >> 3);
            ^

tvm_kernels.cu(546): warning #177-D: variable "tile_col_1" was declared but never referenced
        int tile_col_1 = (within_group_1 >> 3);
            ^

tvm_kernels.cu(407): warning #177-D: variable "bx" was declared but never referenced
    int bx = ((int)blockIdx.x);
        ^

tvm_kernels.cu(408): warning #177-D: variable "wg_id" was declared but never referenced
    int wg_id = (warp_id_in_cta >> 2);
        ^

tvm_kernels.cu(409): warning #177-D: variable "cse_v1" was declared but never referenced
    int cse_v1 = (warp_id_in_cta & 3);
        ^

tvm_kernels.cu(410): warning #177-D: variable "warp_id" was declared but never referenced
    int warp_id = (warp_id_in_cta & 3);
        ^

tvm_kernels.cu(411): warning #177-D: variable "cse_v2" was declared but never referenced
    int cse_v2 = (((int)threadIdx.x) & 31);
        ^

tvm_kernels.cu(412): warning #177-D: variable "lane_id" was declared but never referenced
    int lane_id = (((int)threadIdx.x) & 31);
        ^

tvm_kernels.cu(429): warning #177-D: variable "tmem" was declared but never referenced
    float* tmem = ((float*)((float*)((uint*)pool_buf_ptr)[0]));
           ^

tvm_kernels.cu(81): warning #177-D: function "__pack_half2" was declared but never referenced
  __pack_half2(const half x, const half y) {
  ^

tvm_kernels.cu(107): warning #177-D: function "hpow" was declared but never referenced
  CUDA_UNSUPPORTED_HALF_MATH_BINARY(hpow, powf)
  ^

tvm_kernels.cu(111): warning #177-D: function "htan" was declared but never referenced
  CUDA_UNSUPPORTED_HALF_MATH_UNARY(htan, tanf)
  ^

tvm_kernels.cu(112): warning #177-D: function "hatan" was declared but never referenced
  CUDA_UNSUPPORTED_HALF_MATH_UNARY(hatan, atanf)
  ^

tvm_kernels.cu(113): warning #177-D: function "herf" was declared but never referenced
  CUDA_UNSUPPORTED_HALF_MATH_UNARY(herf, erf)
  ^

