Code: 0961ddce53027646e552a90a0964d9a00713be1d; gemm_sha256=727a44403b6c1ea0a0499c8212e5796d0fa2b31944929e9ecd50d60be4b961f2
GPU: NVIDIA B300 SXM6 AC; SMs: 148; {"kind":"cuda","tag":"","keys":["cuda","gpu"],"max_num_threads":1024,"thread_warp_size":32,"arch":"sm_103a"}
Separate builds; each experiment records its direct comparison control. Verify all outputs before interleaved CUDA-event timing.
Verified step 10 / baseline
Verified step 10 / tmem_max_clusters
Verified step 10 / tmem_n64
Verified step 10 / tmem_n64_depth5
Verified boundary Step 10 / tmem_max_clusters / (4096, 3072, 64) twice (untimed)
Verified boundary Step 10 / tmem_max_clusters / (4096, 3072, 128) twice (untimed)
Verified boundary Step 10 / tmem_max_clusters / (4096, 3072, 192) twice (untimed)
Verified boundary Step 10 / tmem_max_clusters / (4096, 3072, 256) twice (untimed)
Verified boundary Step 10 / tmem_max_clusters / (4096, 3072, 320) twice (untimed)
Verified boundary Step 10 / tmem_max_clusters / (4096, 3072, 384) twice (untimed)
Verified boundary Step 10 / tmem_max_clusters / (4608, 2560, 320) twice (untimed)
Verified boundary Step 10 / tmem_max_clusters / (512, 9728, 192) twice (untimed)
Verified boundary Step 10 / tmem_n64 / (4096, 3072, 64) twice (untimed)
Verified boundary Step 10 / tmem_n64 / (4096, 3072, 128) twice (untimed)
Verified boundary Step 10 / tmem_n64 / (4096, 3072, 192) twice (untimed)
Verified boundary Step 10 / tmem_n64 / (4096, 3072, 256) twice (untimed)
Verified boundary Step 10 / tmem_n64 / (4096, 3072, 320) twice (untimed)
Verified boundary Step 10 / tmem_n64 / (4096, 3072, 384) twice (untimed)
Verified boundary Step 10 / tmem_n64 / (4608, 2560, 320) twice (untimed)
Verified boundary Step 10 / tmem_n64 / (512, 9728, 192) twice (untimed)
Verified boundary Step 10 / tmem_n64_depth5 / (4096, 3072, 64) twice (untimed)
Verified boundary Step 10 / tmem_n64_depth5 / (4096, 3072, 128) twice (untimed)
Verified boundary Step 10 / tmem_n64_depth5 / (4096, 3072, 192) twice (untimed)
Verified boundary Step 10 / tmem_n64_depth5 / (4096, 3072, 256) twice (untimed)
Verified boundary Step 10 / tmem_n64_depth5 / (4096, 3072, 320) twice (untimed)
Verified boundary Step 10 / tmem_n64_depth5 / (4096, 3072, 384) twice (untimed)
Verified boundary Step 10 / tmem_n64_depth5 / (4608, 2560, 320) twice (untimed)
Verified boundary Step 10 / tmem_n64_depth5 / (512, 9728, 192) twice (untimed)
Trial 1: step 10 / baseline: 0.093973 ms
Trial 1: step 10 / tmem_max_clusters: 0.096194 ms
Trial 1: step 10 / tmem_n64: 0.129338 ms
Trial 1: step 10 / tmem_n64_depth5: 0.117808 ms
Trial 2: step 10 / tmem_n64_depth5: 0.117276 ms
Trial 2: step 10 / tmem_n64: 0.129335 ms
Trial 2: step 10 / tmem_max_clusters: 0.095762 ms
Trial 2: step 10 / baseline: 0.093911 ms
Trial 3: step 10 / tmem_n64: 0.129315 ms
Trial 3: step 10 / tmem_n64_depth5: 0.117517 ms
Trial 3: step 10 / baseline: 0.092845 ms
Trial 3: step 10 / tmem_max_clusters: 0.108662 ms
Trial 4: step 10 / tmem_max_clusters: 0.112329 ms
Trial 4: step 10 / baseline: 0.107568 ms
Trial 4: step 10 / tmem_n64_depth5: 0.134783 ms
Trial 4: step 10 / tmem_n64: 0.147454 ms
Trial 5: step 10 / baseline: 0.110433 ms
Trial 5: step 10 / tmem_max_clusters: 0.115134 ms
Trial 5: step 10 / tmem_n64: 0.148087 ms
Trial 5: step 10 / tmem_n64_depth5: 0.136006 ms
Trial 6: step 10 / tmem_n64_depth5: 0.136218 ms
Trial 6: step 10 / tmem_n64: 0.150176 ms
Trial 6: step 10 / tmem_max_clusters: 0.117041 ms
Trial 6: step 10 / baseline: 0.111392 ms
Trial 7: step 10 / tmem_n64: 0.150235 ms
Trial 7: step 10 / tmem_n64_depth5: 0.136563 ms
Trial 7: step 10 / baseline: 0.110528 ms
Trial 7: step 10 / tmem_max_clusters: 0.116322 ms
Trial 8: step 10 / tmem_max_clusters: 0.117585 ms
Trial 8: step 10 / baseline: 0.111588 ms
Trial 8: step 10 / tmem_n64_depth5: 0.136641 ms
Trial 8: step 10 / tmem_n64: 0.149795 ms
step variant         median_ms    min_ms    max_ms paired_speedup vs_cache control                   vs_control limit_ms status
  10 baseline         0.109001  0.092845  0.111588          1.000      n/a baseline                       1.000 0.139100 PASS
  10 tmem_max_clusters  0.113731  0.095762  0.117585          0.955      n/a baseline                       0.955 0.139100 PASS
  10 tmem_n64         0.147771  0.129315  0.150235          0.733      n/a tmem_max_clusters              0.776 0.139100 SLOW
  10 tmem_n64_depth5  0.135395  0.117276  0.136641          0.805      n/a tmem_n64                       1.099 0.139100 PASS
Saved results_b300/step10_geometry.PywrmG/step10_4096/summary.csv; SLOW is a measured result, not a tool error.
