Code: 98f2e08db613ec9ea98b2ff9829f8737efe30d2b; gemm_sha256=727a44403b6c1ea0a0499c8212e5796d0fa2b31944929e9ecd50d60be4b961f2
GPU: NVIDIA B300 SXM6 AC; SMs: 148; {"kind":"cuda","tag":"","keys":["cuda","gpu"],"max_num_threads":1024,"thread_warp_size":32,"arch":"sm_103a"}
Separate builds; each experiment records its direct comparison control. Verify all outputs before interleaved CUDA-event timing.
Verified step 10 / baseline
Verified step 10 / tmem_epi64
Verified step 10 / tmem_epi128
Verified step 10 / tmem_epi32_double
Verified boundary Step 10 / tmem_epi64 / (4096, 3072, 64) twice (untimed)
Verified boundary Step 10 / tmem_epi64 / (4096, 3072, 192) twice (untimed)
Verified boundary Step 10 / tmem_epi64 / (4096, 3072, 256) twice (untimed)
Verified boundary Step 10 / tmem_epi64 / (4096, 3072, 320) twice (untimed)
Verified boundary Step 10 / tmem_epi64 / (4608, 2560, 320) twice (untimed)
Verified boundary Step 10 / tmem_epi64 / (512, 9728, 192) twice (untimed)
Verified boundary Step 10 / tmem_epi128 / (4096, 3072, 64) twice (untimed)
Verified boundary Step 10 / tmem_epi128 / (4096, 3072, 192) twice (untimed)
Verified boundary Step 10 / tmem_epi128 / (4096, 3072, 256) twice (untimed)
Verified boundary Step 10 / tmem_epi128 / (4096, 3072, 320) twice (untimed)
Verified boundary Step 10 / tmem_epi128 / (4608, 2560, 320) twice (untimed)
Verified boundary Step 10 / tmem_epi128 / (512, 9728, 192) twice (untimed)
Verified boundary Step 10 / tmem_epi32_double / (4096, 3072, 64) twice (untimed)
Verified boundary Step 10 / tmem_epi32_double / (4096, 3072, 192) twice (untimed)
Verified boundary Step 10 / tmem_epi32_double / (4096, 3072, 256) twice (untimed)
Verified boundary Step 10 / tmem_epi32_double / (4096, 3072, 320) twice (untimed)
Verified boundary Step 10 / tmem_epi32_double / (4608, 2560, 320) twice (untimed)
Verified boundary Step 10 / tmem_epi32_double / (512, 9728, 192) twice (untimed)
Trial 1: step 10 / baseline: 0.139188 ms
Trial 1: step 10 / tmem_epi64: 0.141406 ms
Trial 1: step 10 / tmem_epi128: 0.143895 ms
Trial 1: step 10 / tmem_epi32_double: 0.140674 ms
Trial 2: step 10 / tmem_epi32_double: 0.140900 ms
Trial 2: step 10 / tmem_epi128: 0.143051 ms
Trial 2: step 10 / tmem_epi64: 0.141386 ms
Trial 2: step 10 / baseline: 0.138837 ms
Trial 3: step 10 / tmem_epi128: 0.143299 ms
Trial 3: step 10 / tmem_epi32_double: 0.140299 ms
Trial 3: step 10 / baseline: 0.139011 ms
Trial 3: step 10 / tmem_epi64: 0.141341 ms
Trial 4: step 10 / tmem_epi64: 0.141807 ms
Trial 4: step 10 / baseline: 0.139267 ms
Trial 4: step 10 / tmem_epi32_double: 0.140901 ms
Trial 4: step 10 / tmem_epi128: 0.143482 ms
Trial 5: step 10 / baseline: 0.139180 ms
Trial 5: step 10 / tmem_epi64: 0.141190 ms
Trial 5: step 10 / tmem_epi128: 0.143198 ms
Trial 5: step 10 / tmem_epi32_double: 0.140579 ms
Trial 6: step 10 / tmem_epi32_double: 0.141428 ms
Trial 6: step 10 / tmem_epi128: 0.143582 ms
Trial 6: step 10 / tmem_epi64: 0.141612 ms
Trial 6: step 10 / baseline: 0.139615 ms
Trial 7: step 10 / tmem_epi128: 0.143543 ms
Trial 7: step 10 / tmem_epi32_double: 0.141218 ms
Trial 7: step 10 / baseline: 0.139458 ms
Trial 7: step 10 / tmem_epi64: 0.141668 ms
Trial 8: step 10 / tmem_epi64: 0.141498 ms
Trial 8: step 10 / baseline: 0.139222 ms
Trial 8: step 10 / tmem_epi32_double: 0.140574 ms
Trial 8: step 10 / tmem_epi128: 0.143191 ms
step variant         median_ms    min_ms    max_ms paired_speedup vs_cache control                   vs_control limit_ms status
  10 baseline         0.139205  0.138837  0.139615          1.000      n/a baseline                       1.000 0.139100 SLOW
  10 tmem_epi64       0.141452  0.141190  0.141807          0.984      n/a baseline                       0.984 0.139100 SLOW
  10 tmem_epi128      0.143390  0.143051  0.143895          0.971      n/a baseline                       0.971 0.139100 SLOW
  10 tmem_epi32_double  0.140787  0.140299  0.141428          0.989      n/a baseline                       0.989 0.139100 SLOW
Saved results_b300/step10_epilogue.xVWC2d/step10_4096/summary.csv; SLOW is a measured result, not a tool error.
