Code: f2963b7cace2b45aea4ecbfaea6aa18506f42e82; gemm_sha256=3dfec9f00bda86d46f1664ca17ffe7af5f6095e78884cdc54bec956990c7bcf7
GPU: NVIDIA B300 SXM6 AC; SMs: 148; {"kind":"cuda","tag":"","keys":["cuda","gpu"],"max_num_threads":1024,"thread_warp_size":32,"arch":"sm_103a"}
Separate builds; each experiment records its direct comparison control. Verify all outputs before interleaved CUDA-event timing.
Verified step 10 / baseline
Verified step 10 / mma_unroll4
Verified step 10 / mma_batch_unroll4
Verified boundary Step 10 / mma_unroll4 / (4096, 3072, 64) twice (untimed)
Verified boundary Step 10 / mma_unroll4 / (4096, 3072, 192) twice (untimed)
Verified boundary Step 10 / mma_unroll4 / (4096, 3072, 256) twice (untimed)
Verified boundary Step 10 / mma_unroll4 / (4096, 3072, 320) twice (untimed)
Verified boundary Step 10 / mma_batch_unroll4 / (4096, 3072, 64) twice (untimed)
Verified boundary Step 10 / mma_batch_unroll4 / (4096, 3072, 192) twice (untimed)
Verified boundary Step 10 / mma_batch_unroll4 / (4096, 3072, 256) twice (untimed)
Verified boundary Step 10 / mma_batch_unroll4 / (4096, 3072, 320) twice (untimed)
Trial 1: step 10 / baseline: 0.138846 ms
Trial 1: step 10 / mma_unroll4: 0.138410 ms
Trial 1: step 10 / mma_batch_unroll4: 0.138282 ms
Trial 2: step 10 / baseline: 0.138396 ms
Trial 2: step 10 / mma_batch_unroll4: 0.138343 ms
Trial 2: step 10 / mma_unroll4: 0.138522 ms
Trial 3: step 10 / mma_batch_unroll4: 0.138601 ms
Trial 3: step 10 / baseline: 0.138419 ms
Trial 3: step 10 / mma_unroll4: 0.138352 ms
Trial 4: step 10 / mma_batch_unroll4: 0.138985 ms
Trial 4: step 10 / mma_unroll4: 0.137590 ms
Trial 4: step 10 / baseline: 0.137378 ms
Trial 5: step 10 / mma_unroll4: 0.137802 ms
Trial 5: step 10 / mma_batch_unroll4: 0.138057 ms
Trial 5: step 10 / baseline: 0.137947 ms
step variant         median_ms    min_ms    max_ms paired_speedup vs_cache control                   vs_control limit_ms status
  10 baseline         0.138396  0.137378  0.138846          1.000      n/a baseline                       1.000 0.139100 PASS
  10 mma_unroll4      0.138352  0.137590  0.138522          1.000      n/a baseline                       1.000 0.139100 PASS
  10 mma_batch_unroll4  0.138343  0.138057  0.138985          0.999      n/a mma_unroll4                    0.998 0.139100 PASS
Saved results_b300/step10_mma_unroll4.iR07fS/step10/summary.csv; SLOW is a measured result, not a tool error.
