Code: c69e61269446856c80fb062cefeef0c5a9be1920; gemm_sha256=2d2a0df6c80ecc809ece3f509d00ea65d6cb3a7af079e4c6fe9b6481143d4ba1
GPU: NVIDIA B300 SXM6 AC; SMs: 148; {"kind":"cuda","tag":"","keys":["cuda","gpu"],"max_num_threads":1024,"thread_warp_size":32,"arch":"sm_103a"}
Separate builds; each experiment records its direct comparison control. Verify all outputs before interleaved CUDA-event timing.
Verified step 10 / baseline
Verified step 10 / role_registers
Verified step 10 / tma_b_first
Verified boundary Step 10 / role_registers / (4096, 3072, 64) twice (untimed)
Verified boundary Step 10 / role_registers / (4096, 3072, 320) twice (untimed)
Verified boundary Step 10 / tma_b_first / (4096, 3072, 64) twice (untimed)
Verified boundary Step 10 / tma_b_first / (4096, 3072, 320) twice (untimed)
Trial 1: step 10 / baseline: 0.139254 ms
Trial 1: step 10 / role_registers: 0.138396 ms
Trial 1: step 10 / tma_b_first: 0.138605 ms
Trial 2: step 10 / baseline: 0.138282 ms
Trial 2: step 10 / tma_b_first: 0.135927 ms
Trial 2: step 10 / role_registers: 0.136028 ms
Trial 3: step 10 / tma_b_first: 0.137891 ms
Trial 3: step 10 / baseline: 0.138144 ms
Trial 3: step 10 / role_registers: 0.137905 ms
Trial 4: step 10 / tma_b_first: 0.138317 ms
Trial 4: step 10 / role_registers: 0.138643 ms
Trial 4: step 10 / baseline: 0.138356 ms
Trial 5: step 10 / role_registers: 0.138580 ms
Trial 5: step 10 / tma_b_first: 0.137703 ms
Trial 5: step 10 / baseline: 0.138557 ms
step variant         median_ms    min_ms    max_ms paired_speedup vs_cache control                   vs_control limit_ms status
  10 baseline         0.138356  0.138144  0.139254          1.000      n/a baseline                       1.000 0.139100 PASS
  10 role_registers   0.138396  0.136028  0.138643          1.002      n/a baseline                       1.002 0.139100 PASS
  10 tma_b_first      0.137891  0.135927  0.138605          1.005      n/a baseline                       1.005 0.139100 PASS
Saved results_b300/step10_roles.rx5lNL/step10/summary.csv; SLOW is a measured result, not a tool error.
