Code: 9ad4a382f6d5e3013aa1440a3d488b678fc35b0c; gemm_sha256=727a44403b6c1ea0a0499c8212e5796d0fa2b31944929e9ecd50d60be4b961f2
GPU: NVIDIA B300 SXM6 AC; SMs: 148; {"kind":"cuda","tag":"","keys":["cuda","gpu"],"max_num_threads":1024,"thread_warp_size":32,"arch":"sm_103a"}
Separate builds; each experiment records its direct comparison control. Verify all outputs before interleaved CUDA-event timing.
Verified step 10 / baseline
Verified step 10 / tmem_l2_group4
Verified step 10 / tmem_l2_group2
Verified step 10 / tmem_l2_group1
Verified boundary Step 10 / tmem_l2_group4 / (4096, 3072, 64) twice (untimed)
Verified boundary Step 10 / tmem_l2_group4 / (4096, 3072, 192) twice (untimed)
Verified boundary Step 10 / tmem_l2_group4 / (4096, 3072, 256) twice (untimed)
Verified boundary Step 10 / tmem_l2_group4 / (4096, 3072, 320) twice (untimed)
Verified boundary Step 10 / tmem_l2_group4 / (4608, 2560, 320) twice (untimed)
Verified boundary Step 10 / tmem_l2_group4 / (512, 9728, 192) twice (untimed)
Verified boundary Step 10 / tmem_l2_group2 / (4096, 3072, 64) twice (untimed)
Verified boundary Step 10 / tmem_l2_group2 / (4096, 3072, 192) twice (untimed)
Verified boundary Step 10 / tmem_l2_group2 / (4096, 3072, 256) twice (untimed)
Verified boundary Step 10 / tmem_l2_group2 / (4096, 3072, 320) twice (untimed)
Verified boundary Step 10 / tmem_l2_group2 / (4608, 2560, 320) twice (untimed)
Verified boundary Step 10 / tmem_l2_group2 / (512, 9728, 192) twice (untimed)
Verified boundary Step 10 / tmem_l2_group1 / (4096, 3072, 64) twice (untimed)
Verified boundary Step 10 / tmem_l2_group1 / (4096, 3072, 192) twice (untimed)
Verified boundary Step 10 / tmem_l2_group1 / (4096, 3072, 256) twice (untimed)
Verified boundary Step 10 / tmem_l2_group1 / (4096, 3072, 320) twice (untimed)
Verified boundary Step 10 / tmem_l2_group1 / (4608, 2560, 320) twice (untimed)
Verified boundary Step 10 / tmem_l2_group1 / (512, 9728, 192) twice (untimed)
Trial 1: step 10 / baseline: 0.140298 ms
Trial 1: step 10 / tmem_l2_group4: 0.140433 ms
Trial 1: step 10 / tmem_l2_group2: 0.140416 ms
Trial 1: step 10 / tmem_l2_group1: 0.138814 ms
Trial 2: step 10 / tmem_l2_group1: 0.138661 ms
Trial 2: step 10 / tmem_l2_group2: 0.139777 ms
Trial 2: step 10 / tmem_l2_group4: 0.140063 ms
Trial 2: step 10 / baseline: 0.139076 ms
Trial 3: step 10 / tmem_l2_group2: 0.140259 ms
Trial 3: step 10 / tmem_l2_group1: 0.139757 ms
Trial 3: step 10 / baseline: 0.139011 ms
Trial 3: step 10 / tmem_l2_group4: 0.140371 ms
Trial 4: step 10 / tmem_l2_group4: 0.140119 ms
Trial 4: step 10 / baseline: 0.139113 ms
Trial 4: step 10 / tmem_l2_group1: 0.139582 ms
Trial 4: step 10 / tmem_l2_group2: 0.139847 ms
Trial 5: step 10 / baseline: 0.139214 ms
Trial 5: step 10 / tmem_l2_group4: 0.140356 ms
Trial 5: step 10 / tmem_l2_group2: 0.139932 ms
Trial 5: step 10 / tmem_l2_group1: 0.139677 ms
Trial 6: step 10 / tmem_l2_group1: 0.140026 ms
Trial 6: step 10 / tmem_l2_group2: 0.140070 ms
Trial 6: step 10 / tmem_l2_group4: 0.139793 ms
Trial 6: step 10 / baseline: 0.139042 ms
Trial 7: step 10 / tmem_l2_group2: 0.139921 ms
Trial 7: step 10 / tmem_l2_group1: 0.139956 ms
Trial 7: step 10 / baseline: 0.139137 ms
Trial 7: step 10 / tmem_l2_group4: 0.139941 ms
Trial 8: step 10 / tmem_l2_group4: 0.139886 ms
Trial 8: step 10 / baseline: 0.139178 ms
Trial 8: step 10 / tmem_l2_group1: 0.139851 ms
Trial 8: step 10 / tmem_l2_group2: 0.140018 ms
step variant         median_ms    min_ms    max_ms paired_speedup vs_cache control                   vs_control limit_ms status
  10 baseline         0.139125  0.139011  0.140298          1.000      n/a baseline                       1.000 0.139100 SLOW
  10 tmem_l2_group4   0.140091  0.139793  0.140433          0.994      n/a baseline                       0.994 0.139100 SLOW
  10 tmem_l2_group2   0.139975  0.139777  0.140416          0.995      n/a baseline                       0.995 0.139100 SLOW
  10 tmem_l2_group1   0.139717  0.138661  0.140026          0.996      n/a baseline                       0.996 0.139100 SLOW
Saved results_b300/step10_l2.nqNoLW/step10_4096/summary.csv; SLOW is a measured result, not a tool error.
