Code: 79dd8f80ff840a3e15b00436675324cfe3026280; gemm_sha256=727a44403b6c1ea0a0499c8212e5796d0fa2b31944929e9ecd50d60be4b961f2
GPU: NVIDIA B300 SXM6 AC; SMs: 148; {"kind":"cuda","tag":"","keys":["cuda","gpu"],"max_num_threads":1024,"thread_warp_size":32,"arch":"sm_103a"}
Separate builds; each experiment records its direct comparison control. Verify all outputs before interleaved CUDA-event timing.
Verified step 10 / baseline
Verified step 10 / tmem_input_depth5
Verified boundary Step 10 / tmem_input_depth5 / (4096, 3072, 64) twice (untimed)
Verified boundary Step 10 / tmem_input_depth5 / (4096, 3072, 128) twice (untimed)
Verified boundary Step 10 / tmem_input_depth5 / (4096, 3072, 192) twice (untimed)
Verified boundary Step 10 / tmem_input_depth5 / (4096, 3072, 256) twice (untimed)
Verified boundary Step 10 / tmem_input_depth5 / (4096, 3072, 320) twice (untimed)
Verified boundary Step 10 / tmem_input_depth5 / (4096, 3072, 384) twice (untimed)
Trial 1: step 10 / baseline: 0.139927 ms
Trial 1: step 10 / tmem_input_depth5: 0.139322 ms
Trial 2: step 10 / tmem_input_depth5: 0.139250 ms
Trial 2: step 10 / baseline: 0.139811 ms
Trial 3: step 10 / baseline: 0.136787 ms
Trial 3: step 10 / tmem_input_depth5: 0.136465 ms
Trial 4: step 10 / tmem_input_depth5: 0.136143 ms
Trial 4: step 10 / baseline: 0.138884 ms
Trial 5: step 10 / baseline: 0.139005 ms
Trial 5: step 10 / tmem_input_depth5: 0.138580 ms
Trial 6: step 10 / tmem_input_depth5: 0.138717 ms
Trial 6: step 10 / baseline: 0.138909 ms
Trial 7: step 10 / baseline: 0.139078 ms
Trial 7: step 10 / tmem_input_depth5: 0.138693 ms
Trial 8: step 10 / tmem_input_depth5: 0.138685 ms
Trial 8: step 10 / baseline: 0.139131 ms
step variant         median_ms    min_ms    max_ms paired_speedup vs_cache control                   vs_control limit_ms status
  10 baseline         0.139042  0.136787  0.139927          1.000      n/a baseline                       1.000 0.139100 PASS
  10 tmem_input_depth5  0.138689  0.136143  0.139322          1.003      n/a baseline                       1.003 0.139100 PASS
Saved results_b300/step10_depth5_balanced.Fm3CcJ/step10_4096/summary.csv; SLOW is a measured result, not a tool error.
