Code: 59464cf1aee8a8e27f59d02bba8b3155d712bbdb; gemm_sha256=20b44b79295eb45d13a97c2e0812690f2a5e20b737c76438359bbf3be782cd2c
GPU: NVIDIA B300 SXM6 AC; SMs: 148; {"kind":"cuda","tag":"","keys":["cuda","gpu"],"max_num_threads":1024,"thread_warp_size":32,"arch":"sm_103a"}
Independent variants; verify all outputs before interleaved CUDA-event timing.
Verified step 10 / baseline
Verified step 10 / unroll_ring
Verified step 10 / pipe_depth_2
Verified step 10 / k128_depth_2
Verified step 10 / stream_epilogue
Trial 1: step 10 / baseline: 0.143290 ms
Trial 1: step 10 / unroll_ring: 0.142789 ms
Trial 1: step 10 / pipe_depth_2: 0.173078 ms
Trial 1: step 10 / k128_depth_2: 0.143230 ms
Trial 1: step 10 / stream_epilogue: 0.141907 ms
Trial 2: step 10 / baseline: 0.140492 ms
Trial 2: step 10 / stream_epilogue: 0.143487 ms
Trial 2: step 10 / k128_depth_2: 0.142806 ms
Trial 2: step 10 / pipe_depth_2: 0.173065 ms
Trial 2: step 10 / unroll_ring: 0.142195 ms
Trial 3: step 10 / pipe_depth_2: 0.173213 ms
Trial 3: step 10 / k128_depth_2: 0.142249 ms
Trial 3: step 10 / stream_epilogue: 0.143879 ms
Trial 3: step 10 / baseline: 0.142545 ms
Trial 3: step 10 / unroll_ring: 0.141710 ms
Trial 4: step 10 / pipe_depth_2: 0.172806 ms
Trial 4: step 10 / unroll_ring: 0.141548 ms
Trial 4: step 10 / baseline: 0.142297 ms
Trial 4: step 10 / stream_epilogue: 0.143861 ms
Trial 4: step 10 / k128_depth_2: 0.142288 ms
Trial 5: step 10 / stream_epilogue: 0.144143 ms
Trial 5: step 10 / baseline: 0.142486 ms
Trial 5: step 10 / unroll_ring: 0.141756 ms
Trial 5: step 10 / pipe_depth_2: 0.173186 ms
Trial 5: step 10 / k128_depth_2: 0.142629 ms
step variant         median_ms    min_ms    max_ms paired_speedup limit_ms status
  10 baseline         0.142486  0.140492  0.143290          1.000 0.139100 SLOW
  10 unroll_ring      0.141756  0.141548  0.142789          1.005 0.139100 SLOW
  10 pipe_depth_2     0.173078  0.172806  0.173213          0.823 0.139100 SLOW
  10 k128_depth_2     0.142629  0.142249  0.143230          1.000 0.139100 SLOW
  10 stream_epilogue  0.143861  0.141907  0.144143          0.989 0.139100 SLOW
Saved results_b300/step8_wait_step10_pipeline.VnSWDg/step10/summary.csv; SLOW is a measured result, not a tool error.
