Code: 7ef49389fbf05494bf26faad2234463b3c179b17; gemm_sha256=69734d3c4beaac5a9797fe6875dfe4cc3d9fd19c0cb13c9094f3ca884396346a
GPU: NVIDIA B300 SXM6 AC; {"kind":"cuda","tag":"","keys":["cuda","gpu"],"max_num_threads":1024,"thread_warp_size":32,"arch":"sm_103a"}
Diagnostic variants only; verify all outputs before interleaved CUDA-event timing.
Verified step 4 / baseline
Verified step 4 / k_tile_128
Verified step 4 / tmem_load_64
Verified step 4 / unroll_k
Trial 1: step 4 / baseline: 0.022956 ms
Trial 1: step 4 / k_tile_128: 0.018631 ms
Trial 1: step 4 / tmem_load_64: 0.022721 ms
Trial 1: step 4 / unroll_k: 0.022850 ms
Trial 2: step 4 / baseline: 0.022709 ms
Trial 2: step 4 / unroll_k: 0.022705 ms
Trial 2: step 4 / tmem_load_64: 0.022713 ms
Trial 2: step 4 / k_tile_128: 0.018613 ms
Trial 3: step 4 / tmem_load_64: 0.022766 ms
Trial 3: step 4 / unroll_k: 0.022763 ms
Trial 3: step 4 / baseline: 0.022695 ms
Trial 3: step 4 / k_tile_128: 0.018562 ms
Trial 4: step 4 / tmem_load_64: 0.022763 ms
Trial 4: step 4 / k_tile_128: 0.018615 ms
Trial 4: step 4 / baseline: 0.022668 ms
Trial 4: step 4 / unroll_k: 0.022711 ms
Trial 5: step 4 / baseline: 0.022714 ms
Trial 5: step 4 / k_tile_128: 0.018613 ms
Trial 5: step 4 / tmem_load_64: 0.022656 ms
Trial 5: step 4 / unroll_k: 0.022704 ms
step variant         median_ms    min_ms    max_ms paired_speedup limit_ms status
   4 baseline         0.022709  0.022668  0.022956          1.000 0.022100 SLOW
   4 k_tile_128       0.018613  0.018562  0.018631          1.220 0.022100 PASS
   4 tmem_load_64     0.022721  0.022656  0.022766          1.000 0.022100 SLOW
   4 unroll_k         0.022711  0.022704  0.022850          1.000 0.022100 SLOW
Saved results_b300/mma64_step4.dh9ZC8/probe/summary.csv; SLOW is a measured result, not a tool error.
