[2026-09-14T06:24:01.830+00:00] Code: 01a2248c0e2e2862c82ff405bd7d032072e8548a; gemm_sha256=5515a04dfc3018bff2fe06e7f1f00681db4ee4ce8b376f4098f2348d85989b6c
[2026-09-14T06:24:01.830+00:00] GPU: NVIDIA B300 SXM6 AC; SMs: 148; {"kind":"cuda","tag":"","keys":["cuda","gpu"],"max_num_threads":1024,"thread_warp_size":32,"arch":"sm_103a"}
[2026-09-14T06:24:01.830+00:00] Separate builds; each experiment records its direct comparison control. Verify all outputs before interleaved CUDA-event timing.
[2026-09-14T06:24:03.828+00:00] Verified step 10 / baseline
[2026-09-14T06:24:05.095+00:00] Verified step 10 / tmem_input_depth5
[2026-09-14T06:24:06.187+00:00] Verified step 10 / tmem_share_a_depth5
[2026-09-14T06:24:07.267+00:00] Verified step 10 / tmem_share_a_depth6
[2026-09-14T06:24:08.191+00:00] Verified boundary Step 10 / tmem_input_depth5 / (4096, 3072, 64) twice (untimed)
[2026-09-14T06:24:09.112+00:00] Verified boundary Step 10 / tmem_input_depth5 / (4096, 3072, 128) twice (untimed)
[2026-09-14T06:24:10.039+00:00] Verified boundary Step 10 / tmem_input_depth5 / (4096, 3072, 192) twice (untimed)
[2026-09-14T06:24:10.966+00:00] Verified boundary Step 10 / tmem_input_depth5 / (4096, 3072, 256) twice (untimed)
[2026-09-14T06:24:11.891+00:00] Verified boundary Step 10 / tmem_input_depth5 / (4096, 3072, 320) twice (untimed)
[2026-09-14T06:24:12.822+00:00] Verified boundary Step 10 / tmem_input_depth5 / (4096, 3072, 384) twice (untimed)
[2026-09-14T06:24:13.739+00:00] Verified boundary Step 10 / tmem_share_a_depth5 / (4096, 3072, 64) twice (untimed)
[2026-09-14T06:24:14.857+00:00] Verified boundary Step 10 / tmem_share_a_depth5 / (4096, 3072, 320) twice (untimed)
[2026-09-14T06:24:15.775+00:00] Verified boundary Step 10 / tmem_share_a_depth5 / (4096, 3072, 384) twice (untimed)
[2026-09-14T06:24:16.707+00:00] Verified boundary Step 10 / tmem_share_a_depth5 / (4096, 3072, 448) twice (untimed)
[2026-09-14T06:24:17.600+00:00] Verified boundary Step 10 / tmem_share_a_depth5 / (1536, 5376, 320) twice (untimed)
[2026-09-14T06:24:18.522+00:00] Verified boundary Step 10 / tmem_share_a_depth6 / (4096, 3072, 64) twice (untimed)
[2026-09-14T06:24:19.458+00:00] Verified boundary Step 10 / tmem_share_a_depth6 / (4096, 3072, 320) twice (untimed)
[2026-09-14T06:24:20.390+00:00] Verified boundary Step 10 / tmem_share_a_depth6 / (4096, 3072, 384) twice (untimed)
[2026-09-14T06:24:21.328+00:00] Verified boundary Step 10 / tmem_share_a_depth6 / (4096, 3072, 448) twice (untimed)
[2026-09-14T06:24:22.233+00:00] Verified boundary Step 10 / tmem_share_a_depth6 / (1536, 5376, 320) twice (untimed)
[2026-09-14T06:24:22.237+00:00] Trial 1: step 10 / baseline: 0.094263 ms
[2026-09-14T06:24:22.241+00:00] Trial 1: step 10 / tmem_input_depth5: 0.092134 ms
[2026-09-14T06:24:22.245+00:00] Trial 1: step 10 / tmem_share_a_depth5: 0.092043 ms
[2026-09-14T06:24:22.249+00:00] Trial 1: step 10 / tmem_share_a_depth6: 0.092169 ms
[2026-09-14T06:24:22.254+00:00] Trial 2: step 10 / baseline: 0.094282 ms
[2026-09-14T06:24:22.258+00:00] Trial 2: step 10 / tmem_share_a_depth6: 0.092366 ms
[2026-09-14T06:24:22.262+00:00] Trial 2: step 10 / tmem_share_a_depth5: 0.091885 ms
[2026-09-14T06:24:22.266+00:00] Trial 2: step 10 / tmem_input_depth5: 0.091894 ms
[2026-09-14T06:24:22.270+00:00] Trial 3: step 10 / tmem_share_a_depth5: 0.091497 ms
[2026-09-14T06:24:22.274+00:00] Trial 3: step 10 / tmem_share_a_depth6: 0.091506 ms
[2026-09-14T06:24:22.278+00:00] Trial 3: step 10 / baseline: 0.095254 ms
[2026-09-14T06:24:22.283+00:00] Trial 3: step 10 / tmem_input_depth5: 0.110438 ms
[2026-09-14T06:24:22.288+00:00] Trial 4: step 10 / tmem_share_a_depth5: 0.113959 ms
[2026-09-14T06:24:22.293+00:00] Trial 4: step 10 / tmem_input_depth5: 0.115090 ms
[2026-09-14T06:24:22.299+00:00] Trial 4: step 10 / baseline: 0.115151 ms
[2026-09-14T06:24:22.304+00:00] Trial 4: step 10 / tmem_share_a_depth6: 0.114673 ms
[2026-09-14T06:24:22.309+00:00] Trial 5: step 10 / baseline: 0.114846 ms
[2026-09-14T06:24:22.314+00:00] Trial 5: step 10 / tmem_input_depth5: 0.115017 ms
[2026-09-14T06:24:22.319+00:00] Trial 5: step 10 / tmem_share_a_depth5: 0.118487 ms
[2026-09-14T06:24:22.324+00:00] Trial 5: step 10 / tmem_share_a_depth6: 0.118365 ms
[2026-09-14T06:24:22.330+00:00] Trial 6: step 10 / baseline: 0.115689 ms
[2026-09-14T06:24:22.335+00:00] Trial 6: step 10 / tmem_share_a_depth6: 0.115235 ms
[2026-09-14T06:24:22.339+00:00] Trial 6: step 10 / tmem_share_a_depth5: 0.115620 ms
[2026-09-14T06:24:22.344+00:00] Trial 6: step 10 / tmem_input_depth5: 0.116006 ms
[2026-09-14T06:24:22.350+00:00] Trial 7: step 10 / tmem_share_a_depth5: 0.114899 ms
[2026-09-14T06:24:22.355+00:00] Trial 7: step 10 / tmem_share_a_depth6: 0.115255 ms
[2026-09-14T06:24:22.360+00:00] Trial 7: step 10 / baseline: 0.115490 ms
[2026-09-14T06:24:22.365+00:00] Trial 7: step 10 / tmem_input_depth5: 0.115254 ms
[2026-09-14T06:24:22.370+00:00] Trial 8: step 10 / tmem_share_a_depth5: 0.114699 ms
[2026-09-14T06:24:22.375+00:00] Trial 8: step 10 / tmem_input_depth5: 0.114397 ms
[2026-09-14T06:24:22.380+00:00] Trial 8: step 10 / baseline: 0.114567 ms
[2026-09-14T06:24:22.385+00:00] Trial 8: step 10 / tmem_share_a_depth6: 0.111149 ms
[2026-09-14T06:24:22.390+00:00] Trial 9: step 10 / baseline: 0.111983 ms
[2026-09-14T06:24:22.395+00:00] Trial 9: step 10 / tmem_input_depth5: 0.114076 ms
[2026-09-14T06:24:22.400+00:00] Trial 9: step 10 / tmem_share_a_depth5: 0.111436 ms
[2026-09-14T06:24:22.405+00:00] Trial 9: step 10 / tmem_share_a_depth6: 0.111590 ms
[2026-09-14T06:24:22.410+00:00] Trial 10: step 10 / baseline: 0.111998 ms
[2026-09-14T06:24:22.415+00:00] Trial 10: step 10 / tmem_share_a_depth6: 0.111070 ms
[2026-09-14T06:24:22.420+00:00] Trial 10: step 10 / tmem_share_a_depth5: 0.110937 ms
[2026-09-14T06:24:22.424+00:00] Trial 10: step 10 / tmem_input_depth5: 0.111588 ms
[2026-09-14T06:24:22.430+00:00] Trial 11: step 10 / tmem_share_a_depth5: 0.111044 ms
[2026-09-14T06:24:22.434+00:00] Trial 11: step 10 / tmem_share_a_depth6: 0.110956 ms
[2026-09-14T06:24:22.439+00:00] Trial 11: step 10 / baseline: 0.111908 ms
[2026-09-14T06:24:22.444+00:00] Trial 11: step 10 / tmem_input_depth5: 0.111830 ms
[2026-09-14T06:24:22.449+00:00] Trial 12: step 10 / tmem_share_a_depth5: 0.111419 ms
[2026-09-14T06:24:22.454+00:00] Trial 12: step 10 / tmem_input_depth5: 0.111460 ms
[2026-09-14T06:24:22.459+00:00] Trial 12: step 10 / baseline: 0.111514 ms
[2026-09-14T06:24:22.464+00:00] Trial 12: step 10 / tmem_share_a_depth6: 0.111163 ms
[2026-09-14T06:24:22.469+00:00] Trial 13: step 10 / baseline: 0.111578 ms
[2026-09-14T06:24:22.474+00:00] Trial 13: step 10 / tmem_input_depth5: 0.111526 ms
[2026-09-14T06:24:22.479+00:00] Trial 13: step 10 / tmem_share_a_depth5: 0.110900 ms
[2026-09-14T06:24:22.484+00:00] Trial 13: step 10 / tmem_share_a_depth6: 0.111108 ms
[2026-09-14T06:24:22.489+00:00] Trial 14: step 10 / baseline: 0.112499 ms
[2026-09-14T06:24:22.494+00:00] Trial 14: step 10 / tmem_share_a_depth6: 0.111116 ms
[2026-09-14T06:24:22.499+00:00] Trial 14: step 10 / tmem_share_a_depth5: 0.111167 ms
[2026-09-14T06:24:22.503+00:00] Trial 14: step 10 / tmem_input_depth5: 0.111357 ms
[2026-09-14T06:24:22.509+00:00] Trial 15: step 10 / tmem_share_a_depth5: 0.110955 ms
[2026-09-14T06:24:22.515+00:00] Trial 15: step 10 / tmem_share_a_depth6: 0.111578 ms
[2026-09-14T06:24:22.518+00:00] Trial 15: step 10 / baseline: 0.115388 ms
[2026-09-14T06:24:22.523+00:00] Trial 15: step 10 / tmem_input_depth5: 0.115733 ms
[2026-09-14T06:24:22.529+00:00] Trial 16: step 10 / tmem_share_a_depth5: 0.115184 ms
[2026-09-14T06:24:22.534+00:00] Trial 16: step 10 / tmem_input_depth5: 0.115458 ms
[2026-09-14T06:24:22.539+00:00] Trial 16: step 10 / baseline: 0.115517 ms
[2026-09-14T06:24:22.544+00:00] Trial 16: step 10 / tmem_share_a_depth6: 0.114815 ms
[2026-09-14T06:24:22.549+00:00] Trial 17: step 10 / baseline: 0.115241 ms
[2026-09-14T06:24:22.554+00:00] Trial 17: step 10 / tmem_input_depth5: 0.115458 ms
[2026-09-14T06:24:22.559+00:00] Trial 17: step 10 / tmem_share_a_depth5: 0.114910 ms
[2026-09-14T06:24:22.564+00:00] Trial 17: step 10 / tmem_share_a_depth6: 0.115051 ms
[2026-09-14T06:24:22.569+00:00] Trial 18: step 10 / baseline: 0.112662 ms
[2026-09-14T06:24:22.574+00:00] Trial 18: step 10 / tmem_share_a_depth6: 0.111018 ms
[2026-09-14T06:24:22.579+00:00] Trial 18: step 10 / tmem_share_a_depth5: 0.110924 ms
[2026-09-14T06:24:22.584+00:00] Trial 18: step 10 / tmem_input_depth5: 0.112268 ms
[2026-09-14T06:24:22.589+00:00] Trial 19: step 10 / tmem_share_a_depth5: 0.111306 ms
[2026-09-14T06:24:22.594+00:00] Trial 19: step 10 / tmem_share_a_depth6: 0.111213 ms
[2026-09-14T06:24:22.599+00:00] Trial 19: step 10 / baseline: 0.115122 ms
[2026-09-14T06:24:22.604+00:00] Trial 19: step 10 / tmem_input_depth5: 0.115212 ms
[2026-09-14T06:24:22.609+00:00] Trial 20: step 10 / tmem_share_a_depth5: 0.115009 ms
[2026-09-14T06:24:22.615+00:00] Trial 20: step 10 / tmem_input_depth5: 0.115349 ms
[2026-09-14T06:24:22.620+00:00] Trial 20: step 10 / baseline: 0.115396 ms
[2026-09-14T06:24:22.625+00:00] Trial 20: step 10 / tmem_share_a_depth6: 0.115124 ms
[2026-09-14T06:24:22.630+00:00] Trial 21: step 10 / baseline: 0.115312 ms
[2026-09-14T06:24:22.635+00:00] Trial 21: step 10 / tmem_input_depth5: 0.115463 ms
[2026-09-14T06:24:22.640+00:00] Trial 21: step 10 / tmem_share_a_depth5: 0.115001 ms
[2026-09-14T06:24:22.645+00:00] Trial 21: step 10 / tmem_share_a_depth6: 0.115017 ms
[2026-09-14T06:24:22.650+00:00] Trial 22: step 10 / baseline: 0.116563 ms
[2026-09-14T06:24:22.655+00:00] Trial 22: step 10 / tmem_share_a_depth6: 0.115289 ms
[2026-09-14T06:24:22.660+00:00] Trial 22: step 10 / tmem_share_a_depth5: 0.115355 ms
[2026-09-14T06:24:22.665+00:00] Trial 22: step 10 / tmem_input_depth5: 0.116082 ms
[2026-09-14T06:24:22.671+00:00] Trial 23: step 10 / tmem_share_a_depth5: 0.115279 ms
[2026-09-14T06:24:22.676+00:00] Trial 23: step 10 / tmem_share_a_depth6: 0.115822 ms
[2026-09-14T06:24:22.681+00:00] Trial 23: step 10 / baseline: 0.115947 ms
[2026-09-14T06:24:22.686+00:00] Trial 23: step 10 / tmem_input_depth5: 0.115377 ms
[2026-09-14T06:24:22.691+00:00] Trial 24: step 10 / tmem_share_a_depth5: 0.115676 ms
[2026-09-14T06:24:22.696+00:00] Trial 24: step 10 / tmem_input_depth5: 0.115717 ms
[2026-09-14T06:24:22.701+00:00] Trial 24: step 10 / baseline: 0.115689 ms
[2026-09-14T06:24:22.706+00:00] Trial 24: step 10 / tmem_share_a_depth6: 0.115084 ms
[2026-09-14T06:24:22.712+00:00] Trial 25: step 10 / baseline: 0.115367 ms
[2026-09-14T06:24:22.717+00:00] Trial 25: step 10 / tmem_input_depth5: 0.115036 ms
[2026-09-14T06:24:22.722+00:00] Trial 25: step 10 / tmem_share_a_depth5: 0.114916 ms
[2026-09-14T06:24:22.727+00:00] Trial 25: step 10 / tmem_share_a_depth6: 0.115015 ms
[2026-09-14T06:24:22.732+00:00] Trial 26: step 10 / baseline: 0.115388 ms
[2026-09-14T06:24:22.737+00:00] Trial 26: step 10 / tmem_share_a_depth6: 0.115233 ms
[2026-09-14T06:24:22.742+00:00] Trial 26: step 10 / tmem_share_a_depth5: 0.114789 ms
[2026-09-14T06:24:22.747+00:00] Trial 26: step 10 / tmem_input_depth5: 0.115486 ms
[2026-09-14T06:24:22.753+00:00] Trial 27: step 10 / tmem_share_a_depth5: 0.114831 ms
[2026-09-14T06:24:22.758+00:00] Trial 27: step 10 / tmem_share_a_depth6: 0.115255 ms
[2026-09-14T06:24:22.763+00:00] Trial 27: step 10 / baseline: 0.115306 ms
[2026-09-14T06:24:22.768+00:00] Trial 27: step 10 / tmem_input_depth5: 0.115332 ms
[2026-09-14T06:24:22.773+00:00] Trial 28: step 10 / tmem_share_a_depth5: 0.114783 ms
[2026-09-14T06:24:22.778+00:00] Trial 28: step 10 / tmem_input_depth5: 0.115363 ms
[2026-09-14T06:24:22.783+00:00] Trial 28: step 10 / baseline: 0.115635 ms
[2026-09-14T06:24:22.788+00:00] Trial 28: step 10 / tmem_share_a_depth6: 0.114989 ms
[2026-09-14T06:24:22.794+00:00] Trial 29: step 10 / baseline: 0.115401 ms
[2026-09-14T06:24:22.799+00:00] Trial 29: step 10 / tmem_input_depth5: 0.115690 ms
[2026-09-14T06:24:22.804+00:00] Trial 29: step 10 / tmem_share_a_depth5: 0.115116 ms
[2026-09-14T06:24:22.809+00:00] Trial 29: step 10 / tmem_share_a_depth6: 0.115223 ms
[2026-09-14T06:24:22.814+00:00] Trial 30: step 10 / baseline: 0.115457 ms
[2026-09-14T06:24:22.819+00:00] Trial 30: step 10 / tmem_share_a_depth6: 0.114980 ms
[2026-09-14T06:24:22.824+00:00] Trial 30: step 10 / tmem_share_a_depth5: 0.115148 ms
[2026-09-14T06:24:22.829+00:00] Trial 30: step 10 / tmem_input_depth5: 0.115123 ms
[2026-09-14T06:24:22.835+00:00] Trial 31: step 10 / tmem_share_a_depth5: 0.115182 ms
[2026-09-14T06:24:22.840+00:00] Trial 31: step 10 / tmem_share_a_depth6: 0.115101 ms
[2026-09-14T06:24:22.845+00:00] Trial 31: step 10 / baseline: 0.115351 ms
[2026-09-14T06:24:22.850+00:00] Trial 31: step 10 / tmem_input_depth5: 0.115595 ms
[2026-09-14T06:24:22.855+00:00] Trial 32: step 10 / tmem_share_a_depth5: 0.115041 ms
[2026-09-14T06:24:22.860+00:00] Trial 32: step 10 / tmem_input_depth5: 0.115451 ms
[2026-09-14T06:24:22.865+00:00] Trial 32: step 10 / baseline: 0.115311 ms
[2026-09-14T06:24:22.870+00:00] Trial 32: step 10 / tmem_share_a_depth6: 0.114940 ms
[2026-09-14T06:24:22.878+00:00] Trial 33: step 10 / baseline: 0.115366 ms
[2026-09-14T06:24:22.880+00:00] Trial 33: step 10 / tmem_input_depth5: 0.115184 ms
[2026-09-14T06:24:22.885+00:00] Trial 33: step 10 / tmem_share_a_depth5: 0.114919 ms
[2026-09-14T06:24:22.890+00:00] Trial 33: step 10 / tmem_share_a_depth6: 0.114944 ms
[2026-09-14T06:24:22.896+00:00] Trial 34: step 10 / baseline: 0.115198 ms
[2026-09-14T06:24:22.901+00:00] Trial 34: step 10 / tmem_share_a_depth6: 0.115052 ms
[2026-09-14T06:24:22.906+00:00] Trial 34: step 10 / tmem_share_a_depth5: 0.115011 ms
[2026-09-14T06:24:22.911+00:00] Trial 34: step 10 / tmem_input_depth5: 0.115210 ms
[2026-09-14T06:24:22.916+00:00] Trial 35: step 10 / tmem_share_a_depth5: 0.114947 ms
[2026-09-14T06:24:22.921+00:00] Trial 35: step 10 / tmem_share_a_depth6: 0.115110 ms
[2026-09-14T06:24:22.926+00:00] Trial 35: step 10 / baseline: 0.113828 ms
[2026-09-14T06:24:22.931+00:00] Trial 35: step 10 / tmem_input_depth5: 0.112031 ms
[2026-09-14T06:24:22.936+00:00] Trial 36: step 10 / tmem_share_a_depth5: 0.111386 ms
[2026-09-14T06:24:22.941+00:00] Trial 36: step 10 / tmem_input_depth5: 0.112139 ms
[2026-09-14T06:24:22.946+00:00] Trial 36: step 10 / baseline: 0.112043 ms
[2026-09-14T06:24:22.951+00:00] Trial 36: step 10 / tmem_share_a_depth6: 0.111263 ms
[2026-09-14T06:24:22.956+00:00] Trial 37: step 10 / baseline: 0.111586 ms
[2026-09-14T06:24:22.961+00:00] Trial 37: step 10 / tmem_input_depth5: 0.111609 ms
[2026-09-14T06:24:22.966+00:00] Trial 37: step 10 / tmem_share_a_depth5: 0.111153 ms
[2026-09-14T06:24:22.971+00:00] Trial 37: step 10 / tmem_share_a_depth6: 0.114331 ms
[2026-09-14T06:24:22.976+00:00] Trial 38: step 10 / baseline: 0.115472 ms
[2026-09-14T06:24:22.981+00:00] Trial 38: step 10 / tmem_share_a_depth6: 0.115068 ms
[2026-09-14T06:24:22.986+00:00] Trial 38: step 10 / tmem_share_a_depth5: 0.115119 ms
[2026-09-14T06:24:22.991+00:00] Trial 38: step 10 / tmem_input_depth5: 0.115569 ms
[2026-09-14T06:24:22.997+00:00] Trial 39: step 10 / tmem_share_a_depth5: 0.114868 ms
[2026-09-14T06:24:23.002+00:00] Trial 39: step 10 / tmem_share_a_depth6: 0.115188 ms
[2026-09-14T06:24:23.007+00:00] Trial 39: step 10 / baseline: 0.115309 ms
[2026-09-14T06:24:23.012+00:00] Trial 39: step 10 / tmem_input_depth5: 0.115481 ms
[2026-09-14T06:24:23.017+00:00] Trial 40: step 10 / tmem_share_a_depth5: 0.114939 ms
[2026-09-14T06:24:23.022+00:00] Trial 40: step 10 / tmem_input_depth5: 0.115182 ms
[2026-09-14T06:24:23.027+00:00] Trial 40: step 10 / baseline: 0.115546 ms
[2026-09-14T06:24:23.032+00:00] Trial 40: step 10 / tmem_share_a_depth6: 0.115163 ms
[2026-09-14T06:24:23.038+00:00] Trial 41: step 10 / baseline: 0.115823 ms
[2026-09-14T06:24:23.043+00:00] Trial 41: step 10 / tmem_input_depth5: 0.115518 ms
[2026-09-14T06:24:23.048+00:00] Trial 41: step 10 / tmem_share_a_depth5: 0.111669 ms
[2026-09-14T06:24:23.052+00:00] Trial 41: step 10 / tmem_share_a_depth6: 0.111703 ms
[2026-09-14T06:24:23.058+00:00] Trial 42: step 10 / baseline: 0.112066 ms
[2026-09-14T06:24:23.062+00:00] Trial 42: step 10 / tmem_share_a_depth6: 0.111386 ms
[2026-09-14T06:24:23.067+00:00] Trial 42: step 10 / tmem_share_a_depth5: 0.111271 ms
[2026-09-14T06:24:23.072+00:00] Trial 42: step 10 / tmem_input_depth5: 0.111652 ms
[2026-09-14T06:24:23.077+00:00] Trial 43: step 10 / tmem_share_a_depth5: 0.111216 ms
[2026-09-14T06:24:23.082+00:00] Trial 43: step 10 / tmem_share_a_depth6: 0.111348 ms
[2026-09-14T06:24:23.087+00:00] Trial 43: step 10 / baseline: 0.114193 ms
[2026-09-14T06:24:23.092+00:00] Trial 43: step 10 / tmem_input_depth5: 0.115264 ms
[2026-09-14T06:24:23.098+00:00] Trial 44: step 10 / tmem_share_a_depth5: 0.115084 ms
[2026-09-14T06:24:23.103+00:00] Trial 44: step 10 / tmem_input_depth5: 0.115342 ms
[2026-09-14T06:24:23.108+00:00] Trial 44: step 10 / baseline: 0.112455 ms
[2026-09-14T06:24:23.113+00:00] Trial 44: step 10 / tmem_share_a_depth6: 0.111433 ms
[2026-09-14T06:24:23.118+00:00] Trial 45: step 10 / baseline: 0.111828 ms
[2026-09-14T06:24:23.123+00:00] Trial 45: step 10 / tmem_input_depth5: 0.111637 ms
[2026-09-14T06:24:23.128+00:00] Trial 45: step 10 / tmem_share_a_depth5: 0.114341 ms
[2026-09-14T06:24:23.133+00:00] Trial 45: step 10 / tmem_share_a_depth6: 0.114998 ms
[2026-09-14T06:24:23.138+00:00] Trial 46: step 10 / baseline: 0.115708 ms
[2026-09-14T06:24:23.143+00:00] Trial 46: step 10 / tmem_share_a_depth6: 0.115100 ms
[2026-09-14T06:24:23.148+00:00] Trial 46: step 10 / tmem_share_a_depth5: 0.114870 ms
[2026-09-14T06:24:23.153+00:00] Trial 46: step 10 / tmem_input_depth5: 0.115472 ms
[2026-09-14T06:24:23.158+00:00] Trial 47: step 10 / tmem_share_a_depth5: 0.114803 ms
[2026-09-14T06:24:23.164+00:00] Trial 47: step 10 / tmem_share_a_depth6: 0.115054 ms
[2026-09-14T06:24:23.169+00:00] Trial 47: step 10 / baseline: 0.115515 ms
[2026-09-14T06:24:23.174+00:00] Trial 47: step 10 / tmem_input_depth5: 0.115265 ms
[2026-09-14T06:24:23.179+00:00] Trial 48: step 10 / tmem_share_a_depth5: 0.114977 ms
[2026-09-14T06:24:23.184+00:00] Trial 48: step 10 / tmem_input_depth5: 0.115634 ms
[2026-09-14T06:24:23.189+00:00] Trial 48: step 10 / baseline: 0.115122 ms
[2026-09-14T06:24:23.194+00:00] Trial 48: step 10 / tmem_share_a_depth6: 0.114811 ms
[2026-09-14T06:24:23.199+00:00] Trial 49: step 10 / baseline: 0.115500 ms
[2026-09-14T06:24:23.204+00:00] Trial 49: step 10 / tmem_input_depth5: 0.115378 ms
[2026-09-14T06:24:23.209+00:00] Trial 49: step 10 / tmem_share_a_depth5: 0.114814 ms
[2026-09-14T06:24:23.215+00:00] Trial 49: step 10 / tmem_share_a_depth6: 0.114757 ms
[2026-09-14T06:24:23.220+00:00] Trial 50: step 10 / baseline: 0.115660 ms
[2026-09-14T06:24:23.225+00:00] Trial 50: step 10 / tmem_share_a_depth6: 0.115068 ms
[2026-09-14T06:24:23.230+00:00] Trial 50: step 10 / tmem_share_a_depth5: 0.114847 ms
[2026-09-14T06:24:23.235+00:00] Trial 50: step 10 / tmem_input_depth5: 0.115652 ms
[2026-09-14T06:24:23.240+00:00] Trial 51: step 10 / tmem_share_a_depth5: 0.114899 ms
[2026-09-14T06:24:23.245+00:00] Trial 51: step 10 / tmem_share_a_depth6: 0.114941 ms
[2026-09-14T06:24:23.250+00:00] Trial 51: step 10 / baseline: 0.115585 ms
[2026-09-14T06:24:23.255+00:00] Trial 51: step 10 / tmem_input_depth5: 0.115418 ms
[2026-09-14T06:24:23.261+00:00] Trial 52: step 10 / tmem_share_a_depth5: 0.115042 ms
[2026-09-14T06:24:23.266+00:00] Trial 52: step 10 / tmem_input_depth5: 0.115716 ms
[2026-09-14T06:24:23.271+00:00] Trial 52: step 10 / baseline: 0.115546 ms
[2026-09-14T06:24:23.276+00:00] Trial 52: step 10 / tmem_share_a_depth6: 0.115158 ms
[2026-09-14T06:24:23.281+00:00] Trial 53: step 10 / baseline: 0.115653 ms
[2026-09-14T06:24:23.286+00:00] Trial 53: step 10 / tmem_input_depth5: 0.114692 ms
[2026-09-14T06:24:23.291+00:00] Trial 53: step 10 / tmem_share_a_depth5: 0.111314 ms
[2026-09-14T06:24:23.296+00:00] Trial 53: step 10 / tmem_share_a_depth6: 0.111732 ms
[2026-09-14T06:24:23.301+00:00] Trial 54: step 10 / baseline: 0.111828 ms
[2026-09-14T06:24:23.306+00:00] Trial 54: step 10 / tmem_share_a_depth6: 0.111284 ms
[2026-09-14T06:24:23.311+00:00] Trial 54: step 10 / tmem_share_a_depth5: 0.111447 ms
[2026-09-14T06:24:23.316+00:00] Trial 54: step 10 / tmem_input_depth5: 0.111849 ms
[2026-09-14T06:24:23.321+00:00] Trial 55: step 10 / tmem_share_a_depth5: 0.111449 ms
[2026-09-14T06:24:23.326+00:00] Trial 55: step 10 / tmem_share_a_depth6: 0.111370 ms
[2026-09-14T06:24:23.331+00:00] Trial 55: step 10 / baseline: 0.111911 ms
[2026-09-14T06:24:23.336+00:00] Trial 55: step 10 / tmem_input_depth5: 0.113760 ms
[2026-09-14T06:24:23.341+00:00] Trial 56: step 10 / tmem_share_a_depth5: 0.115265 ms
[2026-09-14T06:24:23.346+00:00] Trial 56: step 10 / tmem_input_depth5: 0.115386 ms
[2026-09-14T06:24:23.351+00:00] Trial 56: step 10 / baseline: 0.115315 ms
[2026-09-14T06:24:23.356+00:00] Trial 56: step 10 / tmem_share_a_depth6: 0.115005 ms
[2026-09-14T06:24:23.362+00:00] Trial 57: step 10 / baseline: 0.115536 ms
[2026-09-14T06:24:23.367+00:00] Trial 57: step 10 / tmem_input_depth5: 0.115390 ms
[2026-09-14T06:24:23.372+00:00] Trial 57: step 10 / tmem_share_a_depth5: 0.111466 ms
[2026-09-14T06:24:23.377+00:00] Trial 57: step 10 / tmem_share_a_depth6: 0.111251 ms
[2026-09-14T06:24:23.382+00:00] Trial 58: step 10 / baseline: 0.111833 ms
[2026-09-14T06:24:23.387+00:00] Trial 58: step 10 / tmem_share_a_depth6: 0.111303 ms
[2026-09-14T06:24:23.392+00:00] Trial 58: step 10 / tmem_share_a_depth5: 0.111658 ms
[2026-09-14T06:24:23.396+00:00] Trial 58: step 10 / tmem_input_depth5: 0.111524 ms
[2026-09-14T06:24:23.402+00:00] Trial 59: step 10 / tmem_share_a_depth5: 0.111137 ms
[2026-09-14T06:24:23.407+00:00] Trial 59: step 10 / tmem_share_a_depth6: 0.113404 ms
[2026-09-14T06:24:23.412+00:00] Trial 59: step 10 / baseline: 0.115236 ms
[2026-09-14T06:24:23.417+00:00] Trial 59: step 10 / tmem_input_depth5: 0.115599 ms
[2026-09-14T06:24:23.422+00:00] Trial 60: step 10 / tmem_share_a_depth5: 0.115056 ms
[2026-09-14T06:24:23.427+00:00] Trial 60: step 10 / tmem_input_depth5: 0.115488 ms
[2026-09-14T06:24:23.432+00:00] Trial 60: step 10 / baseline: 0.115066 ms
[2026-09-14T06:24:23.437+00:00] Trial 60: step 10 / tmem_share_a_depth6: 0.111356 ms
[2026-09-14T06:24:23.445+00:00] Trial 61: step 10 / baseline: 0.112051 ms
[2026-09-14T06:24:23.447+00:00] Trial 61: step 10 / tmem_input_depth5: 0.111714 ms
[2026-09-14T06:24:23.452+00:00] Trial 61: step 10 / tmem_share_a_depth5: 0.111097 ms
[2026-09-14T06:24:23.457+00:00] Trial 61: step 10 / tmem_share_a_depth6: 0.111189 ms
[2026-09-14T06:24:23.462+00:00] Trial 62: step 10 / baseline: 0.111777 ms
[2026-09-14T06:24:23.467+00:00] Trial 62: step 10 / tmem_share_a_depth6: 0.111533 ms
[2026-09-14T06:24:23.472+00:00] Trial 62: step 10 / tmem_share_a_depth5: 0.111292 ms
[2026-09-14T06:24:23.477+00:00] Trial 62: step 10 / tmem_input_depth5: 0.112158 ms
[2026-09-14T06:24:23.482+00:00] Trial 63: step 10 / tmem_share_a_depth5: 0.111277 ms
[2026-09-14T06:24:23.487+00:00] Trial 63: step 10 / tmem_share_a_depth6: 0.113014 ms
[2026-09-14T06:24:23.492+00:00] Trial 63: step 10 / baseline: 0.115461 ms
[2026-09-14T06:24:23.497+00:00] Trial 63: step 10 / tmem_input_depth5: 0.115204 ms
[2026-09-14T06:24:23.502+00:00] Trial 64: step 10 / tmem_share_a_depth5: 0.114839 ms
[2026-09-14T06:24:23.507+00:00] Trial 64: step 10 / tmem_input_depth5: 0.112868 ms
[2026-09-14T06:24:23.512+00:00] Trial 64: step 10 / baseline: 0.112193 ms
[2026-09-14T06:24:23.517+00:00] Trial 64: step 10 / tmem_share_a_depth6: 0.111334 ms
[2026-09-14T06:24:23.522+00:00] Trial 65: step 10 / baseline: 0.111996 ms
[2026-09-14T06:24:23.527+00:00] Trial 65: step 10 / tmem_input_depth5: 0.114109 ms
[2026-09-14T06:24:23.532+00:00] Trial 65: step 10 / tmem_share_a_depth5: 0.114810 ms
[2026-09-14T06:24:23.537+00:00] Trial 65: step 10 / tmem_share_a_depth6: 0.115040 ms
[2026-09-14T06:24:23.543+00:00] Trial 66: step 10 / baseline: 0.115492 ms
[2026-09-14T06:24:23.548+00:00] Trial 66: step 10 / tmem_share_a_depth6: 0.115094 ms
[2026-09-14T06:24:23.553+00:00] Trial 66: step 10 / tmem_share_a_depth5: 0.115073 ms
[2026-09-14T06:24:23.558+00:00] Trial 66: step 10 / tmem_input_depth5: 0.115631 ms
[2026-09-14T06:24:23.563+00:00] Trial 67: step 10 / tmem_share_a_depth5: 0.114890 ms
[2026-09-14T06:24:23.568+00:00] Trial 67: step 10 / tmem_share_a_depth6: 0.115019 ms
[2026-09-14T06:24:23.573+00:00] Trial 67: step 10 / baseline: 0.115332 ms
[2026-09-14T06:24:23.578+00:00] Trial 67: step 10 / tmem_input_depth5: 0.115428 ms
[2026-09-14T06:24:23.584+00:00] Trial 68: step 10 / tmem_share_a_depth5: 0.111302 ms
[2026-09-14T06:24:23.589+00:00] Trial 68: step 10 / tmem_input_depth5: 0.111833 ms
[2026-09-14T06:24:23.593+00:00] Trial 68: step 10 / baseline: 0.111780 ms
[2026-09-14T06:24:23.598+00:00] Trial 68: step 10 / tmem_share_a_depth6: 0.111532 ms
[2026-09-14T06:24:23.604+00:00] Trial 69: step 10 / baseline: 0.111689 ms
[2026-09-14T06:24:23.609+00:00] Trial 69: step 10 / tmem_input_depth5: 0.114912 ms
[2026-09-14T06:24:23.614+00:00] Trial 69: step 10 / tmem_share_a_depth5: 0.114889 ms
[2026-09-14T06:24:23.619+00:00] Trial 69: step 10 / tmem_share_a_depth6: 0.115074 ms
[2026-09-14T06:24:23.624+00:00] Trial 70: step 10 / baseline: 0.115548 ms
[2026-09-14T06:24:23.629+00:00] Trial 70: step 10 / tmem_share_a_depth6: 0.114831 ms
[2026-09-14T06:24:23.634+00:00] Trial 70: step 10 / tmem_share_a_depth5: 0.114734 ms
[2026-09-14T06:24:23.639+00:00] Trial 70: step 10 / tmem_input_depth5: 0.115123 ms
[2026-09-14T06:24:23.645+00:00] Trial 71: step 10 / tmem_share_a_depth5: 0.115029 ms
[2026-09-14T06:24:23.650+00:00] Trial 71: step 10 / tmem_share_a_depth6: 0.115058 ms
[2026-09-14T06:24:23.655+00:00] Trial 71: step 10 / baseline: 0.115267 ms
[2026-09-14T06:24:23.660+00:00] Trial 71: step 10 / tmem_input_depth5: 0.115417 ms
[2026-09-14T06:24:23.665+00:00] Trial 72: step 10 / tmem_share_a_depth5: 0.115222 ms
[2026-09-14T06:24:23.670+00:00] Trial 72: step 10 / tmem_input_depth5: 0.115277 ms
[2026-09-14T06:24:23.675+00:00] Trial 72: step 10 / baseline: 0.114897 ms
[2026-09-14T06:24:23.680+00:00] Trial 72: step 10 / tmem_share_a_depth6: 0.114915 ms
[2026-09-14T06:24:23.686+00:00] Trial 73: step 10 / baseline: 0.115764 ms
[2026-09-14T06:24:23.691+00:00] Trial 73: step 10 / tmem_input_depth5: 0.115398 ms
[2026-09-14T06:24:23.696+00:00] Trial 73: step 10 / tmem_share_a_depth5: 0.114919 ms
[2026-09-14T06:24:23.701+00:00] Trial 73: step 10 / tmem_share_a_depth6: 0.115042 ms
[2026-09-14T06:24:23.706+00:00] Trial 74: step 10 / baseline: 0.115251 ms
[2026-09-14T06:24:23.711+00:00] Trial 74: step 10 / tmem_share_a_depth6: 0.115142 ms
[2026-09-14T06:24:23.716+00:00] Trial 74: step 10 / tmem_share_a_depth5: 0.114666 ms
[2026-09-14T06:24:23.721+00:00] Trial 74: step 10 / tmem_input_depth5: 0.115189 ms
[2026-09-14T06:24:23.727+00:00] Trial 75: step 10 / tmem_share_a_depth5: 0.114994 ms
[2026-09-14T06:24:23.732+00:00] Trial 75: step 10 / tmem_share_a_depth6: 0.115047 ms
[2026-09-14T06:24:23.737+00:00] Trial 75: step 10 / baseline: 0.115028 ms
[2026-09-14T06:24:23.742+00:00] Trial 75: step 10 / tmem_input_depth5: 0.115321 ms
[2026-09-14T06:24:23.747+00:00] Trial 76: step 10 / tmem_share_a_depth5: 0.114809 ms
[2026-09-14T06:24:23.752+00:00] Trial 76: step 10 / tmem_input_depth5: 0.115182 ms
[2026-09-14T06:24:23.757+00:00] Trial 76: step 10 / baseline: 0.115258 ms
[2026-09-14T06:24:23.762+00:00] Trial 76: step 10 / tmem_share_a_depth6: 0.115156 ms
[2026-09-14T06:24:23.768+00:00] Trial 77: step 10 / baseline: 0.115398 ms
[2026-09-14T06:24:23.773+00:00] Trial 77: step 10 / tmem_input_depth5: 0.115884 ms
[2026-09-14T06:24:23.778+00:00] Trial 77: step 10 / tmem_share_a_depth5: 0.114922 ms
[2026-09-14T06:24:23.783+00:00] Trial 77: step 10 / tmem_share_a_depth6: 0.114847 ms
[2026-09-14T06:24:23.788+00:00] Trial 78: step 10 / baseline: 0.115687 ms
[2026-09-14T06:24:23.793+00:00] Trial 78: step 10 / tmem_share_a_depth6: 0.114800 ms
[2026-09-14T06:24:23.798+00:00] Trial 78: step 10 / tmem_share_a_depth5: 0.114910 ms
[2026-09-14T06:24:23.803+00:00] Trial 78: step 10 / tmem_input_depth5: 0.115170 ms
[2026-09-14T06:24:23.809+00:00] Trial 79: step 10 / tmem_share_a_depth5: 0.114809 ms
[2026-09-14T06:24:23.814+00:00] Trial 79: step 10 / tmem_share_a_depth6: 0.114977 ms
[2026-09-14T06:24:23.819+00:00] Trial 79: step 10 / baseline: 0.115278 ms
[2026-09-14T06:24:23.824+00:00] Trial 79: step 10 / tmem_input_depth5: 0.115307 ms
[2026-09-14T06:24:23.829+00:00] Trial 80: step 10 / tmem_share_a_depth5: 0.115331 ms
[2026-09-14T06:24:23.834+00:00] Trial 80: step 10 / tmem_input_depth5: 0.115461 ms
[2026-09-14T06:24:23.839+00:00] Trial 80: step 10 / baseline: 0.114930 ms
[2026-09-14T06:24:23.844+00:00] Trial 80: step 10 / tmem_share_a_depth6: 0.115092 ms
[2026-09-14T06:24:23.850+00:00] Trial 81: step 10 / baseline: 0.115599 ms
[2026-09-14T06:24:23.855+00:00] Trial 81: step 10 / tmem_input_depth5: 0.115251 ms
[2026-09-14T06:24:23.860+00:00] Trial 81: step 10 / tmem_share_a_depth5: 0.115317 ms
[2026-09-14T06:24:23.865+00:00] Trial 81: step 10 / tmem_share_a_depth6: 0.115251 ms
[2026-09-14T06:24:23.870+00:00] Trial 82: step 10 / baseline: 0.115760 ms
[2026-09-14T06:24:23.876+00:00] Trial 82: step 10 / tmem_share_a_depth6: 0.114864 ms
[2026-09-14T06:24:23.881+00:00] Trial 82: step 10 / tmem_share_a_depth5: 0.115002 ms
[2026-09-14T06:24:23.886+00:00] Trial 82: step 10 / tmem_input_depth5: 0.115536 ms
[2026-09-14T06:24:23.891+00:00] Trial 83: step 10 / tmem_share_a_depth5: 0.114933 ms
[2026-09-14T06:24:23.896+00:00] Trial 83: step 10 / tmem_share_a_depth6: 0.115097 ms
[2026-09-14T06:24:23.901+00:00] Trial 83: step 10 / baseline: 0.115445 ms
[2026-09-14T06:24:23.906+00:00] Trial 83: step 10 / tmem_input_depth5: 0.115348 ms
[2026-09-14T06:24:23.912+00:00] Trial 84: step 10 / tmem_share_a_depth5: 0.114880 ms
[2026-09-14T06:24:23.917+00:00] Trial 84: step 10 / tmem_input_depth5: 0.115389 ms
[2026-09-14T06:24:23.922+00:00] Trial 84: step 10 / baseline: 0.115365 ms
[2026-09-14T06:24:23.927+00:00] Trial 84: step 10 / tmem_share_a_depth6: 0.113277 ms
[2026-09-14T06:24:23.932+00:00] Trial 85: step 10 / baseline: 0.111899 ms
[2026-09-14T06:24:23.937+00:00] Trial 85: step 10 / tmem_input_depth5: 0.111705 ms
[2026-09-14T06:24:23.942+00:00] Trial 85: step 10 / tmem_share_a_depth5: 0.111331 ms
[2026-09-14T06:24:23.947+00:00] Trial 85: step 10 / tmem_share_a_depth6: 0.113175 ms
[2026-09-14T06:24:23.952+00:00] Trial 86: step 10 / baseline: 0.115292 ms
[2026-09-14T06:24:23.957+00:00] Trial 86: step 10 / tmem_share_a_depth6: 0.115145 ms
[2026-09-14T06:24:23.962+00:00] Trial 86: step 10 / tmem_share_a_depth5: 0.115049 ms
[2026-09-14T06:24:23.967+00:00] Trial 86: step 10 / tmem_input_depth5: 0.115583 ms
[2026-09-14T06:24:23.973+00:00] Trial 87: step 10 / tmem_share_a_depth5: 0.115115 ms
[2026-09-14T06:24:23.978+00:00] Trial 87: step 10 / tmem_share_a_depth6: 0.115202 ms
[2026-09-14T06:24:23.983+00:00] Trial 87: step 10 / baseline: 0.115694 ms
[2026-09-14T06:24:23.988+00:00] Trial 87: step 10 / tmem_input_depth5: 0.112333 ms
[2026-09-14T06:24:23.993+00:00] Trial 88: step 10 / tmem_share_a_depth5: 0.111572 ms
[2026-09-14T06:24:23.998+00:00] Trial 88: step 10 / tmem_input_depth5: 0.111773 ms
[2026-09-14T06:24:24.003+00:00] Trial 88: step 10 / baseline: 0.111775 ms
[2026-09-14T06:24:24.008+00:00] Trial 88: step 10 / tmem_share_a_depth6: 0.111341 ms
[2026-09-14T06:24:24.013+00:00] Trial 89: step 10 / baseline: 0.111796 ms
[2026-09-14T06:24:24.018+00:00] Trial 89: step 10 / tmem_input_depth5: 0.111648 ms
[2026-09-14T06:24:24.023+00:00] Trial 89: step 10 / tmem_share_a_depth5: 0.111519 ms
[2026-09-14T06:24:24.028+00:00] Trial 89: step 10 / tmem_share_a_depth6: 0.114445 ms
[2026-09-14T06:24:24.033+00:00] Trial 90: step 10 / baseline: 0.115625 ms
[2026-09-14T06:24:24.038+00:00] Trial 90: step 10 / tmem_share_a_depth6: 0.115118 ms
[2026-09-14T06:24:24.043+00:00] Trial 90: step 10 / tmem_share_a_depth5: 0.114962 ms
[2026-09-14T06:24:24.048+00:00] Trial 90: step 10 / tmem_input_depth5: 0.115377 ms
[2026-09-14T06:24:24.054+00:00] Trial 91: step 10 / tmem_share_a_depth5: 0.115391 ms
[2026-09-14T06:24:24.059+00:00] Trial 91: step 10 / tmem_share_a_depth6: 0.115085 ms
[2026-09-14T06:24:24.064+00:00] Trial 91: step 10 / baseline: 0.115537 ms
[2026-09-14T06:24:24.069+00:00] Trial 91: step 10 / tmem_input_depth5: 0.115326 ms
[2026-09-14T06:24:24.074+00:00] Trial 92: step 10 / tmem_share_a_depth5: 0.115074 ms
[2026-09-14T06:24:24.079+00:00] Trial 92: step 10 / tmem_input_depth5: 0.115482 ms
[2026-09-14T06:24:24.085+00:00] Trial 92: step 10 / baseline: 0.115264 ms
[2026-09-14T06:24:24.090+00:00] Trial 92: step 10 / tmem_share_a_depth6: 0.115131 ms
[2026-09-14T06:24:24.095+00:00] Trial 93: step 10 / baseline: 0.115680 ms
[2026-09-14T06:24:24.100+00:00] Trial 93: step 10 / tmem_input_depth5: 0.115497 ms
[2026-09-14T06:24:24.105+00:00] Trial 93: step 10 / tmem_share_a_depth5: 0.114734 ms
[2026-09-14T06:24:24.110+00:00] Trial 93: step 10 / tmem_share_a_depth6: 0.115145 ms
[2026-09-14T06:24:24.116+00:00] Trial 94: step 10 / baseline: 0.115682 ms
[2026-09-14T06:24:24.121+00:00] Trial 94: step 10 / tmem_share_a_depth6: 0.114993 ms
[2026-09-14T06:24:24.126+00:00] Trial 94: step 10 / tmem_share_a_depth5: 0.114285 ms
[2026-09-14T06:24:24.130+00:00] Trial 94: step 10 / tmem_input_depth5: 0.111582 ms
[2026-09-14T06:24:24.136+00:00] Trial 95: step 10 / tmem_share_a_depth5: 0.111317 ms
[2026-09-14T06:24:24.141+00:00] Trial 95: step 10 / tmem_share_a_depth6: 0.111079 ms
[2026-09-14T06:24:24.146+00:00] Trial 95: step 10 / baseline: 0.111998 ms
[2026-09-14T06:24:24.151+00:00] Trial 95: step 10 / tmem_input_depth5: 0.112107 ms
[2026-09-14T06:24:24.156+00:00] Trial 96: step 10 / tmem_share_a_depth5: 0.112163 ms
[2026-09-14T06:24:24.161+00:00] Trial 96: step 10 / tmem_input_depth5: 0.115588 ms
[2026-09-14T06:24:24.166+00:00] Trial 96: step 10 / baseline: 0.115527 ms
[2026-09-14T06:24:24.171+00:00] Trial 96: step 10 / tmem_share_a_depth6: 0.115006 ms
[2026-09-14T06:24:24.176+00:00] Trial 97: step 10 / baseline: 0.115616 ms
[2026-09-14T06:24:24.181+00:00] Trial 97: step 10 / tmem_input_depth5: 0.115357 ms
[2026-09-14T06:24:24.186+00:00] Trial 97: step 10 / tmem_share_a_depth5: 0.113341 ms
[2026-09-14T06:24:24.191+00:00] Trial 97: step 10 / tmem_share_a_depth6: 0.111485 ms
[2026-09-14T06:24:24.197+00:00] Trial 98: step 10 / baseline: 0.112060 ms
[2026-09-14T06:24:24.202+00:00] Trial 98: step 10 / tmem_share_a_depth6: 0.111550 ms
[2026-09-14T06:24:24.206+00:00] Trial 98: step 10 / tmem_share_a_depth5: 0.113355 ms
[2026-09-14T06:24:24.212+00:00] Trial 98: step 10 / tmem_input_depth5: 0.115353 ms
[2026-09-14T06:24:24.219+00:00] Trial 99: step 10 / tmem_share_a_depth5: 0.115242 ms
[2026-09-14T06:24:24.222+00:00] Trial 99: step 10 / tmem_share_a_depth6: 0.114784 ms
[2026-09-14T06:24:24.227+00:00] Trial 99: step 10 / baseline: 0.115645 ms
[2026-09-14T06:24:24.232+00:00] Trial 99: step 10 / tmem_input_depth5: 0.115185 ms
[2026-09-14T06:24:24.238+00:00] Trial 100: step 10 / tmem_share_a_depth5: 0.115246 ms
[2026-09-14T06:24:24.243+00:00] Trial 100: step 10 / tmem_input_depth5: 0.115262 ms
[2026-09-14T06:24:24.248+00:00] Trial 100: step 10 / baseline: 0.115307 ms
[2026-09-14T06:24:24.253+00:00] Trial 100: step 10 / tmem_share_a_depth6: 0.115154 ms
[2026-09-14T06:24:24.258+00:00] Trial 101: step 10 / baseline: 0.115504 ms
[2026-09-14T06:24:24.263+00:00] Trial 101: step 10 / tmem_input_depth5: 0.115353 ms
[2026-09-14T06:24:24.268+00:00] Trial 101: step 10 / tmem_share_a_depth5: 0.114037 ms
[2026-09-14T06:24:24.273+00:00] Trial 101: step 10 / tmem_share_a_depth6: 0.111723 ms
[2026-09-14T06:24:24.279+00:00] Trial 102: step 10 / baseline: 0.111660 ms
[2026-09-14T06:24:24.284+00:00] Trial 102: step 10 / tmem_share_a_depth6: 0.111421 ms
[2026-09-14T06:24:24.289+00:00] Trial 102: step 10 / tmem_share_a_depth5: 0.115084 ms
[2026-09-14T06:24:24.294+00:00] Trial 102: step 10 / tmem_input_depth5: 0.115728 ms
[2026-09-14T06:24:24.299+00:00] Trial 103: step 10 / tmem_share_a_depth5: 0.115337 ms
[2026-09-14T06:24:24.304+00:00] Trial 103: step 10 / tmem_share_a_depth6: 0.115134 ms
[2026-09-14T06:24:24.309+00:00] Trial 103: step 10 / baseline: 0.112020 ms
[2026-09-14T06:24:24.314+00:00] Trial 103: step 10 / tmem_input_depth5: 0.112066 ms
[2026-09-14T06:24:24.320+00:00] Trial 104: step 10 / tmem_share_a_depth5: 0.111423 ms
[2026-09-14T06:24:24.324+00:00] Trial 104: step 10 / tmem_input_depth5: 0.112057 ms
[2026-09-14T06:24:24.329+00:00] Trial 104: step 10 / baseline: 0.112134 ms
[2026-09-14T06:24:24.334+00:00] Trial 104: step 10 / tmem_share_a_depth6: 0.111393 ms
[2026-09-14T06:24:24.340+00:00] Trial 105: step 10 / baseline: 0.115697 ms
[2026-09-14T06:24:24.345+00:00] Trial 105: step 10 / tmem_input_depth5: 0.115348 ms
[2026-09-14T06:24:24.350+00:00] Trial 105: step 10 / tmem_share_a_depth5: 0.111142 ms
[2026-09-14T06:24:24.355+00:00] Trial 105: step 10 / tmem_share_a_depth6: 0.111241 ms
[2026-09-14T06:24:24.360+00:00] Trial 106: step 10 / baseline: 0.112119 ms
[2026-09-14T06:24:24.365+00:00] Trial 106: step 10 / tmem_share_a_depth6: 0.111418 ms
[2026-09-14T06:24:24.370+00:00] Trial 106: step 10 / tmem_share_a_depth5: 0.111378 ms
[2026-09-14T06:24:24.375+00:00] Trial 106: step 10 / tmem_input_depth5: 0.111680 ms
[2026-09-14T06:24:24.380+00:00] Trial 107: step 10 / tmem_share_a_depth5: 0.111755 ms
[2026-09-14T06:24:24.385+00:00] Trial 107: step 10 / tmem_share_a_depth6: 0.111339 ms
[2026-09-14T06:24:24.390+00:00] Trial 107: step 10 / baseline: 0.111725 ms
[2026-09-14T06:24:24.395+00:00] Trial 107: step 10 / tmem_input_depth5: 0.112505 ms
[2026-09-14T06:24:24.400+00:00] Trial 108: step 10 / tmem_share_a_depth5: 0.115025 ms
[2026-09-14T06:24:24.405+00:00] Trial 108: step 10 / tmem_input_depth5: 0.115701 ms
[2026-09-14T06:24:24.410+00:00] Trial 108: step 10 / baseline: 0.115405 ms
[2026-09-14T06:24:24.415+00:00] Trial 108: step 10 / tmem_share_a_depth6: 0.115125 ms
[2026-09-14T06:24:24.421+00:00] Trial 109: step 10 / baseline: 0.115696 ms
[2026-09-14T06:24:24.426+00:00] Trial 109: step 10 / tmem_input_depth5: 0.115169 ms
[2026-09-14T06:24:24.431+00:00] Trial 109: step 10 / tmem_share_a_depth5: 0.111380 ms
[2026-09-14T06:24:24.436+00:00] Trial 109: step 10 / tmem_share_a_depth6: 0.111583 ms
[2026-09-14T06:24:24.441+00:00] Trial 110: step 10 / baseline: 0.112307 ms
[2026-09-14T06:24:24.446+00:00] Trial 110: step 10 / tmem_share_a_depth6: 0.111162 ms
[2026-09-14T06:24:24.451+00:00] Trial 110: step 10 / tmem_share_a_depth5: 0.111310 ms
[2026-09-14T06:24:24.456+00:00] Trial 110: step 10 / tmem_input_depth5: 0.111677 ms
[2026-09-14T06:24:24.461+00:00] Trial 111: step 10 / tmem_share_a_depth5: 0.111301 ms
[2026-09-14T06:24:24.466+00:00] Trial 111: step 10 / tmem_share_a_depth6: 0.111622 ms
[2026-09-14T06:24:24.471+00:00] Trial 111: step 10 / baseline: 0.114957 ms
[2026-09-14T06:24:24.476+00:00] Trial 111: step 10 / tmem_input_depth5: 0.115347 ms
[2026-09-14T06:24:24.481+00:00] Trial 112: step 10 / tmem_share_a_depth5: 0.115276 ms
[2026-09-14T06:24:24.486+00:00] Trial 112: step 10 / tmem_input_depth5: 0.113989 ms
[2026-09-14T06:24:24.491+00:00] Trial 112: step 10 / baseline: 0.111879 ms
[2026-09-14T06:24:24.496+00:00] Trial 112: step 10 / tmem_share_a_depth6: 0.111387 ms
[2026-09-14T06:24:24.502+00:00] Trial 113: step 10 / baseline: 0.111849 ms
[2026-09-14T06:24:24.506+00:00] Trial 113: step 10 / tmem_input_depth5: 0.111869 ms
[2026-09-14T06:24:24.511+00:00] Trial 113: step 10 / tmem_share_a_depth5: 0.111328 ms
[2026-09-14T06:24:24.516+00:00] Trial 113: step 10 / tmem_share_a_depth6: 0.111709 ms
[2026-09-14T06:24:24.522+00:00] Trial 114: step 10 / baseline: 0.111764 ms
[2026-09-14T06:24:24.527+00:00] Trial 114: step 10 / tmem_share_a_depth6: 0.112543 ms
[2026-09-14T06:24:24.532+00:00] Trial 114: step 10 / tmem_share_a_depth5: 0.115174 ms
[2026-09-14T06:24:24.537+00:00] Trial 114: step 10 / tmem_input_depth5: 0.115646 ms
[2026-09-14T06:24:24.542+00:00] Trial 115: step 10 / tmem_share_a_depth5: 0.114953 ms
[2026-09-14T06:24:24.547+00:00] Trial 115: step 10 / tmem_share_a_depth6: 0.114988 ms
[2026-09-14T06:24:24.552+00:00] Trial 115: step 10 / baseline: 0.115271 ms
[2026-09-14T06:24:24.557+00:00] Trial 115: step 10 / tmem_input_depth5: 0.112325 ms
[2026-09-14T06:24:24.562+00:00] Trial 116: step 10 / tmem_share_a_depth5: 0.111401 ms
[2026-09-14T06:24:24.567+00:00] Trial 116: step 10 / tmem_input_depth5: 0.111305 ms
[2026-09-14T06:24:24.572+00:00] Trial 116: step 10 / baseline: 0.111845 ms
[2026-09-14T06:24:24.577+00:00] Trial 116: step 10 / tmem_share_a_depth6: 0.111382 ms
[2026-09-14T06:24:24.583+00:00] Trial 117: step 10 / baseline: 0.111892 ms
[2026-09-14T06:24:24.588+00:00] Trial 117: step 10 / tmem_input_depth5: 0.111868 ms
[2026-09-14T06:24:24.592+00:00] Trial 117: step 10 / tmem_share_a_depth5: 0.111559 ms
[2026-09-14T06:24:24.597+00:00] Trial 117: step 10 / tmem_share_a_depth6: 0.111638 ms
[2026-09-14T06:24:24.603+00:00] Trial 118: step 10 / baseline: 0.111791 ms
[2026-09-14T06:24:24.608+00:00] Trial 118: step 10 / tmem_share_a_depth6: 0.114402 ms
[2026-09-14T06:24:24.613+00:00] Trial 118: step 10 / tmem_share_a_depth5: 0.114790 ms
[2026-09-14T06:24:24.618+00:00] Trial 118: step 10 / tmem_input_depth5: 0.115386 ms
[2026-09-14T06:24:24.623+00:00] Trial 119: step 10 / tmem_share_a_depth5: 0.115103 ms
[2026-09-14T06:24:24.628+00:00] Trial 119: step 10 / tmem_share_a_depth6: 0.115394 ms
[2026-09-14T06:24:24.634+00:00] Trial 119: step 10 / baseline: 0.115866 ms
[2026-09-14T06:24:24.639+00:00] Trial 119: step 10 / tmem_input_depth5: 0.115509 ms
[2026-09-14T06:24:24.644+00:00] Trial 120: step 10 / tmem_share_a_depth5: 0.115098 ms
[2026-09-14T06:24:24.651+00:00] Trial 120: step 10 / tmem_input_depth5: 0.115363 ms
[2026-09-14T06:24:24.654+00:00] Trial 120: step 10 / baseline: 0.115484 ms
[2026-09-14T06:24:24.659+00:00] Trial 120: step 10 / tmem_share_a_depth6: 0.114953 ms
[2026-09-14T06:24:24.665+00:00] Trial 121: step 10 / baseline: 0.115561 ms
[2026-09-14T06:24:24.670+00:00] Trial 121: step 10 / tmem_input_depth5: 0.115344 ms
[2026-09-14T06:24:24.675+00:00] Trial 121: step 10 / tmem_share_a_depth5: 0.115069 ms
[2026-09-14T06:24:24.680+00:00] Trial 121: step 10 / tmem_share_a_depth6: 0.114955 ms
[2026-09-14T06:24:24.685+00:00] Trial 122: step 10 / baseline: 0.115807 ms
[2026-09-14T06:24:24.690+00:00] Trial 122: step 10 / tmem_share_a_depth6: 0.114797 ms
[2026-09-14T06:24:24.695+00:00] Trial 122: step 10 / tmem_share_a_depth5: 0.114960 ms
[2026-09-14T06:24:24.700+00:00] Trial 122: step 10 / tmem_input_depth5: 0.115218 ms
[2026-09-14T06:24:24.706+00:00] Trial 123: step 10 / tmem_share_a_depth5: 0.114993 ms
[2026-09-14T06:24:24.711+00:00] Trial 123: step 10 / tmem_share_a_depth6: 0.114966 ms
[2026-09-14T06:24:24.716+00:00] Trial 123: step 10 / baseline: 0.115488 ms
[2026-09-14T06:24:24.721+00:00] Trial 123: step 10 / tmem_input_depth5: 0.115284 ms
[2026-09-14T06:24:24.727+00:00] Trial 124: step 10 / tmem_share_a_depth5: 0.114971 ms
[2026-09-14T06:24:24.732+00:00] Trial 124: step 10 / tmem_input_depth5: 0.115419 ms
[2026-09-14T06:24:24.737+00:00] Trial 124: step 10 / baseline: 0.115712 ms
[2026-09-14T06:24:24.742+00:00] Trial 124: step 10 / tmem_share_a_depth6: 0.115117 ms
[2026-09-14T06:24:24.747+00:00] Trial 125: step 10 / baseline: 0.115537 ms
[2026-09-14T06:24:24.752+00:00] Trial 125: step 10 / tmem_input_depth5: 0.115589 ms
[2026-09-14T06:24:24.757+00:00] Trial 125: step 10 / tmem_share_a_depth5: 0.115129 ms
[2026-09-14T06:24:24.763+00:00] Trial 125: step 10 / tmem_share_a_depth6: 0.115114 ms
[2026-09-14T06:24:24.768+00:00] Trial 126: step 10 / baseline: 0.115871 ms
[2026-09-14T06:24:24.773+00:00] Trial 126: step 10 / tmem_share_a_depth6: 0.115364 ms
[2026-09-14T06:24:24.778+00:00] Trial 126: step 10 / tmem_share_a_depth5: 0.114716 ms
[2026-09-14T06:24:24.783+00:00] Trial 126: step 10 / tmem_input_depth5: 0.115596 ms
[2026-09-14T06:24:24.789+00:00] Trial 127: step 10 / tmem_share_a_depth5: 0.115221 ms
[2026-09-14T06:24:24.794+00:00] Trial 127: step 10 / tmem_share_a_depth6: 0.115315 ms
[2026-09-14T06:24:24.799+00:00] Trial 127: step 10 / baseline: 0.115255 ms
[2026-09-14T06:24:24.804+00:00] Trial 127: step 10 / tmem_input_depth5: 0.115514 ms
[2026-09-14T06:24:24.809+00:00] Trial 128: step 10 / tmem_share_a_depth5: 0.115092 ms
[2026-09-14T06:24:24.815+00:00] Trial 128: step 10 / tmem_input_depth5: 0.115175 ms
[2026-09-14T06:24:24.820+00:00] Trial 128: step 10 / baseline: 0.115543 ms
[2026-09-14T06:24:24.825+00:00] Trial 128: step 10 / tmem_share_a_depth6: 0.115317 ms
[2026-09-14T06:24:24.830+00:00] Trial 129: step 10 / baseline: 0.115007 ms
[2026-09-14T06:24:24.835+00:00] Trial 129: step 10 / tmem_input_depth5: 0.115483 ms
[2026-09-14T06:24:24.840+00:00] Trial 129: step 10 / tmem_share_a_depth5: 0.115197 ms
[2026-09-14T06:24:24.845+00:00] Trial 129: step 10 / tmem_share_a_depth6: 0.114956 ms
[2026-09-14T06:24:24.851+00:00] Trial 130: step 10 / baseline: 0.115344 ms
[2026-09-14T06:24:24.856+00:00] Trial 130: step 10 / tmem_share_a_depth6: 0.115121 ms
[2026-09-14T06:24:24.861+00:00] Trial 130: step 10 / tmem_share_a_depth5: 0.115158 ms
[2026-09-14T06:24:24.866+00:00] Trial 130: step 10 / tmem_input_depth5: 0.115620 ms
[2026-09-14T06:24:24.872+00:00] Trial 131: step 10 / tmem_share_a_depth5: 0.111279 ms
[2026-09-14T06:24:24.876+00:00] Trial 131: step 10 / tmem_share_a_depth6: 0.111385 ms
[2026-09-14T06:24:24.881+00:00] Trial 131: step 10 / baseline: 0.111926 ms
[2026-09-14T06:24:24.886+00:00] Trial 131: step 10 / tmem_input_depth5: 0.113717 ms
[2026-09-14T06:24:24.892+00:00] Trial 132: step 10 / tmem_share_a_depth5: 0.115060 ms
[2026-09-14T06:24:24.897+00:00] Trial 132: step 10 / tmem_input_depth5: 0.115438 ms
[2026-09-14T06:24:24.902+00:00] Trial 132: step 10 / baseline: 0.115676 ms
[2026-09-14T06:24:24.907+00:00] Trial 132: step 10 / tmem_share_a_depth6: 0.113013 ms
[2026-09-14T06:24:24.912+00:00] Trial 133: step 10 / baseline: 0.111951 ms
[2026-09-14T06:24:24.917+00:00] Trial 133: step 10 / tmem_input_depth5: 0.111914 ms
[2026-09-14T06:24:24.922+00:00] Trial 133: step 10 / tmem_share_a_depth5: 0.111308 ms
[2026-09-14T06:24:24.927+00:00] Trial 133: step 10 / tmem_share_a_depth6: 0.111785 ms
[2026-09-14T06:24:24.933+00:00] Trial 134: step 10 / baseline: 0.111901 ms
[2026-09-14T06:24:24.937+00:00] Trial 134: step 10 / tmem_share_a_depth6: 0.111371 ms
[2026-09-14T06:24:24.942+00:00] Trial 134: step 10 / tmem_share_a_depth5: 0.111558 ms
[2026-09-14T06:24:24.947+00:00] Trial 134: step 10 / tmem_input_depth5: 0.114554 ms
[2026-09-14T06:24:24.953+00:00] Trial 135: step 10 / tmem_share_a_depth5: 0.115339 ms
[2026-09-14T06:24:24.958+00:00] Trial 135: step 10 / tmem_share_a_depth6: 0.115134 ms
[2026-09-14T06:24:24.963+00:00] Trial 135: step 10 / baseline: 0.115726 ms
[2026-09-14T06:24:24.968+00:00] Trial 135: step 10 / tmem_input_depth5: 0.115359 ms
[2026-09-14T06:24:24.974+00:00] Trial 136: step 10 / tmem_share_a_depth5: 0.115218 ms
[2026-09-14T06:24:24.979+00:00] Trial 136: step 10 / tmem_input_depth5: 0.115244 ms
[2026-09-14T06:24:24.984+00:00] Trial 136: step 10 / baseline: 0.115354 ms
[2026-09-14T06:24:24.989+00:00] Trial 136: step 10 / tmem_share_a_depth6: 0.113325 ms
[2026-09-14T06:24:24.994+00:00] Trial 137: step 10 / baseline: 0.115565 ms
[2026-09-14T06:24:24.999+00:00] Trial 137: step 10 / tmem_input_depth5: 0.115211 ms
[2026-09-14T06:24:25.004+00:00] Trial 137: step 10 / tmem_share_a_depth5: 0.115124 ms
[2026-09-14T06:24:25.009+00:00] Trial 137: step 10 / tmem_share_a_depth6: 0.115140 ms
[2026-09-14T06:24:25.015+00:00] Trial 138: step 10 / baseline: 0.115090 ms
[2026-09-14T06:24:25.020+00:00] Trial 138: step 10 / tmem_share_a_depth6: 0.111462 ms
[2026-09-14T06:24:25.025+00:00] Trial 138: step 10 / tmem_share_a_depth5: 0.111245 ms
[2026-09-14T06:24:25.030+00:00] Trial 138: step 10 / tmem_input_depth5: 0.111721 ms
[2026-09-14T06:24:25.035+00:00] Trial 139: step 10 / tmem_share_a_depth5: 0.111216 ms
[2026-09-14T06:24:25.040+00:00] Trial 139: step 10 / tmem_share_a_depth6: 0.111374 ms
[2026-09-14T06:24:25.045+00:00] Trial 139: step 10 / baseline: 0.112098 ms
[2026-09-14T06:24:25.050+00:00] Trial 139: step 10 / tmem_input_depth5: 0.112455 ms
[2026-09-14T06:24:25.055+00:00] Trial 140: step 10 / tmem_share_a_depth5: 0.112619 ms
[2026-09-14T06:24:25.060+00:00] Trial 140: step 10 / tmem_input_depth5: 0.115441 ms
[2026-09-14T06:24:25.065+00:00] Trial 140: step 10 / baseline: 0.115429 ms
[2026-09-14T06:24:25.071+00:00] Trial 140: step 10 / tmem_share_a_depth6: 0.111638 ms
[2026-09-14T06:24:25.076+00:00] Trial 141: step 10 / baseline: 0.111867 ms
[2026-09-14T06:24:25.081+00:00] Trial 141: step 10 / tmem_input_depth5: 0.112100 ms
[2026-09-14T06:24:25.086+00:00] Trial 141: step 10 / tmem_share_a_depth5: 0.112130 ms
[2026-09-14T06:24:25.091+00:00] Trial 141: step 10 / tmem_share_a_depth6: 0.114935 ms
[2026-09-14T06:24:25.096+00:00] Trial 142: step 10 / baseline: 0.115417 ms
[2026-09-14T06:24:25.101+00:00] Trial 142: step 10 / tmem_share_a_depth6: 0.114730 ms
[2026-09-14T06:24:25.106+00:00] Trial 142: step 10 / tmem_share_a_depth5: 0.115058 ms
[2026-09-14T06:24:25.111+00:00] Trial 142: step 10 / tmem_input_depth5: 0.115767 ms
[2026-09-14T06:24:25.117+00:00] Trial 143: step 10 / tmem_share_a_depth5: 0.115004 ms
[2026-09-14T06:24:25.122+00:00] Trial 143: step 10 / tmem_share_a_depth6: 0.114822 ms
[2026-09-14T06:24:25.127+00:00] Trial 143: step 10 / baseline: 0.113850 ms
[2026-09-14T06:24:25.132+00:00] Trial 143: step 10 / tmem_input_depth5: 0.111273 ms
[2026-09-14T06:24:25.137+00:00] Trial 144: step 10 / tmem_share_a_depth5: 0.111408 ms
[2026-09-14T06:24:25.142+00:00] Trial 144: step 10 / tmem_input_depth5: 0.111876 ms
[2026-09-14T06:24:25.147+00:00] Trial 144: step 10 / baseline: 0.111842 ms
[2026-09-14T06:24:25.152+00:00] Trial 144: step 10 / tmem_share_a_depth6: 0.111077 ms
[2026-09-14T06:24:25.158+00:00] Trial 145: step 10 / baseline: 0.111745 ms
[2026-09-14T06:24:25.162+00:00] Trial 145: step 10 / tmem_input_depth5: 0.111863 ms
[2026-09-14T06:24:25.167+00:00] Trial 145: step 10 / tmem_share_a_depth5: 0.111335 ms
[2026-09-14T06:24:25.172+00:00] Trial 145: step 10 / tmem_share_a_depth6: 0.111010 ms
[2026-09-14T06:24:25.177+00:00] Trial 146: step 10 / baseline: 0.111797 ms
[2026-09-14T06:24:25.182+00:00] Trial 146: step 10 / tmem_share_a_depth6: 0.111325 ms
[2026-09-14T06:24:25.187+00:00] Trial 146: step 10 / tmem_share_a_depth5: 0.111461 ms
[2026-09-14T06:24:25.192+00:00] Trial 146: step 10 / tmem_input_depth5: 0.111936 ms
[2026-09-14T06:24:25.198+00:00] Trial 147: step 10 / tmem_share_a_depth5: 0.111453 ms
[2026-09-14T06:24:25.202+00:00] Trial 147: step 10 / tmem_share_a_depth6: 0.111522 ms
[2026-09-14T06:24:25.207+00:00] Trial 147: step 10 / baseline: 0.114050 ms
[2026-09-14T06:24:25.212+00:00] Trial 147: step 10 / tmem_input_depth5: 0.115533 ms
[2026-09-14T06:24:25.218+00:00] Trial 148: step 10 / tmem_share_a_depth5: 0.115196 ms
[2026-09-14T06:24:25.223+00:00] Trial 148: step 10 / tmem_input_depth5: 0.115245 ms
[2026-09-14T06:24:25.228+00:00] Trial 148: step 10 / baseline: 0.115491 ms
[2026-09-14T06:24:25.233+00:00] Trial 148: step 10 / tmem_share_a_depth6: 0.115042 ms
[2026-09-14T06:24:25.239+00:00] Trial 149: step 10 / baseline: 0.115606 ms
[2026-09-14T06:24:25.244+00:00] Trial 149: step 10 / tmem_input_depth5: 0.115552 ms
[2026-09-14T06:24:25.249+00:00] Trial 149: step 10 / tmem_share_a_depth5: 0.111472 ms
[2026-09-14T06:24:25.254+00:00] Trial 149: step 10 / tmem_share_a_depth6: 0.111546 ms
[2026-09-14T06:24:25.259+00:00] Trial 150: step 10 / baseline: 0.112183 ms
[2026-09-14T06:24:25.264+00:00] Trial 150: step 10 / tmem_share_a_depth6: 0.111513 ms
[2026-09-14T06:24:25.269+00:00] Trial 150: step 10 / tmem_share_a_depth5: 0.112957 ms
[2026-09-14T06:24:25.274+00:00] Trial 150: step 10 / tmem_input_depth5: 0.115120 ms
[2026-09-14T06:24:25.280+00:00] Trial 151: step 10 / tmem_share_a_depth5: 0.115255 ms
[2026-09-14T06:24:25.285+00:00] Trial 151: step 10 / tmem_share_a_depth6: 0.115193 ms
[2026-09-14T06:24:25.290+00:00] Trial 151: step 10 / baseline: 0.111722 ms
[2026-09-14T06:24:25.294+00:00] Trial 151: step 10 / tmem_input_depth5: 0.111491 ms
[2026-09-14T06:24:25.300+00:00] Trial 152: step 10 / tmem_share_a_depth5: 0.111425 ms
[2026-09-14T06:24:25.305+00:00] Trial 152: step 10 / tmem_input_depth5: 0.111908 ms
[2026-09-14T06:24:25.310+00:00] Trial 152: step 10 / baseline: 0.112203 ms
[2026-09-14T06:24:25.315+00:00] Trial 152: step 10 / tmem_share_a_depth6: 0.111510 ms
[2026-09-14T06:24:25.320+00:00] Trial 153: step 10 / baseline: 0.111798 ms
[2026-09-14T06:24:25.325+00:00] Trial 153: step 10 / tmem_input_depth5: 0.111719 ms
[2026-09-14T06:24:25.330+00:00] Trial 153: step 10 / tmem_share_a_depth5: 0.111203 ms
[2026-09-14T06:24:25.335+00:00] Trial 153: step 10 / tmem_share_a_depth6: 0.111327 ms
[2026-09-14T06:24:25.340+00:00] Trial 154: step 10 / baseline: 0.111931 ms
[2026-09-14T06:24:25.345+00:00] Trial 154: step 10 / tmem_share_a_depth6: 0.111076 ms
[2026-09-14T06:24:25.350+00:00] Trial 154: step 10 / tmem_share_a_depth5: 0.110963 ms
[2026-09-14T06:24:25.355+00:00] Trial 154: step 10 / tmem_input_depth5: 0.111474 ms
[2026-09-14T06:24:25.360+00:00] Trial 155: step 10 / tmem_share_a_depth5: 0.111039 ms
[2026-09-14T06:24:25.367+00:00] Trial 155: step 10 / tmem_share_a_depth6: 0.111472 ms
[2026-09-14T06:24:25.370+00:00] Trial 155: step 10 / baseline: 0.114945 ms
[2026-09-14T06:24:25.375+00:00] Trial 155: step 10 / tmem_input_depth5: 0.115332 ms
[2026-09-14T06:24:25.381+00:00] Trial 156: step 10 / tmem_share_a_depth5: 0.115037 ms
[2026-09-14T06:24:25.386+00:00] Trial 156: step 10 / tmem_input_depth5: 0.114668 ms
[2026-09-14T06:24:25.391+00:00] Trial 156: step 10 / baseline: 0.111887 ms
[2026-09-14T06:24:25.396+00:00] Trial 156: step 10 / tmem_share_a_depth6: 0.111588 ms
[2026-09-14T06:24:25.401+00:00] Trial 157: step 10 / baseline: 0.111846 ms
[2026-09-14T06:24:25.406+00:00] Trial 157: step 10 / tmem_input_depth5: 0.112022 ms
[2026-09-14T06:24:25.411+00:00] Trial 157: step 10 / tmem_share_a_depth5: 0.111677 ms
[2026-09-14T06:24:25.416+00:00] Trial 157: step 10 / tmem_share_a_depth6: 0.111577 ms
[2026-09-14T06:24:25.421+00:00] Trial 158: step 10 / baseline: 0.112070 ms
[2026-09-14T06:24:25.426+00:00] Trial 158: step 10 / tmem_share_a_depth6: 0.111408 ms
[2026-09-14T06:24:25.431+00:00] Trial 158: step 10 / tmem_share_a_depth5: 0.111702 ms
[2026-09-14T06:24:25.436+00:00] Trial 158: step 10 / tmem_input_depth5: 0.111746 ms
[2026-09-14T06:24:25.442+00:00] Trial 159: step 10 / tmem_share_a_depth5: 0.111537 ms
[2026-09-14T06:24:25.447+00:00] Trial 159: step 10 / tmem_share_a_depth6: 0.111382 ms
[2026-09-14T06:24:25.451+00:00] Trial 159: step 10 / baseline: 0.111895 ms
[2026-09-14T06:24:25.456+00:00] Trial 159: step 10 / tmem_input_depth5: 0.111911 ms
[2026-09-14T06:24:25.462+00:00] Trial 160: step 10 / tmem_share_a_depth5: 0.111465 ms
[2026-09-14T06:24:25.467+00:00] Trial 160: step 10 / tmem_input_depth5: 0.111519 ms
[2026-09-14T06:24:25.472+00:00] Trial 160: step 10 / baseline: 0.111806 ms
[2026-09-14T06:24:25.476+00:00] Trial 160: step 10 / tmem_share_a_depth6: 0.111302 ms
[2026-09-14T06:24:25.482+00:00] Trial 161: step 10 / baseline: 0.111889 ms
[2026-09-14T06:24:25.487+00:00] Trial 161: step 10 / tmem_input_depth5: 0.112154 ms
[2026-09-14T06:24:25.492+00:00] Trial 161: step 10 / tmem_share_a_depth5: 0.111053 ms
[2026-09-14T06:24:25.497+00:00] Trial 161: step 10 / tmem_share_a_depth6: 0.111307 ms
[2026-09-14T06:24:25.502+00:00] Trial 162: step 10 / baseline: 0.111634 ms
[2026-09-14T06:24:25.507+00:00] Trial 162: step 10 / tmem_share_a_depth6: 0.111675 ms
[2026-09-14T06:24:25.512+00:00] Trial 162: step 10 / tmem_share_a_depth5: 0.111174 ms
[2026-09-14T06:24:25.517+00:00] Trial 162: step 10 / tmem_input_depth5: 0.111849 ms
[2026-09-14T06:24:25.522+00:00] Trial 163: step 10 / tmem_share_a_depth5: 0.111301 ms
[2026-09-14T06:24:25.527+00:00] Trial 163: step 10 / tmem_share_a_depth6: 0.111142 ms
[2026-09-14T06:24:25.532+00:00] Trial 163: step 10 / baseline: 0.111482 ms
[2026-09-14T06:24:25.537+00:00] Trial 163: step 10 / tmem_input_depth5: 0.111476 ms
[2026-09-14T06:24:25.542+00:00] Trial 164: step 10 / tmem_share_a_depth5: 0.111363 ms
[2026-09-14T06:24:25.547+00:00] Trial 164: step 10 / tmem_input_depth5: 0.112051 ms
[2026-09-14T06:24:25.552+00:00] Trial 164: step 10 / baseline: 0.111182 ms
[2026-09-14T06:24:25.557+00:00] Trial 164: step 10 / tmem_share_a_depth6: 0.111662 ms
[2026-09-14T06:24:25.563+00:00] Trial 165: step 10 / baseline: 0.111409 ms
[2026-09-14T06:24:25.567+00:00] Trial 165: step 10 / tmem_input_depth5: 0.112059 ms
[2026-09-14T06:24:25.572+00:00] Trial 165: step 10 / tmem_share_a_depth5: 0.111440 ms
[2026-09-14T06:24:25.577+00:00] Trial 165: step 10 / tmem_share_a_depth6: 0.111157 ms
[2026-09-14T06:24:25.583+00:00] Trial 166: step 10 / baseline: 0.112282 ms
[2026-09-14T06:24:25.588+00:00] Trial 166: step 10 / tmem_share_a_depth6: 0.114329 ms
[2026-09-14T06:24:25.593+00:00] Trial 166: step 10 / tmem_share_a_depth5: 0.114947 ms
[2026-09-14T06:24:25.598+00:00] Trial 166: step 10 / tmem_input_depth5: 0.115478 ms
[2026-09-14T06:24:25.603+00:00] Trial 167: step 10 / tmem_share_a_depth5: 0.115266 ms
[2026-09-14T06:24:25.608+00:00] Trial 167: step 10 / tmem_share_a_depth6: 0.115221 ms
[2026-09-14T06:24:25.613+00:00] Trial 167: step 10 / baseline: 0.115422 ms
[2026-09-14T06:24:25.619+00:00] Trial 167: step 10 / tmem_input_depth5: 0.115441 ms
[2026-09-14T06:24:25.624+00:00] Trial 168: step 10 / tmem_share_a_depth5: 0.114935 ms
[2026-09-14T06:24:25.629+00:00] Trial 168: step 10 / tmem_input_depth5: 0.115355 ms
[2026-09-14T06:24:25.634+00:00] Trial 168: step 10 / baseline: 0.115600 ms
[2026-09-14T06:24:25.639+00:00] Trial 168: step 10 / tmem_share_a_depth6: 0.114939 ms
[2026-09-14T06:24:25.645+00:00] Trial 169: step 10 / baseline: 0.115228 ms
[2026-09-14T06:24:25.650+00:00] Trial 169: step 10 / tmem_input_depth5: 0.115492 ms
[2026-09-14T06:24:25.655+00:00] Trial 169: step 10 / tmem_share_a_depth5: 0.114852 ms
[2026-09-14T06:24:25.660+00:00] Trial 169: step 10 / tmem_share_a_depth6: 0.115069 ms
[2026-09-14T06:24:25.666+00:00] Trial 170: step 10 / baseline: 0.115892 ms
[2026-09-14T06:24:25.671+00:00] Trial 170: step 10 / tmem_share_a_depth6: 0.114730 ms
[2026-09-14T06:24:25.676+00:00] Trial 170: step 10 / tmem_share_a_depth5: 0.115230 ms
[2026-09-14T06:24:25.681+00:00] Trial 170: step 10 / tmem_input_depth5: 0.115377 ms
[2026-09-14T06:24:25.687+00:00] Trial 171: step 10 / tmem_share_a_depth5: 0.114929 ms
[2026-09-14T06:24:25.692+00:00] Trial 171: step 10 / tmem_share_a_depth6: 0.114788 ms
[2026-09-14T06:24:25.697+00:00] Trial 171: step 10 / baseline: 0.115482 ms
[2026-09-14T06:24:25.702+00:00] Trial 171: step 10 / tmem_input_depth5: 0.115479 ms
[2026-09-14T06:24:25.707+00:00] Trial 172: step 10 / tmem_share_a_depth5: 0.115214 ms
[2026-09-14T06:24:25.712+00:00] Trial 172: step 10 / tmem_input_depth5: 0.115447 ms
[2026-09-14T06:24:25.717+00:00] Trial 172: step 10 / baseline: 0.115393 ms
[2026-09-14T06:24:25.722+00:00] Trial 172: step 10 / tmem_share_a_depth6: 0.115040 ms
[2026-09-14T06:24:25.728+00:00] Trial 173: step 10 / baseline: 0.115626 ms
[2026-09-14T06:24:25.733+00:00] Trial 173: step 10 / tmem_input_depth5: 0.115472 ms
[2026-09-14T06:24:25.738+00:00] Trial 173: step 10 / tmem_share_a_depth5: 0.114957 ms
[2026-09-14T06:24:25.743+00:00] Trial 173: step 10 / tmem_share_a_depth6: 0.115310 ms
[2026-09-14T06:24:25.749+00:00] Trial 174: step 10 / baseline: 0.115533 ms
[2026-09-14T06:24:25.754+00:00] Trial 174: step 10 / tmem_share_a_depth6: 0.114926 ms
[2026-09-14T06:24:25.759+00:00] Trial 174: step 10 / tmem_share_a_depth5: 0.114988 ms
[2026-09-14T06:24:25.764+00:00] Trial 174: step 10 / tmem_input_depth5: 0.115645 ms
[2026-09-14T06:24:25.770+00:00] Trial 175: step 10 / tmem_share_a_depth5: 0.115017 ms
[2026-09-14T06:24:25.775+00:00] Trial 175: step 10 / tmem_share_a_depth6: 0.115052 ms
[2026-09-14T06:24:25.780+00:00] Trial 175: step 10 / baseline: 0.115324 ms
[2026-09-14T06:24:25.785+00:00] Trial 175: step 10 / tmem_input_depth5: 0.115519 ms
[2026-09-14T06:24:25.791+00:00] Trial 176: step 10 / tmem_share_a_depth5: 0.115044 ms
[2026-09-14T06:24:25.796+00:00] Trial 176: step 10 / tmem_input_depth5: 0.115036 ms
[2026-09-14T06:24:25.801+00:00] Trial 176: step 10 / baseline: 0.115546 ms
[2026-09-14T06:24:25.806+00:00] Trial 176: step 10 / tmem_share_a_depth6: 0.114318 ms
[2026-09-14T06:24:25.811+00:00] Trial 177: step 10 / baseline: 0.112021 ms
[2026-09-14T06:24:25.816+00:00] Trial 177: step 10 / tmem_input_depth5: 0.111579 ms
[2026-09-14T06:24:25.821+00:00] Trial 177: step 10 / tmem_share_a_depth5: 0.111712 ms
[2026-09-14T06:24:25.826+00:00] Trial 177: step 10 / tmem_share_a_depth6: 0.112202 ms
[2026-09-14T06:24:25.832+00:00] Trial 178: step 10 / baseline: 0.115623 ms
[2026-09-14T06:24:25.837+00:00] Trial 178: step 10 / tmem_share_a_depth6: 0.115079 ms
[2026-09-14T06:24:25.842+00:00] Trial 178: step 10 / tmem_share_a_depth5: 0.115284 ms
[2026-09-14T06:24:25.847+00:00] Trial 178: step 10 / tmem_input_depth5: 0.115623 ms
[2026-09-14T06:24:25.852+00:00] Trial 179: step 10 / tmem_share_a_depth5: 0.115583 ms
[2026-09-14T06:24:25.857+00:00] Trial 179: step 10 / tmem_share_a_depth6: 0.115107 ms
[2026-09-14T06:24:25.862+00:00] Trial 179: step 10 / baseline: 0.115328 ms
[2026-09-14T06:24:25.867+00:00] Trial 179: step 10 / tmem_input_depth5: 0.115487 ms
[2026-09-14T06:24:25.873+00:00] Trial 180: step 10 / tmem_share_a_depth5: 0.115088 ms
[2026-09-14T06:24:25.878+00:00] Trial 180: step 10 / tmem_input_depth5: 0.115182 ms
[2026-09-14T06:24:25.883+00:00] Trial 180: step 10 / baseline: 0.116229 ms
[2026-09-14T06:24:25.888+00:00] Trial 180: step 10 / tmem_share_a_depth6: 0.115417 ms
[2026-09-14T06:24:25.894+00:00] Trial 181: step 10 / baseline: 0.115521 ms
[2026-09-14T06:24:25.899+00:00] Trial 181: step 10 / tmem_input_depth5: 0.115050 ms
[2026-09-14T06:24:25.904+00:00] Trial 181: step 10 / tmem_share_a_depth5: 0.115125 ms
[2026-09-14T06:24:25.909+00:00] Trial 181: step 10 / tmem_share_a_depth6: 0.115141 ms
[2026-09-14T06:24:25.914+00:00] Trial 182: step 10 / baseline: 0.115673 ms
[2026-09-14T06:24:25.920+00:00] Trial 182: step 10 / tmem_share_a_depth6: 0.115172 ms
[2026-09-14T06:24:25.925+00:00] Trial 182: step 10 / tmem_share_a_depth5: 0.115257 ms
[2026-09-14T06:24:25.930+00:00] Trial 182: step 10 / tmem_input_depth5: 0.115616 ms
[2026-09-14T06:24:25.935+00:00] Trial 183: step 10 / tmem_share_a_depth5: 0.115219 ms
[2026-09-14T06:24:25.940+00:00] Trial 183: step 10 / tmem_share_a_depth6: 0.115243 ms
[2026-09-14T06:24:25.945+00:00] Trial 183: step 10 / baseline: 0.115186 ms
[2026-09-14T06:24:25.950+00:00] Trial 183: step 10 / tmem_input_depth5: 0.115162 ms
[2026-09-14T06:24:25.956+00:00] Trial 184: step 10 / tmem_share_a_depth5: 0.114582 ms
[2026-09-14T06:24:25.961+00:00] Trial 184: step 10 / tmem_input_depth5: 0.112733 ms
[2026-09-14T06:24:25.966+00:00] Trial 184: step 10 / baseline: 0.113082 ms
[2026-09-14T06:24:25.971+00:00] Trial 184: step 10 / tmem_share_a_depth6: 0.112406 ms
[2026-09-14T06:24:25.976+00:00] Trial 185: step 10 / baseline: 0.113015 ms
[2026-09-14T06:24:25.981+00:00] Trial 185: step 10 / tmem_input_depth5: 0.112487 ms
[2026-09-14T06:24:25.986+00:00] Trial 185: step 10 / tmem_share_a_depth5: 0.112084 ms
[2026-09-14T06:24:25.991+00:00] Trial 185: step 10 / tmem_share_a_depth6: 0.112108 ms
[2026-09-14T06:24:25.996+00:00] Trial 186: step 10 / baseline: 0.113957 ms
[2026-09-14T06:24:26.001+00:00] Trial 186: step 10 / tmem_share_a_depth6: 0.112558 ms
[2026-09-14T06:24:26.006+00:00] Trial 186: step 10 / tmem_share_a_depth5: 0.112384 ms
[2026-09-14T06:24:26.011+00:00] Trial 186: step 10 / tmem_input_depth5: 0.113573 ms
[2026-09-14T06:24:26.017+00:00] Trial 187: step 10 / tmem_share_a_depth5: 0.112593 ms
[2026-09-14T06:24:26.022+00:00] Trial 187: step 10 / tmem_share_a_depth6: 0.112812 ms
[2026-09-14T06:24:26.026+00:00] Trial 187: step 10 / baseline: 0.113597 ms
[2026-09-14T06:24:26.031+00:00] Trial 187: step 10 / tmem_input_depth5: 0.113854 ms
[2026-09-14T06:24:26.037+00:00] Trial 188: step 10 / tmem_share_a_depth5: 0.112275 ms
[2026-09-14T06:24:26.042+00:00] Trial 188: step 10 / tmem_input_depth5: 0.112935 ms
[2026-09-14T06:24:26.047+00:00] Trial 188: step 10 / baseline: 0.113539 ms
[2026-09-14T06:24:26.052+00:00] Trial 188: step 10 / tmem_share_a_depth6: 0.112858 ms
[2026-09-14T06:24:26.057+00:00] Trial 189: step 10 / baseline: 0.113266 ms
[2026-09-14T06:24:26.062+00:00] Trial 189: step 10 / tmem_input_depth5: 0.113410 ms
[2026-09-14T06:24:26.067+00:00] Trial 189: step 10 / tmem_share_a_depth5: 0.111804 ms
[2026-09-14T06:24:26.072+00:00] Trial 189: step 10 / tmem_share_a_depth6: 0.112290 ms
[2026-09-14T06:24:26.078+00:00] Trial 190: step 10 / baseline: 0.113395 ms
[2026-09-14T06:24:26.082+00:00] Trial 190: step 10 / tmem_share_a_depth6: 0.113077 ms
[2026-09-14T06:24:26.087+00:00] Trial 190: step 10 / tmem_share_a_depth5: 0.112530 ms
[2026-09-14T06:24:26.092+00:00] Trial 190: step 10 / tmem_input_depth5: 0.113389 ms
[2026-09-14T06:24:26.098+00:00] Trial 191: step 10 / tmem_share_a_depth5: 0.112180 ms
[2026-09-14T06:24:26.103+00:00] Trial 191: step 10 / tmem_share_a_depth6: 0.112415 ms
[2026-09-14T06:24:26.108+00:00] Trial 191: step 10 / baseline: 0.114898 ms
[2026-09-14T06:24:26.113+00:00] Trial 191: step 10 / tmem_input_depth5: 0.115124 ms
[2026-09-14T06:24:26.118+00:00] Trial 192: step 10 / tmem_share_a_depth5: 0.115095 ms
[2026-09-14T06:24:26.123+00:00] Trial 192: step 10 / tmem_input_depth5: 0.115322 ms
[2026-09-14T06:24:26.128+00:00] Trial 192: step 10 / baseline: 0.115242 ms
[2026-09-14T06:24:26.133+00:00] Trial 192: step 10 / tmem_share_a_depth6: 0.114835 ms
[2026-09-14T06:24:26.139+00:00] Trial 193: step 10 / baseline: 0.115139 ms
[2026-09-14T06:24:26.144+00:00] Trial 193: step 10 / tmem_input_depth5: 0.115406 ms
[2026-09-14T06:24:26.149+00:00] Trial 193: step 10 / tmem_share_a_depth5: 0.111844 ms
[2026-09-14T06:24:26.154+00:00] Trial 193: step 10 / tmem_share_a_depth6: 0.112629 ms
[2026-09-14T06:24:26.159+00:00] Trial 194: step 10 / baseline: 0.112796 ms
[2026-09-14T06:24:26.164+00:00] Trial 194: step 10 / tmem_share_a_depth6: 0.112429 ms
[2026-09-14T06:24:26.169+00:00] Trial 194: step 10 / tmem_share_a_depth5: 0.112509 ms
[2026-09-14T06:24:26.174+00:00] Trial 194: step 10 / tmem_input_depth5: 0.113714 ms
[2026-09-14T06:24:26.180+00:00] Trial 195: step 10 / tmem_share_a_depth5: 0.112222 ms
[2026-09-14T06:24:26.185+00:00] Trial 195: step 10 / tmem_share_a_depth6: 0.112010 ms
[2026-09-14T06:24:26.189+00:00] Trial 195: step 10 / baseline: 0.112806 ms
[2026-09-14T06:24:26.194+00:00] Trial 195: step 10 / tmem_input_depth5: 0.112887 ms
[2026-09-14T06:24:26.200+00:00] Trial 196: step 10 / tmem_share_a_depth5: 0.112130 ms
[2026-09-14T06:24:26.205+00:00] Trial 196: step 10 / tmem_input_depth5: 0.112775 ms
[2026-09-14T06:24:26.210+00:00] Trial 196: step 10 / baseline: 0.113033 ms
[2026-09-14T06:24:26.215+00:00] Trial 196: step 10 / tmem_share_a_depth6: 0.112586 ms
[2026-09-14T06:24:26.220+00:00] Trial 197: step 10 / baseline: 0.113642 ms
[2026-09-14T06:24:26.225+00:00] Trial 197: step 10 / tmem_input_depth5: 0.112858 ms
[2026-09-14T06:24:26.230+00:00] Trial 197: step 10 / tmem_share_a_depth5: 0.112050 ms
[2026-09-14T06:24:26.235+00:00] Trial 197: step 10 / tmem_share_a_depth6: 0.112122 ms
[2026-09-14T06:24:26.240+00:00] Trial 198: step 10 / baseline: 0.113218 ms
[2026-09-14T06:24:26.245+00:00] Trial 198: step 10 / tmem_share_a_depth6: 0.111968 ms
[2026-09-14T06:24:26.250+00:00] Trial 198: step 10 / tmem_share_a_depth5: 0.111984 ms
[2026-09-14T06:24:26.255+00:00] Trial 198: step 10 / tmem_input_depth5: 0.112535 ms
[2026-09-14T06:24:26.261+00:00] Trial 199: step 10 / tmem_share_a_depth5: 0.112156 ms
[2026-09-14T06:24:26.266+00:00] Trial 199: step 10 / tmem_share_a_depth6: 0.111988 ms
[2026-09-14T06:24:26.270+00:00] Trial 199: step 10 / baseline: 0.113159 ms
[2026-09-14T06:24:26.275+00:00] Trial 199: step 10 / tmem_input_depth5: 0.112670 ms
[2026-09-14T06:24:26.281+00:00] Trial 200: step 10 / tmem_share_a_depth5: 0.112272 ms
[2026-09-14T06:24:26.286+00:00] Trial 200: step 10 / tmem_input_depth5: 0.112653 ms
[2026-09-14T06:24:26.291+00:00] Trial 200: step 10 / baseline: 0.112970 ms
[2026-09-14T06:24:26.296+00:00] Trial 200: step 10 / tmem_share_a_depth6: 0.112413 ms
[2026-09-14T06:24:26.301+00:00] Trial 201: step 10 / baseline: 0.112132 ms
[2026-09-14T06:24:26.306+00:00] Trial 201: step 10 / tmem_input_depth5: 0.112645 ms
[2026-09-14T06:24:26.311+00:00] Trial 201: step 10 / tmem_share_a_depth5: 0.112284 ms
[2026-09-14T06:24:26.316+00:00] Trial 201: step 10 / tmem_share_a_depth6: 0.112186 ms
[2026-09-14T06:24:26.317+00:00] step variant         median_ms    min_ms    max_ms paired_speedup vs_cache control                   vs_control limit_ms status
[2026-09-14T06:24:26.317+00:00]   10 baseline         0.115186  0.094263  0.116563          1.000      n/a baseline                       1.000 0.139100 PASS
[2026-09-14T06:24:26.317+00:00]   10 tmem_input_depth5  0.115189  0.091894  0.116082          1.000      n/a baseline                       1.000 0.139100 PASS
[2026-09-14T06:24:26.317+00:00]   10 tmem_share_a_depth5  0.114803  0.091497  0.118487          1.004      n/a tmem_input_depth5              1.004 0.139100 PASS
[2026-09-14T06:24:26.317+00:00]   10 tmem_share_a_depth6  0.114445  0.091506  0.118365          1.004      n/a tmem_share_a_depth5            1.000 0.139100 PASS
[2026-09-14T06:24:26.317+00:00] Saved results_b300/step10_share_a_state.R2s1xX/step10/summary.csv; SLOW is a measured result, not a tool error.
