Code: 56301a2d2b2c915c7d2d249f575d570adafa1825; gemm_sha256=3dfec9f00bda86d46f1664ca17ffe7af5f6095e78884cdc54bec956990c7bcf7
GPU: NVIDIA B300 SXM6 AC; SMs: 148; {"kind":"cuda","tag":"","keys":["cuda","gpu"],"max_num_threads":1024,"thread_warp_size":32,"arch":"sm_103a"}
Separate builds; each experiment records its direct comparison control. Verify all outputs before interleaved CUDA-event timing.
Verified step 10 / baseline
Verified step 10 / mma_batch
Verified step 10 / mma_batch_no_unroll
Verified boundary Step 10 / mma_batch / (4096, 3072, 64) twice (untimed)
Verified boundary Step 10 / mma_batch / (4096, 3072, 256) twice (untimed)
Verified boundary Step 10 / mma_batch / (4096, 3072, 320) twice (untimed)
Verified boundary Step 10 / mma_batch_no_unroll / (4096, 3072, 64) twice (untimed)
Verified boundary Step 10 / mma_batch_no_unroll / (4096, 3072, 256) twice (untimed)
Verified boundary Step 10 / mma_batch_no_unroll / (4096, 3072, 320) twice (untimed)
Trial 1: step 10 / baseline: 0.139365 ms
Trial 1: step 10 / mma_batch: 0.138735 ms
Trial 1: step 10 / mma_batch_no_unroll: 0.138566 ms
Trial 2: step 10 / baseline: 0.138100 ms
Trial 2: step 10 / mma_batch_no_unroll: 0.136715 ms
Trial 2: step 10 / mma_batch: 0.136276 ms
Trial 3: step 10 / mma_batch_no_unroll: 0.137801 ms
Trial 3: step 10 / baseline: 0.138015 ms
Trial 3: step 10 / mma_batch: 0.137809 ms
Trial 4: step 10 / mma_batch_no_unroll: 0.138388 ms
Trial 4: step 10 / mma_batch: 0.137692 ms
Trial 4: step 10 / baseline: 0.138313 ms
Trial 5: step 10 / mma_batch: 0.138410 ms
Trial 5: step 10 / mma_batch_no_unroll: 0.138135 ms
Trial 5: step 10 / baseline: 0.137785 ms
step variant         median_ms    min_ms    max_ms paired_speedup vs_cache control                   vs_control limit_ms status
  10 baseline         0.138100  0.137785  0.139365          1.000      n/a baseline                       1.000 0.139100 PASS
  10 mma_batch        0.137809  0.136276  0.138735          1.005      n/a baseline                       1.005 0.139100 PASS
  10 mma_batch_no_unroll  0.138135  0.136715  0.138566          1.002      n/a mma_batch                      1.000 0.139100 PASS
Saved results_b300/step10_mma_batch.13Q2qL/step10/summary.csv; SLOW is a measured result, not a tool error.
