Code: 633497ffbdf74d9e801ca4d5f07616cbc2827792; gemm_sha256=5515a04dfc3018bff2fe06e7f1f00681db4ee4ce8b376f4098f2348d85989b6c
GPU: NVIDIA B300 SXM6 AC; SMs: 148; {"kind":"cuda","tag":"","keys":["cuda","gpu"],"max_num_threads":1024,"thread_warp_size":32,"arch":"sm_103a"}
Separate builds; each experiment records its direct comparison control. Verify all outputs before interleaved CUDA-event timing.
Verified step 10 / baseline
Verified step 10 / tmem_input_depth5
Verified boundary Step 10 / tmem_input_depth5 / (4096, 3072, 64) twice (untimed)
Verified boundary Step 10 / tmem_input_depth5 / (4096, 3072, 128) twice (untimed)
Verified boundary Step 10 / tmem_input_depth5 / (4096, 3072, 192) twice (untimed)
Verified boundary Step 10 / tmem_input_depth5 / (4096, 3072, 256) twice (untimed)
Verified boundary Step 10 / tmem_input_depth5 / (4096, 3072, 320) twice (untimed)
Verified boundary Step 10 / tmem_input_depth5 / (4096, 3072, 384) twice (untimed)
Trial 1: step 10 / baseline: 0.139831 ms
Trial 1: step 10 / tmem_input_depth5: 0.139429 ms
Trial 2: step 10 / baseline: 0.139428 ms
Trial 2: step 10 / tmem_input_depth5: 0.139207 ms
Trial 3: step 10 / baseline: 0.139993 ms
Trial 3: step 10 / tmem_input_depth5: 0.136490 ms
Trial 4: step 10 / baseline: 0.136774 ms
Trial 4: step 10 / tmem_input_depth5: 0.136638 ms
Trial 5: step 10 / baseline: 0.139482 ms
Trial 5: step 10 / tmem_input_depth5: 0.139167 ms
Trial 6: step 10 / baseline: 0.139286 ms
Trial 6: step 10 / tmem_input_depth5: 0.138211 ms
Trial 7: step 10 / baseline: 0.139239 ms
Trial 7: step 10 / tmem_input_depth5: 0.138745 ms
step variant         median_ms    min_ms    max_ms paired_speedup vs_cache control                   vs_control limit_ms status
  10 baseline         0.139428  0.136774  0.139993          1.000      n/a baseline                       1.000 0.139100 SLOW
  10 tmem_input_depth5  0.138745  0.136490  0.139429          1.003      n/a baseline                       1.003 0.139100 PASS
Saved results_b300/step10_depth5_recheck.sMMqkr/step10/summary.csv; SLOW is a measured result, not a tool error.
