Code: 0c89ba5ea77826545a453a0466b1c60642e9c31d; gemm_sha256=5515a04dfc3018bff2fe06e7f1f00681db4ee4ce8b376f4098f2348d85989b6c
GPU: NVIDIA B300 SXM6 AC; SMs: 148; {"kind":"cuda","tag":"","keys":["cuda","gpu"],"max_num_threads":1024,"thread_warp_size":32,"arch":"sm_103a"}
Separate builds; each experiment records its direct comparison control. Verify all outputs before interleaved CUDA-event timing.
Verified step 9 / baseline
Verified step 9 / cluster_cache_tmem_base
Verified boundary Step 9 / cluster_cache_tmem_base / (256, 256, 64) twice (untimed)
Verified boundary Step 9 / cluster_cache_tmem_base / (4096, 3072, 64) twice (untimed)
Verified boundary Step 9 / cluster_cache_tmem_base / (4096, 3072, 192) twice (untimed)
Verified boundary Step 9 / cluster_cache_tmem_base / (4096, 3072, 256) twice (untimed)
Verified boundary Step 9 / cluster_cache_tmem_base / (4096, 3072, 320) twice (untimed)
Verified boundary Step 9 / cluster_cache_tmem_base / (2304, 2304, 320) twice (untimed)
Trial 1: step 9 / baseline: 0.907814 ms
Trial 1: step 9 / cluster_cache_tmem_base: 0.886740 ms
Trial 2: step 9 / baseline: 0.906103 ms
Trial 2: step 9 / cluster_cache_tmem_base: 0.888224 ms
Trial 3: step 9 / baseline: 0.906683 ms
Trial 3: step 9 / cluster_cache_tmem_base: 0.887711 ms
Trial 4: step 9 / baseline: 0.912556 ms
Trial 4: step 9 / cluster_cache_tmem_base: 0.894849 ms
Trial 5: step 9 / baseline: 0.911645 ms
Trial 5: step 9 / cluster_cache_tmem_base: 0.894755 ms
Trial 6: step 9 / baseline: 0.912917 ms
Trial 6: step 9 / cluster_cache_tmem_base: 0.893722 ms
Trial 7: step 9 / baseline: 0.912047 ms
Trial 7: step 9 / cluster_cache_tmem_base: 0.895492 ms
step variant         median_ms    min_ms    max_ms paired_speedup vs_cache control                   vs_control limit_ms status
   9 baseline         0.911645  0.906103  0.912917          1.000      n/a baseline                       1.000 1.024400 PASS
   9 cluster_cache_tmem_base  0.893722  0.886740  0.895492          1.020      n/a baseline                       1.020 1.024400 PASS
Saved results_b300/step9_cache.1WDeei/step9_8192/summary.csv; SLOW is a measured result, not a tool error.
