/usr/local/cuda/include/cuda_fp8.hpp(1461): warning #1444-D: class "double4" was declared deprecated ("use double4_16a or double4_32a")
      explicit __CUDA_HOSTDEVICE_FP8__ __nv_fp8x4_e5m2(const double4 f) {
                                       ^

Remark: The warnings can be suppressed with "-diag-suppress <warning-number>"

/usr/local/cuda/include/cuda_fp8.hpp(2090): warning #1444-D: class "double4" was declared deprecated ("use double4_16a or double4_32a")
      explicit __CUDA_HOSTDEVICE_FP8__ __nv_fp8x4_e4m3(const double4 f) {
                                       ^

/usr/local/cuda/include/cuda_fp8.hpp(2739): warning #1444-D: class "double4" was declared deprecated ("use double4_16a or double4_32a")
      explicit __CUDA_HOSTDEVICE_FP8__ __nv_fp8x4_e8m0(const double4 f) {
                                       ^

/usr/local/cuda/include/cuda_fp6.hpp(953): warning #1444-D: class "double4" was declared deprecated ("use double4_16a or double4_32a")
      explicit __CUDA_HOSTDEVICE_FP6__ __nv_fp6x4_e3m2(const double4 f) {
                                       ^

/usr/local/cuda/include/cuda_fp6.hpp(1535): warning #1444-D: class "double4" was declared deprecated ("use double4_16a or double4_32a")
      explicit __CUDA_HOSTDEVICE_FP6__ __nv_fp6x4_e2m3(const double4 f) {
                                       ^

/usr/local/cuda/include/cuda_fp4.hpp(908): warning #1444-D: class "double4" was declared deprecated ("use double4_16a or double4_32a")
      explicit __CUDA_HOSTDEVICE_FP4__ __nv_fp4x4_e2m1(const double4 f) {
                                       ^

tvm_kernels.cu(549): warning #177-D: variable "cse_v6" was declared but never referenced
              int cse_v6 = (k * 64);
                  ^

tvm_kernels.cu(567): warning #177-D: variable "cse_v8" was declared but never referenced
            int cse_v8 = (rem_1 & 3);
                ^

tvm_kernels.cu(568): warning #177-D: variable "tile_row_1" was declared but never referenced
            int tile_row_1 = (rem_1 & 3);
                ^

tvm_kernels.cu(569): warning #177-D: variable "cse_v9" was declared but never referenced
            int cse_v9 = (rem_1 >> 2);
                ^

tvm_kernels.cu(570): warning #177-D: variable "tile_col_1" was declared but never referenced
            int tile_col_1 = (rem_1 >> 2);
                ^

tvm_kernels.cu(587): warning #177-D: variable "cse_v27" was declared but never referenced
                  int cse_v27 = ((warp_id_in_cta & 3) * 1024);
                      ^

tvm_kernels.cu(588): warning #177-D: variable "cse_v30" was declared but never referenced
                  uint cse_v30 = ((uint)((warp_id_in_cta & 3) * 256));
                       ^

tvm_kernels.cu(604): warning #177-D: variable "cse_v10" was declared but never referenced
                int cse_v10 = (rem_2 & 3);
                    ^

tvm_kernels.cu(605): warning #177-D: variable "tile_row_2" was declared but never referenced
                int tile_row_2 = (rem_2 & 3);
                    ^

tvm_kernels.cu(606): warning #177-D: variable "cse_v11" was declared but never referenced
                int cse_v11 = (rem_2 >> 2);
                    ^

tvm_kernels.cu(607): warning #177-D: variable "tile_col_2" was declared but never referenced
                int tile_col_2 = (rem_2 >> 2);
                    ^

tvm_kernels.cu(629): warning #550-D: variable "dst_lane_indices_0_0_ptr" was set but never used
            alignas(64) int dst_lane_indices_0_0_ptr[1];
                            ^

tvm_kernels.cu(630): warning #177-D: variable "cse_v12" was declared but never referenced
            int cse_v12 = (f * 2);
                ^

tvm_kernels.cu(632): warning #550-D: variable "dst_lane_indices_1_0_ptr" was set but never used
            alignas(64) int dst_lane_indices_1_0_ptr[1];
                            ^

tvm_kernels.cu(639): warning #550-D: variable "dst_lane_indices_0_0_ptr_1" was set but never used
            alignas(64) int dst_lane_indices_0_0_ptr_1[1];
                            ^

tvm_kernels.cu(640): warning #177-D: variable "cse_v13" was declared but never referenced
            int cse_v13 = (f_1 * 2);
                ^

tvm_kernels.cu(642): warning #550-D: variable "dst_lane_indices_1_0_ptr_1" was set but never used
            alignas(64) int dst_lane_indices_1_0_ptr_1[1];
                            ^

tvm_kernels.cu(649): warning #550-D: variable "dst_lane_indices_0_0_ptr_2" was set but never used
            alignas(64) int dst_lane_indices_0_0_ptr_2[1];
                            ^

tvm_kernels.cu(650): warning #177-D: variable "cse_v14" was declared but never referenced
            int cse_v14 = (f_2 * 2);
                ^

tvm_kernels.cu(652): warning #550-D: variable "dst_lane_indices_1_0_ptr_2" was set but never used
            alignas(64) int dst_lane_indices_1_0_ptr_2[1];
                            ^

tvm_kernels.cu(659): warning #550-D: variable "dst_lane_indices_0_0_ptr_3" was set but never used
            alignas(64) int dst_lane_indices_0_0_ptr_3[1];
                            ^

tvm_kernels.cu(660): warning #177-D: variable "cse_v15" was declared but never referenced
            int cse_v15 = (f_3 * 2);
                ^

tvm_kernels.cu(662): warning #550-D: variable "dst_lane_indices_1_0_ptr_3" was set but never used
            alignas(64) int dst_lane_indices_1_0_ptr_3[1];
                            ^

tvm_kernels.cu(669): warning #550-D: variable "dst_lane_indices_0_0_ptr_4" was set but never used
            alignas(64) int dst_lane_indices_0_0_ptr_4[1];
                            ^

tvm_kernels.cu(670): warning #177-D: variable "cse_v16" was declared but never referenced
            int cse_v16 = (f_4 * 2);
                ^

tvm_kernels.cu(672): warning #550-D: variable "dst_lane_indices_1_0_ptr_4" was set but never used
            alignas(64) int dst_lane_indices_1_0_ptr_4[1];
                            ^

tvm_kernels.cu(679): warning #550-D: variable "dst_lane_indices_0_0_ptr_5" was set but never used
            alignas(64) int dst_lane_indices_0_0_ptr_5[1];
                            ^

tvm_kernels.cu(680): warning #177-D: variable "cse_v17" was declared but never referenced
            int cse_v17 = (f_5 * 2);
                ^

tvm_kernels.cu(682): warning #550-D: variable "dst_lane_indices_1_0_ptr_5" was set but never used
            alignas(64) int dst_lane_indices_1_0_ptr_5[1];
                            ^

tvm_kernels.cu(689): warning #550-D: variable "dst_lane_indices_0_0_ptr_6" was set but never used
            alignas(64) int dst_lane_indices_0_0_ptr_6[1];
                            ^

tvm_kernels.cu(690): warning #177-D: variable "cse_v18" was declared but never referenced
            int cse_v18 = (f_6 * 2);
                ^

tvm_kernels.cu(692): warning #550-D: variable "dst_lane_indices_1_0_ptr_6" was set but never used
            alignas(64) int dst_lane_indices_1_0_ptr_6[1];
                            ^

tvm_kernels.cu(699): warning #550-D: variable "dst_lane_indices_0_0_ptr_7" was set but never used
            alignas(64) int dst_lane_indices_0_0_ptr_7[1];
                            ^

tvm_kernels.cu(700): warning #177-D: variable "cse_v19" was declared but never referenced
            int cse_v19 = (f_7 * 2);
                ^

tvm_kernels.cu(702): warning #550-D: variable "dst_lane_indices_1_0_ptr_7" was set but never used
            alignas(64) int dst_lane_indices_1_0_ptr_7[1];
                            ^

tvm_kernels.cu(718): warning #550-D: variable "ds_ptr" was set but never used
            alignas(64) int ds_ptr[1];
                            ^

tvm_kernels.cu(719): warning #177-D: variable "cse_v20" was declared but never referenced
            int cse_v20 = (f_8 * 8);
                ^

tvm_kernels.cu(746): warning #550-D: variable "ds_ptr_1" was set but never used
            alignas(64) int ds_ptr_1[1];
                            ^

tvm_kernels.cu(747): warning #177-D: variable "cse_v21" was declared but never referenced
            int cse_v21 = (f_9 * 8);
                ^

tvm_kernels.cu(772): warning #550-D: variable "ds_ptr_2" was set but never used
            alignas(64) int ds_ptr_2[1];
                            ^

tvm_kernels.cu(773): warning #177-D: variable "cse_v22" was declared but never referenced
            int cse_v22 = (f_10 * 8);
                ^

tvm_kernels.cu(798): warning #550-D: variable "ds_ptr_3" was set but never used
            alignas(64) int ds_ptr_3[1];
                            ^

tvm_kernels.cu(799): warning #177-D: variable "cse_v23" was declared but never referenced
            int cse_v23 = (f_11 * 8);
                ^

tvm_kernels.cu(625): warning #177-D: variable "cse_v28" was declared but never referenced
          int cse_v28 = ((warp_id_in_cta >> 2) * 256);
              ^

tvm_kernels.cu(711): warning #177-D: variable "cse_v31" was declared but never referenced
          int cse_v31 = ((warp_id_in_cta * 2048) + ((((int)threadIdx.x) & 31) * 64));
              ^

tvm_kernels.cu(728): warning #177-D: variable "cse_v29" was declared but never referenced
          int cse_v29 = ((warp_id_in_cta >> 2) + 10);
              ^

tvm_kernels.cu(730): warning #177-D: variable "cse_v32" was declared but never referenced
          int cse_v32 = (((warp_id_in_cta >> 2) * 8192) + 98816);
              ^

tvm_kernels.cu(820): warning #177-D: variable "cse_v24" was declared but never referenced
          int cse_v24 = (rem_3 & 3);
              ^

tvm_kernels.cu(821): warning #177-D: variable "tile_row_3" was declared but never referenced
          int tile_row_3 = (rem_3 & 3);
              ^

tvm_kernels.cu(822): warning #177-D: variable "cse_v25" was declared but never referenced
          int cse_v25 = (rem_3 >> 2);
              ^

tvm_kernels.cu(823): warning #177-D: variable "tile_col_3" was declared but never referenced
          int tile_col_3 = (rem_3 >> 2);
              ^

tvm_kernels.cu(465): warning #177-D: variable "bx" was declared but never referenced
    int bx = ((int)blockIdx.x);
        ^

tvm_kernels.cu(467): warning #177-D: variable "cby" was declared but never referenced
    int cby = 0;
        ^

tvm_kernels.cu(468): warning #177-D: variable "cse_v1" was declared but never referenced
    int cse_v1 = (warp_id_in_cta >> 2);
        ^

tvm_kernels.cu(469): warning #177-D: variable "wg_id" was declared but never referenced
    int wg_id = (warp_id_in_cta >> 2);
        ^

tvm_kernels.cu(470): warning #177-D: variable "cse_v2" was declared but never referenced
    int cse_v2 = (warp_id_in_cta & 3);
        ^

tvm_kernels.cu(471): warning #177-D: variable "warp_id" was declared but never referenced
    int warp_id = (warp_id_in_cta & 3);
        ^

tvm_kernels.cu(472): warning #177-D: variable "cse_v3" was declared but never referenced
    int cse_v3 = (((int)threadIdx.x) & 31);
        ^

tvm_kernels.cu(473): warning #177-D: variable "lane_id" was declared but never referenced
    int lane_id = (((int)threadIdx.x) & 31);
        ^

tvm_kernels.cu(508): warning #177-D: variable "tmem" was declared but never referenced
    float* tmem = ((float*)((float*)((uint*)pool_buf_ptr)[0]));
           ^

tvm_kernels.cu(513): warning #177-D: variable "cse_v4" was declared but never referenced
    int cse_v4 = (((int)blockIdx.x) >> 1);
        ^

tvm_kernels.cu(516): warning #177-D: variable "rem" was declared but never referenced
    int rem = (((int)blockIdx.x) >> 1);
        ^

tvm_kernels.cu(517): warning #177-D: variable "cse_v26" was declared but never referenced
    int cse_v26 = ((((int)blockIdx.x) & 7) >> 1);
        ^

tvm_kernels.cu(518): warning #177-D: variable "tile_row" was declared but never referenced
    int tile_row = ((((int)blockIdx.x) & 7) >> 1);
        ^

tvm_kernels.cu(519): warning #177-D: variable "cse_v5" was declared but never referenced
    int cse_v5 = (((int)blockIdx.x) >> 3);
        ^

tvm_kernels.cu(520): warning #177-D: variable "tile_col" was declared but never referenced
    int tile_col = (((int)blockIdx.x) >> 3);
        ^

tvm_kernels.cu(528): warning #550-D: variable "ld_phase_stage_ptr" was set but never used
    alignas(64) int ld_phase_stage_ptr[1];
                    ^

tvm_kernels.cu(530): warning #550-D: variable "wb_phase_stage_ptr" was set but never used
    alignas(64) int wb_phase_stage_ptr[1];
                    ^

tvm_kernels.cu(85): warning #177-D: function "__pack_half2" was declared but never referenced
  __pack_half2(const half x, const half y) {
  ^

tvm_kernels.cu(111): warning #177-D: function "hpow" was declared but never referenced
  CUDA_UNSUPPORTED_HALF_MATH_BINARY(hpow, powf)
  ^

tvm_kernels.cu(115): warning #177-D: function "htan" was declared but never referenced
  CUDA_UNSUPPORTED_HALF_MATH_UNARY(htan, tanf)
  ^

tvm_kernels.cu(116): warning #177-D: function "hatan" was declared but never referenced
  CUDA_UNSUPPORTED_HALF_MATH_UNARY(hatan, atanf)
  ^

tvm_kernels.cu(117): warning #177-D: function "herf" was declared but never referenced
  CUDA_UNSUPPORTED_HALF_MATH_UNARY(herf, erf)
  ^

