Code: a6e820dae4b0fbb1835f3a838c52708a3c8682d4; gemm_sha256=2d2a0df6c80ecc809ece3f509d00ea65d6cb3a7af079e4c6fe9b6481143d4ba1
GPU: NVIDIA B300 SXM6 AC; SMs: 148; {"kind":"cuda","tag":"","keys":["cuda","gpu"],"max_num_threads":1024,"thread_warp_size":32,"arch":"sm_103a"}
Separate builds; each experiment records its direct comparison control. Verify all outputs before interleaved CUDA-event timing.
Verified step 10 / baseline
Verified step 10 / epilogue_depth3
Verified step 10 / epilogue_double_buffer
Verified boundary Step 10 / epilogue_depth3 / (4096, 3072, 64) twice (untimed)
Verified boundary Step 10 / epilogue_depth3 / (4096, 3072, 192) twice (untimed)
Verified boundary Step 10 / epilogue_depth3 / (4096, 3072, 320) twice (untimed)
Verified boundary Step 10 / epilogue_double_buffer / (4096, 3072, 64) twice (untimed)
Verified boundary Step 10 / epilogue_double_buffer / (4096, 3072, 192) twice (untimed)
Verified boundary Step 10 / epilogue_double_buffer / (4096, 3072, 320) twice (untimed)
Trial 1: step 10 / baseline: 0.139139 ms
Trial 1: step 10 / epilogue_depth3: 0.138160 ms
Trial 1: step 10 / epilogue_double_buffer: 0.140256 ms
Trial 2: step 10 / baseline: 0.139356 ms
Trial 2: step 10 / epilogue_double_buffer: 0.138775 ms
Trial 2: step 10 / epilogue_depth3: 0.136479 ms
Trial 3: step 10 / epilogue_double_buffer: 0.138460 ms
Trial 3: step 10 / baseline: 0.138462 ms
Trial 3: step 10 / epilogue_depth3: 0.138366 ms
Trial 4: step 10 / epilogue_double_buffer: 0.139758 ms
Trial 4: step 10 / epilogue_depth3: 0.138671 ms
Trial 4: step 10 / baseline: 0.138102 ms
Trial 5: step 10 / epilogue_depth3: 0.138224 ms
Trial 5: step 10 / epilogue_double_buffer: 0.139356 ms
Trial 5: step 10 / baseline: 0.138080 ms
step variant         median_ms    min_ms    max_ms paired_speedup vs_cache control                   vs_control limit_ms status
  10 baseline         0.138462  0.138080  0.139356          1.000      n/a baseline                       1.000 0.139100 PASS
  10 epilogue_depth3  0.138224  0.136479  0.138671          1.001      n/a baseline                       1.001 0.139100 PASS
  10 epilogue_double_buffer  0.139356  0.138460  0.140256          0.992      n/a epilogue_depth3                0.992 0.139100 SLOW
Saved results_b300/step10_epilogue.Y2EFaW/step10/summary.csv; SLOW is a measured result, not a tool error.
