Code: f392bf177ffbcd480b1b34ff5f0d4596148b20fd; gemm_sha256=727a44403b6c1ea0a0499c8212e5796d0fa2b31944929e9ecd50d60be4b961f2
GPU: NVIDIA B300 SXM6 AC; SMs: 148; {"kind":"cuda","tag":"","keys":["cuda","gpu"],"max_num_threads":1024,"thread_warp_size":32,"arch":"sm_103a"}
Separate builds; each experiment records its direct comparison control. Verify all outputs before interleaved CUDA-event timing.
Verified step 10 / baseline
Verified step 10 / tmem_split_ready
Verified boundary Step 10 / tmem_split_ready / (4096, 3072, 64) twice (untimed)
Verified boundary Step 10 / tmem_split_ready / (4096, 3072, 128) twice (untimed)
Verified boundary Step 10 / tmem_split_ready / (4096, 3072, 192) twice (untimed)
Verified boundary Step 10 / tmem_split_ready / (4096, 3072, 256) twice (untimed)
Verified boundary Step 10 / tmem_split_ready / (4096, 3072, 320) twice (untimed)
Verified boundary Step 10 / tmem_split_ready / (4096, 3072, 384) twice (untimed)
Verified boundary Step 10 / tmem_split_ready / (4608, 2560, 320) twice (untimed)
Verified boundary Step 10 / tmem_split_ready / (512, 9728, 192) twice (untimed)
Trial 1: step 10 / baseline: 0.139297 ms
Trial 1: step 10 / tmem_split_ready: 0.138948 ms
Trial 2: step 10 / tmem_split_ready: 0.139199 ms
Trial 2: step 10 / baseline: 0.138739 ms
Trial 3: step 10 / baseline: 0.139067 ms
Trial 3: step 10 / tmem_split_ready: 0.139074 ms
Trial 4: step 10 / tmem_split_ready: 0.138730 ms
Trial 4: step 10 / baseline: 0.138837 ms
Trial 5: step 10 / baseline: 0.138969 ms
Trial 5: step 10 / tmem_split_ready: 0.138997 ms
Trial 6: step 10 / tmem_split_ready: 0.138857 ms
Trial 6: step 10 / baseline: 0.138885 ms
Trial 7: step 10 / baseline: 0.139206 ms
Trial 7: step 10 / tmem_split_ready: 0.138465 ms
Trial 8: step 10 / tmem_split_ready: 0.139165 ms
Trial 8: step 10 / baseline: 0.139427 ms
step variant         median_ms    min_ms    max_ms paired_speedup vs_cache control                   vs_control limit_ms status
  10 baseline         0.139018  0.138739  0.139427          1.000      n/a baseline                       1.000 0.139100 PASS
  10 tmem_split_ready  0.138973  0.138465  0.139199          1.000      n/a baseline                       1.000 0.139100 PASS
Saved results_b300/step10_ready.FAnkEQ/step10_4096/summary.csv; SLOW is a measured result, not a tool error.
